Archive member included to satisfy reference by file (symbol)

c:/st/stm32cubeide_1.4.0/stm32cubeide/plugins/com.st.stm32cube.ide.mcu.externaltools.gnu-tools-for-stm32.7-2018-q2-update.win32_1.4.0.202007081208/tools/bin/../lib/gcc/arm-none-eabi/7.3.1/../../../../arm-none-eabi/lib/thumb/v7-m\libc_nano.a(lib_a-errno.o)
                              Src/syscalls.o (__errno)
c:/st/stm32cubeide_1.4.0/stm32cubeide/plugins/com.st.stm32cube.ide.mcu.externaltools.gnu-tools-for-stm32.7-2018-q2-update.win32_1.4.0.202007081208/tools/bin/../lib/gcc/arm-none-eabi/7.3.1/../../../../arm-none-eabi/lib/thumb/v7-m\libc_nano.a(lib_a-exit.o)
                              c:/st/stm32cubeide_1.4.0/stm32cubeide/plugins/com.st.stm32cube.ide.mcu.externaltools.gnu-tools-for-stm32.7-2018-q2-update.win32_1.4.0.202007081208/tools/bin/../lib/gcc/arm-none-eabi/7.3.1/../../../../arm-none-eabi/lib/thumb/v7-m/crt0.o (exit)
c:/st/stm32cubeide_1.4.0/stm32cubeide/plugins/com.st.stm32cube.ide.mcu.externaltools.gnu-tools-for-stm32.7-2018-q2-update.win32_1.4.0.202007081208/tools/bin/../lib/gcc/arm-none-eabi/7.3.1/../../../../arm-none-eabi/lib/thumb/v7-m\libc_nano.a(lib_a-impure.o)
                              c:/st/stm32cubeide_1.4.0/stm32cubeide/plugins/com.st.stm32cube.ide.mcu.externaltools.gnu-tools-for-stm32.7-2018-q2-update.win32_1.4.0.202007081208/tools/bin/../lib/gcc/arm-none-eabi/7.3.1/../../../../arm-none-eabi/lib/thumb/v7-m\libc_nano.a(lib_a-exit.o) (_global_impure_ptr)
c:/st/stm32cubeide_1.4.0/stm32cubeide/plugins/com.st.stm32cube.ide.mcu.externaltools.gnu-tools-for-stm32.7-2018-q2-update.win32_1.4.0.202007081208/tools/bin/../lib/gcc/arm-none-eabi/7.3.1/../../../../arm-none-eabi/lib/thumb/v7-m\libc_nano.a(lib_a-init.o)
                              c:/st/stm32cubeide_1.4.0/stm32cubeide/plugins/com.st.stm32cube.ide.mcu.externaltools.gnu-tools-for-stm32.7-2018-q2-update.win32_1.4.0.202007081208/tools/bin/../lib/gcc/arm-none-eabi/7.3.1/../../../../arm-none-eabi/lib/thumb/v7-m/crt0.o (__libc_init_array)
c:/st/stm32cubeide_1.4.0/stm32cubeide/plugins/com.st.stm32cube.ide.mcu.externaltools.gnu-tools-for-stm32.7-2018-q2-update.win32_1.4.0.202007081208/tools/bin/../lib/gcc/arm-none-eabi/7.3.1/../../../../arm-none-eabi/lib/thumb/v7-m\libc_nano.a(lib_a-memset.o)
                              c:/st/stm32cubeide_1.4.0/stm32cubeide/plugins/com.st.stm32cube.ide.mcu.externaltools.gnu-tools-for-stm32.7-2018-q2-update.win32_1.4.0.202007081208/tools/bin/../lib/gcc/arm-none-eabi/7.3.1/../../../../arm-none-eabi/lib/thumb/v7-m/crt0.o (memset)
c:/st/stm32cubeide_1.4.0/stm32cubeide/plugins/com.st.stm32cube.ide.mcu.externaltools.gnu-tools-for-stm32.7-2018-q2-update.win32_1.4.0.202007081208/tools/bin/../lib/gcc/arm-none-eabi/7.3.1/../../../../arm-none-eabi/lib/thumb/v7-m\libc_nano.a(lib_a-sprintf.o)
                              Src/GVRET.o (sprintf)
c:/st/stm32cubeide_1.4.0/stm32cubeide/plugins/com.st.stm32cube.ide.mcu.externaltools.gnu-tools-for-stm32.7-2018-q2-update.win32_1.4.0.202007081208/tools/bin/../lib/gcc/arm-none-eabi/7.3.1/../../../../arm-none-eabi/lib/thumb/v7-m\libc_nano.a(lib_a-strlen.o)
                              Src/GVRET.o (strlen)
c:/st/stm32cubeide_1.4.0/stm32cubeide/plugins/com.st.stm32cube.ide.mcu.externaltools.gnu-tools-for-stm32.7-2018-q2-update.win32_1.4.0.202007081208/tools/bin/../lib/gcc/arm-none-eabi/7.3.1/../../../../arm-none-eabi/lib/thumb/v7-m\libc_nano.a(lib_a-nano-svfprintf.o)
                              c:/st/stm32cubeide_1.4.0/stm32cubeide/plugins/com.st.stm32cube.ide.mcu.externaltools.gnu-tools-for-stm32.7-2018-q2-update.win32_1.4.0.202007081208/tools/bin/../lib/gcc/arm-none-eabi/7.3.1/../../../../arm-none-eabi/lib/thumb/v7-m\libc_nano.a(lib_a-sprintf.o) (_svfprintf_r)
c:/st/stm32cubeide_1.4.0/stm32cubeide/plugins/com.st.stm32cube.ide.mcu.externaltools.gnu-tools-for-stm32.7-2018-q2-update.win32_1.4.0.202007081208/tools/bin/../lib/gcc/arm-none-eabi/7.3.1/../../../../arm-none-eabi/lib/thumb/v7-m\libc_nano.a(lib_a-nano-vfprintf_i.o)
                              c:/st/stm32cubeide_1.4.0/stm32cubeide/plugins/com.st.stm32cube.ide.mcu.externaltools.gnu-tools-for-stm32.7-2018-q2-update.win32_1.4.0.202007081208/tools/bin/../lib/gcc/arm-none-eabi/7.3.1/../../../../arm-none-eabi/lib/thumb/v7-m\libc_nano.a(lib_a-nano-svfprintf.o) (_printf_i)
c:/st/stm32cubeide_1.4.0/stm32cubeide/plugins/com.st.stm32cube.ide.mcu.externaltools.gnu-tools-for-stm32.7-2018-q2-update.win32_1.4.0.202007081208/tools/bin/../lib/gcc/arm-none-eabi/7.3.1/../../../../arm-none-eabi/lib/thumb/v7-m\libc_nano.a(lib_a-memchr-stub.o)
                              c:/st/stm32cubeide_1.4.0/stm32cubeide/plugins/com.st.stm32cube.ide.mcu.externaltools.gnu-tools-for-stm32.7-2018-q2-update.win32_1.4.0.202007081208/tools/bin/../lib/gcc/arm-none-eabi/7.3.1/../../../../arm-none-eabi/lib/thumb/v7-m\libc_nano.a(lib_a-nano-svfprintf.o) (memchr)
[...]
Memory Configuration

Name             Origin             Length             Attributes
RAM              0x0000000020000000 0x0000000000005000 xrw
FLASH            0x0000000008000000 0x0000000000010000 xr
*default*        0x0000000000000000 0xffffffffffffffff

Linker script and memory map

LOAD c:/st/stm32cubeide_1.4.0/stm32cubeide/plugins/com.st.stm32cube.ide.mcu.externaltools.gnu-tools-for-stm32.7-2018-q2-update.win32_1.4.0.202007081208/tools/bin/../lib/gcc/arm-none-eabi/7.3.1/thumb/v7-m/crti.o
LOAD c:/st/stm32cubeide_1.4.0/stm32cubeide/plugins/com.st.stm32cube.ide.mcu.externaltools.gnu-tools-for-stm32.7-2018-q2-update.win32_1.4.0.202007081208/tools/bin/../lib/gcc/arm-none-eabi/7.3.1/thumb/v7-m/crtbegin.o
LOAD c:/st/stm32cubeide_1.4.0/stm32cubeide/plugins/com.st.stm32cube.ide.mcu.externaltools.gnu-tools-for-stm32.7-2018-q2-update.win32_1.4.0.202007081208/tools/bin/../lib/gcc/arm-none-eabi/7.3.1/../../../../arm-none-eabi/lib/thumb/v7-m/crt0.o
LOAD Drivers/STM32F1xx_HAL_Driver/Src/stm32f1xx_hal.o
LOAD Drivers/STM32F1xx_HAL_Driver/Src/stm32f1xx_hal_can.o
LOAD Drivers/STM32F1xx_HAL_Driver/Src/stm32f1xx_hal_cortex.o
LOAD Drivers/STM32F1xx_HAL_Driver/Src/stm32f1xx_hal_dma.o
LOAD Drivers/STM32F1xx_HAL_Driver/Src/stm32f1xx_hal_exti.o
LOAD Drivers/STM32F1xx_HAL_Driver/Src/stm32f1xx_hal_flash.o
LOAD Drivers/STM32F1xx_HAL_Driver/Src/stm32f1xx_hal_flash_ex.o
LOAD Drivers/STM32F1xx_HAL_Driver/Src/stm32f1xx_hal_gpio.o
LOAD Drivers/STM32F1xx_HAL_Driver/Src/stm32f1xx_hal_gpio_ex.o
LOAD Drivers/STM32F1xx_HAL_Driver/Src/stm32f1xx_hal_pwr.o
LOAD Drivers/STM32F1xx_HAL_Driver/Src/stm32f1xx_hal_rcc.o
LOAD Drivers/STM32F1xx_HAL_Driver/Src/stm32f1xx_hal_rcc_ex.o
LOAD Drivers/STM32F1xx_HAL_Driver/Src/stm32f1xx_hal_rtc.o
LOAD Drivers/STM32F1xx_HAL_Driver/Src/stm32f1xx_hal_rtc_ex.o
LOAD Drivers/STM32F1xx_HAL_Driver/Src/stm32f1xx_hal_spi.o
LOAD Drivers/STM32F1xx_HAL_Driver/Src/stm32f1xx_hal_tim.o
LOAD Drivers/STM32F1xx_HAL_Driver/Src/stm32f1xx_hal_tim_ex.o
LOAD Drivers/STM32F1xx_HAL_Driver/Src/stm32f1xx_hal_uart.o
LOAD Middlewares/Third_Party/FatFs/src/diskio.o
LOAD Middlewares/Third_Party/FatFs/src/ff.o
LOAD Middlewares/Third_Party/FatFs/src/ff_gen_drv.o
LOAD Middlewares/Third_Party/FatFs/src/option/syscall.o
LOAD Src/GVRET.o
LOAD Src/LIN.o
LOAD Src/button.o
LOAD Src/can.o
LOAD Src/dma.o
LOAD Src/eeprom.o
LOAD Src/fatfs.o
LOAD Src/fatfs_sd.o
LOAD Src/gpio.o
LOAD Src/help.o
LOAD Src/main.o
LOAD Src/rtc.o
LOAD Src/spi.o
LOAD Src/stm32f1xx_hal_msp.o
LOAD Src/stm32f1xx_it.o
LOAD Src/syscalls.o
LOAD Src/system_stm32f1xx.o
LOAD Src/usart.o
LOAD Src/user_diskio.o
LOAD startup/startup_stm32f103xb.o
START GROUP
LOAD c:/st/stm32cubeide_1.4.0/stm32cubeide/plugins/com.st.stm32cube.ide.mcu.externaltools.gnu-tools-for-stm32.7-2018-q2-update.win32_1.4.0.202007081208/tools/bin/../lib/gcc/arm-none-eabi/7.3.1/../../../../arm-none-eabi/lib/thumb/v7-m\libc_nano.a
LOAD c:/st/stm32cubeide_1.4.0/stm32cubeide/plugins/com.st.stm32cube.ide.mcu.externaltools.gnu-tools-for-stm32.7-2018-q2-update.win32_1.4.0.202007081208/tools/bin/../lib/gcc/arm-none-eabi/7.3.1/../../../../arm-none-eabi/lib/thumb/v7-m\libm.a
END GROUP
START GROUP
LOAD c:/st/stm32cubeide_1.4.0/stm32cubeide/plugins/com.st.stm32cube.ide.mcu.externaltools.gnu-tools-for-stm32.7-2018-q2-update.win32_1.4.0.202007081208/tools/bin/../lib/gcc/arm-none-eabi/7.3.1/thumb/v7-m\libgcc.a
LOAD c:/st/stm32cubeide_1.4.0/stm32cubeide/plugins/com.st.stm32cube.ide.mcu.externaltools.gnu-tools-for-stm32.7-2018-q2-update.win32_1.4.0.202007081208/tools/bin/../lib/gcc/arm-none-eabi/7.3.1/../../../../arm-none-eabi/lib/thumb/v7-m\libc_nano.a
END GROUP
START GROUP
LOAD c:/st/stm32cubeide_1.4.0/stm32cubeide/plugins/com.st.stm32cube.ide.mcu.externaltools.gnu-tools-for-stm32.7-2018-q2-update.win32_1.4.0.202007081208/tools/bin/../lib/gcc/arm-none-eabi/7.3.1/thumb/v7-m\libgcc.a
LOAD c:/st/stm32cubeide_1.4.0/stm32cubeide/plugins/com.st.stm32cube.ide.mcu.externaltools.gnu-tools-for-stm32.7-2018-q2-update.win32_1.4.0.202007081208/tools/bin/../lib/gcc/arm-none-eabi/7.3.1/../../../../arm-none-eabi/lib/thumb/v7-m\libc_nano.a
LOAD c:/st/stm32cubeide_1.4.0/stm32cubeide/plugins/com.st.stm32cube.ide.mcu.externaltools.gnu-tools-for-stm32.7-2018-q2-update.win32_1.4.0.202007081208/tools/bin/../lib/gcc/arm-none-eabi/7.3.1/../../../../arm-none-eabi/lib/thumb/v7-m\libnosys.a
END GROUP
START GROUP
LOAD c:/st/stm32cubeide_1.4.0/stm32cubeide/plugins/com.st.stm32cube.ide.mcu.externaltools.gnu-tools-for-stm32.7-2018-q2-update.win32_1.4.0.202007081208/tools/bin/../lib/gcc/arm-none-eabi/7.3.1/thumb/v7-m\libgcc.a
LOAD c:/st/stm32cubeide_1.4.0/stm32cubeide/plugins/com.st.stm32cube.ide.mcu.externaltools.gnu-tools-for-stm32.7-2018-q2-update.win32_1.4.0.202007081208/tools/bin/../lib/gcc/arm-none-eabi/7.3.1/../../../../arm-none-eabi/lib/thumb/v7-m\libc_nano.a
LOAD c:/st/stm32cubeide_1.4.0/stm32cubeide/plugins/com.st.stm32cube.ide.mcu.externaltools.gnu-tools-for-stm32.7-2018-q2-update.win32_1.4.0.202007081208/tools/bin/../lib/gcc/arm-none-eabi/7.3.1/../../../../arm-none-eabi/lib/thumb/v7-m\libnosys.a
END GROUP
LOAD c:/st/stm32cubeide_1.4.0/stm32cubeide/plugins/com.st.stm32cube.ide.mcu.externaltools.gnu-tools-for-stm32.7-2018-q2-update.win32_1.4.0.202007081208/tools/bin/../lib/gcc/arm-none-eabi/7.3.1/thumb/v7-m/crtend.o
LOAD c:/st/stm32cubeide_1.4.0/stm32cubeide/plugins/com.st.stm32cube.ide.mcu.externaltools.gnu-tools-for-stm32.7-2018-q2-update.win32_1.4.0.202007081208/tools/bin/../lib/gcc/arm-none-eabi/7.3.1/thumb/v7-m/crtn.o
                0x0000000020005000                _estack = 0x20005000
                0x0000000000000200                _Min_Heap_Size = 0x200
                0x0000000000000400                _Min_Stack_Size = 0x400

.isr_vector     0x0000000008000000      0x10c
                0x0000000008000000                . = ALIGN (0x4)
 *(.isr_vector)
 .isr_vector    0x0000000008000000      0x10c startup/startup_stm32f103xb.o
                0x0000000008000000                g_pfnVectors
                0x000000000800010c                . = ALIGN (0x4)

.text           0x000000000800010c     0x8288
                0x000000000800010c                . = ALIGN (0x4)
 *(.text)
 .text          0x000000000800010c       0x40 c:/st/stm32cubeide_1.4.0/stm32cubeide/plugins/com.st.stm32cube.ide.mcu.externaltools.gnu-tools-for-stm32.7-2018-q2-update.win32_1.4.0.202007081208/tools/bin/../lib/gcc/arm-none-eabi/7.3.1/thumb/v7-m/crtbegin.o
 .text          0x000000000800014c       0x10 c:/st/stm32cubeide_1.4.0/stm32cubeide/plugins/com.st.stm32cube.ide.mcu.externaltools.gnu-tools-for-stm32.7-2018-q2-update.win32_1.4.0.202007081208/tools/bin/../lib/gcc/arm-none-eabi/7.3.1/../../../../arm-none-eabi/lib/thumb/v7-m\libc_nano.a(lib_a-strlen.o)
                0x000000000800014c                strlen
 .text          0x000000000800015c      0x21c c:/st/stm32cubeide_1.4.0/stm32cubeide/plugins/com.st.stm32cube.ide.mcu.externaltools.gnu-tools-for-stm32.7-2018-q2-update.win32_1.4.0.202007081208/tools/bin/../lib/gcc/arm-none-eabi/7.3.1/thumb/v7-m\libgcc.a(_arm_addsubsf3.o)
                0x000000000800015c                __aeabi_frsub
                0x0000000008000164                __subsf3
                0x0000000008000164                __aeabi_fsub
                0x0000000008000168                __aeabi_fadd
                0x0000000008000168                __addsf3
                0x00000000080002c8                __aeabi_ui2f
                0x00000000080002c8                __floatunsisf
                0x00000000080002d0                __aeabi_i2f
                0x00000000080002d0                __floatsisf
                0x00000000080002ec                __aeabi_ul2f
                0x00000000080002ec                __floatundisf
                0x00000000080002fc                __aeabi_l2f
                0x00000000080002fc                __floatdisf
 .text          0x0000000008000378      0x2a0 c:/st/stm32cubeide_1.4.0/stm32cubeide/plugins/com.st.stm32cube.ide.mcu.externaltools.gnu-tools-for-stm32.7-2018-q2-update.win32_1.4.0.202007081208/tools/bin/../lib/gcc/arm-none-eabi/7.3.1/thumb/v7-m\libgcc.a(_arm_muldivsf3.o)
                0x0000000008000378                __mulsf3
                0x0000000008000378                __aeabi_fmul
                0x00000000080004e0                __aeabi_fdiv
                0x00000000080004e0                __divsf3
 .text          0x0000000008000618       0xec c:/st/stm32cubeide_1.4.0/stm32cubeide/plugins/com.st.stm32cube.ide.mcu.externaltools.gnu-tools-for-stm32.7-2018-q2-update.win32_1.4.0.202007081208/tools/bin/../lib/gcc/arm-none-eabi/7.3.1/thumb/v7-m\libgcc.a(_arm_cmpsf2.o)
                0x0000000008000618                __gesf2
                0x0000000008000618                __gtsf2
                0x0000000008000620                __lesf2
                0x0000000008000620                __ltsf2
                0x0000000008000628                __nesf2
                0x0000000008000628                __eqsf2
                0x0000000008000628                __cmpsf2
                0x0000000008000688                __aeabi_cfrcmple
                0x0000000008000690                __aeabi_cfcmpeq
                0x0000000008000690                __aeabi_cfcmple
                0x00000000080006a0                __aeabi_fcmpeq
                0x00000000080006b4                __aeabi_fcmplt
                0x00000000080006c8                __aeabi_fcmple
                0x00000000080006dc                __aeabi_fcmpge
                0x00000000080006f0                __aeabi_fcmpgt
 .text          0x0000000008000704       0x40 c:/st/stm32cubeide_1.4.0/stm32cubeide/plugins/com.st.stm32cube.ide.mcu.externaltools.gnu-tools-for-stm32.7-2018-q2-update.win32_1.4.0.202007081208/tools/bin/../lib/gcc/arm-none-eabi/7.3.1/thumb/v7-m\libgcc.a(_arm_fixunssfsi.o)
                0x0000000008000704                __fixunssfsi
                0x0000000008000704                __aeabi_f2uiz
 *(.text*)
 .text.HAL_InitTick
                0x0000000008000744       0x48 Drivers/STM32F1xx_HAL_Driver/Src/stm32f1xx_hal.o
                0x0000000008000744                HAL_InitTick
 .text.HAL_Init
                0x000000000800078c       0x24 Drivers/STM32F1xx_HAL_Driver/Src/stm32f1xx_hal.o
                0x000000000800078c                HAL_Init
 .text.HAL_IncTick
                0x00000000080007b0       0x18 Drivers/STM32F1xx_HAL_Driver/Src/stm32f1xx_hal.o
                0x00000000080007b0                HAL_IncTick
 .text.HAL_GetTick
                0x00000000080007c8        0xc Drivers/STM32F1xx_HAL_Driver/Src/stm32f1xx_hal.o
                0x00000000080007c8                HAL_GetTick
 .text.HAL_Delay
                0x00000000080007d4       0x24 Drivers/STM32F1xx_HAL_Driver/Src/stm32f1xx_hal.o
                0x00000000080007d4                HAL_Delay
 .text.HAL_CAN_Init
                0x00000000080007f8       0xf6 Drivers/STM32F1xx_HAL_Driver/Src/stm32f1xx_hal_can.o
                0x00000000080007f8                HAL_CAN_Init
 .text.HAL_CAN_ConfigFilter
                0x00000000080008ee       0xd8 Drivers/STM32F1xx_HAL_Driver/Src/stm32f1xx_hal_can.o
                0x00000000080008ee                HAL_CAN_ConfigFilter
 .text.HAL_CAN_Start
                0x00000000080009c6       0x56 Drivers/STM32F1xx_HAL_Driver/Src/stm32f1xx_hal_can.o
                0x00000000080009c6                HAL_CAN_Start
 .text.HAL_CAN_Stop
                0x0000000008000a1c       0x5c Drivers/STM32F1xx_HAL_Driver/Src/stm32f1xx_hal_can.o
                0x0000000008000a1c                HAL_CAN_Stop
 .text.HAL_CAN_DeInit
                0x0000000008000a78       0x28 Drivers/STM32F1xx_HAL_Driver/Src/stm32f1xx_hal_can.o
                0x0000000008000a78                HAL_CAN_DeInit
 .text.HAL_CAN_AddTxMessage
                0x0000000008000aa0       0x9a Drivers/STM32F1xx_HAL_Driver/Src/stm32f1xx_hal_can.o
                0x0000000008000aa0                HAL_CAN_AddTxMessage
 .text.HAL_CAN_GetRxMessage
                0x0000000008000b3a       0xec Drivers/STM32F1xx_HAL_Driver/Src/stm32f1xx_hal_can.o
                0x0000000008000b3a                HAL_CAN_GetRxMessage
 .text.HAL_CAN_ActivateNotification
                0x0000000008000c26       0x22 Drivers/STM32F1xx_HAL_Driver/Src/stm32f1xx_hal_can.o
                0x0000000008000c26                HAL_CAN_ActivateNotification
 .text.HAL_CAN_TxMailbox0AbortCallback
                0x0000000008000c48        0x2 Drivers/STM32F1xx_HAL_Driver/Src/stm32f1xx_hal_can.o
                0x0000000008000c48                HAL_CAN_TxMailbox0AbortCallback
 .text.HAL_CAN_TxMailbox1AbortCallback
                0x0000000008000c4a        0x2 Drivers/STM32F1xx_HAL_Driver/Src/stm32f1xx_hal_can.o
                0x0000000008000c4a                HAL_CAN_TxMailbox1AbortCallback
 .text.HAL_CAN_TxMailbox2AbortCallback
                0x0000000008000c4c        0x2 Drivers/STM32F1xx_HAL_Driver/Src/stm32f1xx_hal_can.o
                0x0000000008000c4c                HAL_CAN_TxMailbox2AbortCallback
 .text.HAL_CAN_SleepCallback
                0x0000000008000c4e        0x2 Drivers/STM32F1xx_HAL_Driver/Src/stm32f1xx_hal_can.o
                0x0000000008000c4e                HAL_CAN_SleepCallback
 .text.HAL_CAN_WakeUpFromRxMsgCallback
                0x0000000008000c50        0x2 Drivers/STM32F1xx_HAL_Driver/Src/stm32f1xx_hal_can.o
                0x0000000008000c50                HAL_CAN_WakeUpFromRxMsgCallback
 .text.HAL_CAN_IRQHandler
                0x0000000008000c52      0x1fc Drivers/STM32F1xx_HAL_Driver/Src/stm32f1xx_hal_can.o
                0x0000000008000c52                HAL_CAN_IRQHandler
 .text.HAL_CAN_GetState
                0x0000000008000e4e       0x26 Drivers/STM32F1xx_HAL_Driver/Src/stm32f1xx_hal_can.o
                0x0000000008000e4e                HAL_CAN_GetState
 .text.HAL_CAN_GetError
                0x0000000008000e74        0x4 Drivers/STM32F1xx_HAL_Driver/Src/stm32f1xx_hal_can.o
                0x0000000008000e74                HAL_CAN_GetError
 .text.HAL_CAN_ResetError
                0x0000000008000e78       0x1e Drivers/STM32F1xx_HAL_Driver/Src/stm32f1xx_hal_can.o
                0x0000000008000e78                HAL_CAN_ResetError
 *fill*         0x0000000008000e96        0x2 
 .text.HAL_NVIC_SetPriorityGrouping
                0x0000000008000e98       0x24 Drivers/STM32F1xx_HAL_Driver/Src/stm32f1xx_hal_cortex.o
                0x0000000008000e98                HAL_NVIC_SetPriorityGrouping
 .text.HAL_NVIC_SetPriority
                0x0000000008000ebc       0x68 Drivers/STM32F1xx_HAL_Driver/Src/stm32f1xx_hal_cortex.o
                0x0000000008000ebc                HAL_NVIC_SetPriority
 .text.HAL_NVIC_EnableIRQ
                0x0000000008000f24       0x1c Drivers/STM32F1xx_HAL_Driver/Src/stm32f1xx_hal_cortex.o
                0x0000000008000f24                HAL_NVIC_EnableIRQ
 .text.HAL_NVIC_DisableIRQ
                0x0000000008000f40       0x28 Drivers/STM32F1xx_HAL_Driver/Src/stm32f1xx_hal_cortex.o
                0x0000000008000f40                HAL_NVIC_DisableIRQ
 .text.HAL_SYSTICK_Config
                0x0000000008000f68       0x2c Drivers/STM32F1xx_HAL_Driver/Src/stm32f1xx_hal_cortex.o
                0x0000000008000f68                HAL_SYSTICK_Config
 .text.HAL_DMA_Init
                0x0000000008000f94       0x60 Drivers/STM32F1xx_HAL_Driver/Src/stm32f1xx_hal_dma.o
                0x0000000008000f94                HAL_DMA_Init
 .text.HAL_DMA_DeInit
                0x0000000008000ff4       0x54 Drivers/STM32F1xx_HAL_Driver/Src/stm32f1xx_hal_dma.o
                0x0000000008000ff4                HAL_DMA_DeInit
 .text.HAL_DMA_Start_IT
                0x0000000008001048       0x7a Drivers/STM32F1xx_HAL_Driver/Src/stm32f1xx_hal_dma.o
                0x0000000008001048                HAL_DMA_Start_IT
 *fill*         0x00000000080010c2        0x2 
 .text.HAL_DMA_Abort_IT
                0x00000000080010c4       0x90 Drivers/STM32F1xx_HAL_Driver/Src/stm32f1xx_hal_dma.o
                0x00000000080010c4                HAL_DMA_Abort_IT
 .text.HAL_DMA_IRQHandler
                0x0000000008001154      0x128 Drivers/STM32F1xx_HAL_Driver/Src/stm32f1xx_hal_dma.o
                0x0000000008001154                HAL_DMA_IRQHandler
 .text.HAL_GPIO_Init
                0x000000000800127c      0x1c0 Drivers/STM32F1xx_HAL_Driver/Src/stm32f1xx_hal_gpio.o
                0x000000000800127c                HAL_GPIO_Init
 .text.HAL_GPIO_DeInit
                0x000000000800143c       0xe8 Drivers/STM32F1xx_HAL_Driver/Src/stm32f1xx_hal_gpio.o
                0x000000000800143c                HAL_GPIO_DeInit
 .text.HAL_GPIO_ReadPin
                0x0000000008001524        0xc Drivers/STM32F1xx_HAL_Driver/Src/stm32f1xx_hal_gpio.o
                0x0000000008001524                HAL_GPIO_ReadPin
 .text.HAL_GPIO_WritePin
                0x0000000008001530        0xa Drivers/STM32F1xx_HAL_Driver/Src/stm32f1xx_hal_gpio.o
                0x0000000008001530                HAL_GPIO_WritePin
 .text.HAL_GPIO_TogglePin
                0x000000000800153a        0xc Drivers/STM32F1xx_HAL_Driver/Src/stm32f1xx_hal_gpio.o
                0x000000000800153a                HAL_GPIO_TogglePin
 *fill*         0x0000000008001546        0x2 
 .text.HAL_PWR_EnableBkUpAccess
                0x0000000008001548        0xc Drivers/STM32F1xx_HAL_Driver/Src/stm32f1xx_hal_pwr.o
                0x0000000008001548                HAL_PWR_EnableBkUpAccess
 .text.HAL_RCC_OscConfig
                0x0000000008001554      0x33c Drivers/STM32F1xx_HAL_Driver/Src/stm32f1xx_hal_rcc.o
                0x0000000008001554                HAL_RCC_OscConfig
 .text.HAL_RCC_GetSysClockFreq
                0x0000000008001890       0x74 Drivers/STM32F1xx_HAL_Driver/Src/stm32f1xx_hal_rcc.o
                0x0000000008001890                HAL_RCC_GetSysClockFreq
 .text.HAL_RCC_ClockConfig
                0x0000000008001904      0x138 Drivers/STM32F1xx_HAL_Driver/Src/stm32f1xx_hal_rcc.o
                0x0000000008001904                HAL_RCC_ClockConfig
 .text.HAL_RCC_GetPCLK1Freq
                0x0000000008001a3c       0x20 Drivers/STM32F1xx_HAL_Driver/Src/stm32f1xx_hal_rcc.o
                0x0000000008001a3c                HAL_RCC_GetPCLK1Freq
 .text.HAL_RCC_GetPCLK2Freq
                0x0000000008001a5c       0x20 Drivers/STM32F1xx_HAL_Driver/Src/stm32f1xx_hal_rcc.o
                0x0000000008001a5c                HAL_RCC_GetPCLK2Freq
 .text.HAL_RCCEx_PeriphCLKConfig
                0x0000000008001a7c       0xf0 Drivers/STM32F1xx_HAL_Driver/Src/stm32f1xx_hal_rcc_ex.o
                0x0000000008001a7c                HAL_RCCEx_PeriphCLKConfig
 .text.HAL_RCCEx_GetPeriphCLKFreq
                0x0000000008001b6c       0xe8 Drivers/STM32F1xx_HAL_Driver/Src/stm32f1xx_hal_rcc_ex.o
                0x0000000008001b6c                HAL_RCCEx_GetPeriphCLKFreq
 .text.RTC_EnterInitMode
                0x0000000008001c54       0x2e Drivers/STM32F1xx_HAL_Driver/Src/stm32f1xx_hal_rtc.o
 .text.RTC_ExitInitMode
                0x0000000008001c82       0x30 Drivers/STM32F1xx_HAL_Driver/Src/stm32f1xx_hal_rtc.o
 .text.HAL_RTC_WaitForSynchro
                0x0000000008001cb2       0x36 Drivers/STM32F1xx_HAL_Driver/Src/stm32f1xx_hal_rtc.o
                0x0000000008001cb2                HAL_RTC_WaitForSynchro
 .text.HAL_RTC_Init
                0x0000000008001ce8       0xa0 Drivers/STM32F1xx_HAL_Driver/Src/stm32f1xx_hal_rtc.o
                0x0000000008001ce8                HAL_RTC_Init
 .text.SPI_WaitFlagStateUntilTimeout.constprop.6
                0x0000000008001d88       0x76 Drivers/STM32F1xx_HAL_Driver/Src/stm32f1xx_hal_spi.o
 .text.SPI_EndRxTransaction
                0x0000000008001dfe       0x4e Drivers/STM32F1xx_HAL_Driver/Src/stm32f1xx_hal_spi.o
 .text.SPI_EndRxTxTransaction
                0x0000000008001e4c       0x1c Drivers/STM32F1xx_HAL_Driver/Src/stm32f1xx_hal_spi.o
 .text.HAL_SPI_Init
                0x0000000008001e68       0x76 Drivers/STM32F1xx_HAL_Driver/Src/stm32f1xx_hal_spi.o
                0x0000000008001e68                HAL_SPI_Init
 .text.HAL_SPI_Transmit
                0x0000000008001ede      0x152 Drivers/STM32F1xx_HAL_Driver/Src/stm32f1xx_hal_spi.o
                0x0000000008001ede                HAL_SPI_Transmit
 .text.HAL_SPI_TransmitReceive
                0x0000000008002030      0x1e0 Drivers/STM32F1xx_HAL_Driver/Src/stm32f1xx_hal_spi.o
                0x0000000008002030                HAL_SPI_TransmitReceive
 .text.HAL_SPI_Receive
                0x0000000008002210      0x132 Drivers/STM32F1xx_HAL_Driver/Src/stm32f1xx_hal_spi.o
                0x0000000008002210                HAL_SPI_Receive
 .text.UART_EndRxTransfer
                0x0000000008002342       0x1a Drivers/STM32F1xx_HAL_Driver/Src/stm32f1xx_hal_uart.o
 .text.UART_SetConfig
                0x000000000800235c       0x74 Drivers/STM32F1xx_HAL_Driver/Src/stm32f1xx_hal_uart.o
 .text.HAL_UART_Init
                0x00000000080023d0       0x5c Drivers/STM32F1xx_HAL_Driver/Src/stm32f1xx_hal_uart.o
                0x00000000080023d0                HAL_UART_Init
 .text.HAL_LIN_Init
                0x000000000800242c       0x76 Drivers/STM32F1xx_HAL_Driver/Src/stm32f1xx_hal_uart.o
                0x000000000800242c                HAL_LIN_Init
 .text.HAL_UART_DeInit
                0x00000000080024a2       0x30 Drivers/STM32F1xx_HAL_Driver/Src/stm32f1xx_hal_uart.o
                0x00000000080024a2                HAL_UART_DeInit
 *fill*         0x00000000080024d2        0x2 
 .text.HAL_UART_Transmit_DMA
                0x00000000080024d4       0x74 Drivers/STM32F1xx_HAL_Driver/Src/stm32f1xx_hal_uart.o
                0x00000000080024d4                HAL_UART_Transmit_DMA
 .text.UART_DMATransmitCplt
                0x0000000008002548       0x2c Drivers/STM32F1xx_HAL_Driver/Src/stm32f1xx_hal_uart.o
 .text.HAL_UART_TxHalfCpltCallback
                0x0000000008002574        0x2 Drivers/STM32F1xx_HAL_Driver/Src/stm32f1xx_hal_uart.o
                0x0000000008002574                HAL_UART_TxHalfCpltCallback
 .text.UART_DMATxHalfCplt
                0x0000000008002576        0xa Drivers/STM32F1xx_HAL_Driver/Src/stm32f1xx_hal_uart.o
 .text.HAL_UART_RxCpltCallback
                0x0000000008002580        0x2 Drivers/STM32F1xx_HAL_Driver/Src/stm32f1xx_hal_uart.o
                0x0000000008002580                HAL_UART_RxCpltCallback
 .text.UART_Receive_IT
                0x0000000008002582       0x76 Drivers/STM32F1xx_HAL_Driver/Src/stm32f1xx_hal_uart.o
 .text.HAL_UART_ErrorCallback
                0x00000000080025f8        0x2 Drivers/STM32F1xx_HAL_Driver/Src/stm32f1xx_hal_uart.o
                0x00000000080025f8                HAL_UART_ErrorCallback
 .text.UART_DMAError
                0x00000000080025fa       0x4e Drivers/STM32F1xx_HAL_Driver/Src/stm32f1xx_hal_uart.o
 .text.HAL_UART_IRQHandler
                0x0000000008002648      0x140 Drivers/STM32F1xx_HAL_Driver/Src/stm32f1xx_hal_uart.o
                0x0000000008002648                HAL_UART_IRQHandler
 .text.UART_DMAAbortOnError
                0x0000000008002788       0x10 Drivers/STM32F1xx_HAL_Driver/Src/stm32f1xx_hal_uart.o
 .text.disk_status
                0x0000000008002798       0x14 Middlewares/Third_Party/FatFs/src/diskio.o
                0x0000000008002798                disk_status
 .text.disk_initialize
                0x00000000080027ac       0x20 Middlewares/Third_Party/FatFs/src/diskio.o
                0x00000000080027ac                disk_initialize
 .text.disk_read
                0x00000000080027cc       0x1c Middlewares/Third_Party/FatFs/src/diskio.o
                0x00000000080027cc                disk_read
 .text.disk_write
                0x00000000080027e8       0x1c Middlewares/Third_Party/FatFs/src/diskio.o
                0x00000000080027e8                disk_write
 .text.disk_ioctl
                0x0000000008002804       0x18 Middlewares/Third_Party/FatFs/src/diskio.o
                0x0000000008002804                disk_ioctl
 .text.mem_cpy  0x000000000800281c       0x14 Middlewares/Third_Party/FatFs/src/ff.o
 .text.mem_set  0x0000000008002830        0xe Middlewares/Third_Party/FatFs/src/ff.o
 *fill*         0x000000000800283e        0x2 
 .text.chk_lock
                0x0000000008002840       0x80 Middlewares/Third_Party/FatFs/src/ff.o
 .text.inc_lock
                0x00000000080028c0       0x98 Middlewares/Third_Party/FatFs/src/ff.o
 .text.dec_lock
                0x0000000008002958       0x40 Middlewares/Third_Party/FatFs/src/ff.o
 .text.clmt_clust
                0x0000000008002998       0x28 Middlewares/Third_Party/FatFs/src/ff.o
 .text.get_ldnumber
                0x00000000080029c0       0x30 Middlewares/Third_Party/FatFs/src/ff.o
 .text.validate
                0x00000000080029f0       0x2e Middlewares/Third_Party/FatFs/src/ff.o
 .text.ld_clust.isra.0
                0x0000000008002a1e       0x1c Middlewares/Third_Party/FatFs/src/ff.o
 .text.sync_window.part.2
                0x0000000008002a3a       0x52 Middlewares/Third_Party/FatFs/src/ff.o
 .text.sync_window
                0x0000000008002a8c        0xe Middlewares/Third_Party/FatFs/src/ff.o
 .text.move_window
                0x0000000008002a9a       0x3a Middlewares/Third_Party/FatFs/src/ff.o
 .text.check_fs
                0x0000000008002ad4       0x58 Middlewares/Third_Party/FatFs/src/ff.o
 .text.find_volume
                0x0000000008002b2c      0x27c Middlewares/Third_Party/FatFs/src/ff.o
 .text.sync_fs  0x0000000008002da8       0xac Middlewares/Third_Party/FatFs/src/ff.o
 .text.clust2sect
                0x0000000008002e54       0x1c Middlewares/Third_Party/FatFs/src/ff.o
                0x0000000008002e54                clust2sect
 .text.get_fat  0x0000000008002e70       0xc2 Middlewares/Third_Party/FatFs/src/ff.o
                0x0000000008002e70                get_fat
 .text.dir_sdi  0x0000000008002f32       0x9e Middlewares/Third_Party/FatFs/src/ff.o
 .text.put_fat  0x0000000008002fd0       0xf4 Middlewares/Third_Party/FatFs/src/ff.o
                0x0000000008002fd0                put_fat
 .text.create_chain
                0x00000000080030c4       0xb2 Middlewares/Third_Party/FatFs/src/ff.o
 .text.dir_next
                0x0000000008003176      0x116 Middlewares/Third_Party/FatFs/src/ff.o
 .text.follow_path
                0x000000000800328c      0x19c Middlewares/Third_Party/FatFs/src/ff.o
 .text.dir_register
                0x0000000008003428       0x76 Middlewares/Third_Party/FatFs/src/ff.o
 .text.remove_chain
                0x000000000800349e       0x66 Middlewares/Third_Party/FatFs/src/ff.o
 .text.f_mount  0x0000000008003504       0x6c Middlewares/Third_Party/FatFs/src/ff.o
                0x0000000008003504                f_mount
 .text.f_open   0x0000000008003570      0x1b0 Middlewares/Third_Party/FatFs/src/ff.o
                0x0000000008003570                f_open
 .text.f_read   0x0000000008003720      0x18a Middlewares/Third_Party/FatFs/src/ff.o
                0x0000000008003720                f_read
 .text.f_write  0x00000000080038aa      0x1e0 Middlewares/Third_Party/FatFs/src/ff.o
                0x00000000080038aa                f_write
 .text.f_sync   0x0000000008003a8a       0xc0 Middlewares/Third_Party/FatFs/src/ff.o
                0x0000000008003a8a                f_sync
 .text.f_close  0x0000000008003b4a       0x22 Middlewares/Third_Party/FatFs/src/ff.o
                0x0000000008003b4a                f_close
 .text.f_mkdir  0x0000000008003b6c      0x1b6 Middlewares/Third_Party/FatFs/src/ff.o
                0x0000000008003b6c                f_mkdir
 .text.f_gets   0x0000000008003d22       0x4a Middlewares/Third_Party/FatFs/src/ff.o
                0x0000000008003d22                f_gets
 .text.FATFS_LinkDriverEx
                0x0000000008003d6c       0x44 Middlewares/Third_Party/FatFs/src/ff_gen_drv.o
                0x0000000008003d6c                FATFS_LinkDriverEx
 .text.FATFS_LinkDriver
                0x0000000008003db0        0x6 Middlewares/Third_Party/FatFs/src/ff_gen_drv.o
                0x0000000008003db0                FATFS_LinkDriver
 *fill*         0x0000000008003db6        0x2 
 .text.CAN_Buffer_Init
                0x0000000008003db8       0x14 Src/GVRET.o
                0x0000000008003db8                CAN_Buffer_Init
 .text.Generate_Next_FileName
                0x0000000008003dcc       0xc0 Src/GVRET.o
                0x0000000008003dcc                Generate_Next_FileName
 .text.Generate_Next_Path
                0x0000000008003e8c       0x48 Src/GVRET.o
                0x0000000008003e8c                Generate_Next_Path
 .text.CAN_Buffer_Write_Data
                0x0000000008003ed4       0x5c Src/GVRET.o
                0x0000000008003ed4                CAN_Buffer_Write_Data
 .text.CAN_Log_Buffer_Write_Data
                0x0000000008003f30       0x5c Src/GVRET.o
                0x0000000008003f30                CAN_Log_Buffer_Write_Data
 .text.HexTo4bits
                0x0000000008003f8c       0x16 Src/GVRET.o
                0x0000000008003f8c                HexTo4bits
 .text.HexToShort
                0x0000000008003fa2       0x2e Src/GVRET.o
                0x0000000008003fa2                HexToShort
 .text.ShortToHex
                0x0000000008003fd0       0x1c Src/GVRET.o
                0x0000000008003fd0                ShortToHex
 .text.BuildFrameToUSB
                0x0000000008003fec      0x16c Src/GVRET.o
                0x0000000008003fec                BuildFrameToUSB
 .text.CAN_Buffer_pull
                0x0000000008004158       0x74 Src/GVRET.o
                0x0000000008004158                CAN_Buffer_pull
 .text.BuildFrameToFile
                0x00000000080041cc      0x16c Src/GVRET.o
                0x00000000080041cc                BuildFrameToFile
 .text.CAN_Log_Buffer_pull
                0x0000000008004338       0x68 Src/GVRET.o
                0x0000000008004338                CAN_Log_Buffer_pull
 .text.SetFilterCAN
                0x00000000080043a0       0x54 Src/GVRET.o
                0x00000000080043a0                SetFilterCAN
 .text.save_script
                0x00000000080043f4       0x58 Src/GVRET.o
                0x00000000080043f4                save_script
 .text.copy_script
                0x000000000800444c       0x84 Src/GVRET.o
                0x000000000800444c                copy_script
 .text.Open_LIN_cannel
                0x00000000080044d0       0x94 Src/GVRET.o
                0x00000000080044d0                Open_LIN_cannel
 .text.Close_LIN_cannel
                0x0000000008004564       0x44 Src/GVRET.o
                0x0000000008004564                Close_LIN_cannel
 .text.Close_CAN_cannel
                0x00000000080045a8       0x28 Src/GVRET.o
                0x00000000080045a8                Close_CAN_cannel
 .text.Change_CAN_channel
                0x00000000080045d0       0x84 Src/GVRET.o
                0x00000000080045d0                Change_CAN_channel
 .text.HAL_CAN_TxMailbox0CompleteCallback
                0x0000000008004654        0x2 Src/GVRET.o
                0x0000000008004654                HAL_CAN_TxMailbox0CompleteCallback
 .text.HAL_CAN_TxMailbox1CompleteCallback
                0x0000000008004656        0x2 Src/GVRET.o
                0x0000000008004656                HAL_CAN_TxMailbox1CompleteCallback
 .text.HAL_CAN_TxMailbox2CompleteCallback
                0x0000000008004658        0x2 Src/GVRET.o
                0x0000000008004658                HAL_CAN_TxMailbox2CompleteCallback
 *fill*         0x000000000800465a        0x2 
 .text.STM_bxCAN_calc
                0x000000000800465c      0x134 Src/GVRET.o
                0x000000000800465c                STM_bxCAN_calc
 .text.CAN_Init_Custom
                0x0000000008004790      0x130 Src/GVRET.o
                0x0000000008004790                CAN_Init_Custom
 .text.Open_CAN_cannel
                0x00000000080048c0       0x7c Src/GVRET.o
                0x00000000080048c0                Open_CAN_cannel
 .text.exec_usb_cmd
                0x000000000800493c      0xb4c Src/GVRET.o
                0x000000000800493c                exec_usb_cmd
 .text.Check_Command
                0x0000000008005488      0x64c Src/GVRET.o
                0x0000000008005488                Check_Command
 .text.Next_CAN_channel
                0x0000000008005ad4       0x1c Src/GVRET.o
                0x0000000008005ad4                Next_CAN_channel
 .text.lin_calc_pid
                0x0000000008005af0       0x32 Src/LIN.o
                0x0000000008005af0                lin_calc_pid
 .text.lin_calc_checksumm
                0x0000000008005b22       0x22 Src/LIN.o
                0x0000000008005b22                lin_calc_checksumm
 .text.lin_msg_parse
                0x0000000008005b44       0xac Src/LIN.o
                0x0000000008005b44                lin_msg_parse
 .text.lin_msg_received
                0x0000000008005bf0       0x50 Src/LIN.o
                0x0000000008005bf0                lin_msg_received
 .text.lin_break_detect
                0x0000000008005c40       0x30 Src/LIN.o
                0x0000000008005c40                lin_break_detect
 .text.lin_idle_detect
                0x0000000008005c70       0x18 Src/LIN.o
                0x0000000008005c70                lin_idle_detect
 .text.lin_fault_detect
                0x0000000008005c88       0x10 Src/LIN.o
                0x0000000008005c88                lin_fault_detect
 .text.lin_add_slave_msg
                0x0000000008005c98       0x6c Src/LIN.o
                0x0000000008005c98                lin_add_slave_msg
 .text.lin_check_slave_answer
                0x0000000008005d04       0x3c Src/LIN.o
                0x0000000008005d04                lin_check_slave_answer
 .text.lin_byte_received
                0x0000000008005d40       0x54 Src/LIN.o
                0x0000000008005d40                lin_byte_received
 .text.Button_rutine
                0x0000000008005d94      0x112 Src/button.o
                0x0000000008005d94                Button_rutine
 *fill*         0x0000000008005ea6        0x2 
 .text.MX_CAN_Init
                0x0000000008005ea8       0x3c Src/can.o
                0x0000000008005ea8                MX_CAN_Init
 .text.HAL_CAN_MspInit
                0x0000000008005ee4       0x98 Src/can.o
                0x0000000008005ee4                HAL_CAN_MspInit
 .text.HAL_CAN_MspDeInit
                0x0000000008005f7c       0x38 Src/can.o
                0x0000000008005f7c                HAL_CAN_MspDeInit
 .text.MX_DMA_Init
                0x0000000008005fb4       0x50 Src/dma.o
                0x0000000008005fb4                MX_DMA_Init
 .text.EEPROM_Write_disable
                0x0000000008006004       0x40 Src/eeprom.o
                0x0000000008006004                EEPROM_Write_disable
 .text.EEPROM_Wait_ready
                0x0000000008006044       0x74 Src/eeprom.o
                0x0000000008006044                EEPROM_Wait_ready
 .text.EEPROM_Read
                0x00000000080060b8       0x70 Src/eeprom.o
                0x00000000080060b8                EEPROM_Read
 .text.EEPROM_Write
                0x0000000008006128      0x10c Src/eeprom.o
                0x0000000008006128                EEPROM_Write
 .text.MX_FATFS_Init
                0x0000000008006234       0x1c Src/fatfs.o
                0x0000000008006234                MX_FATFS_Init
 .text.get_fattime
                0x0000000008006250        0x4 Src/fatfs.o
                0x0000000008006250                get_fattime
 .text.SPI_TxBuffer
                0x0000000008006254       0x1c Src/fatfs_sd.o
 .text.SPI_TxByte
                0x0000000008006270       0x28 Src/fatfs_sd.o
 .text.SELECT   0x0000000008006298       0x1c Src/fatfs_sd.o
 .text.DESELECT
                0x00000000080062b4       0x10 Src/fatfs_sd.o
 .text.SPI_RxByte
                0x00000000080062c4       0x34 Src/fatfs_sd.o
 .text.SD_PowerOn
                0x00000000080062f8       0x54 Src/fatfs_sd.o
 .text.SD_ReadyWait
                0x000000000800634c       0x20 Src/fatfs_sd.o
 .text.SD_SendCmd
                0x000000000800636c       0x64 Src/fatfs_sd.o
 .text.SD_RxDataBlock
                0x00000000080063d0       0x48 Src/fatfs_sd.o
 .text.SD_TxDataBlock
                0x0000000008006418       0x5e Src/fatfs_sd.o
 *fill*         0x0000000008006476        0x2 
 .text.SD_disk_initialize
                0x0000000008006478      0x150 Src/fatfs_sd.o
                0x0000000008006478                SD_disk_initialize
 .text.SD_disk_status
                0x00000000080065c8       0x14 Src/fatfs_sd.o
                0x00000000080065c8                SD_disk_status
 .text.SD_disk_read
                0x00000000080065dc       0x8c Src/fatfs_sd.o
                0x00000000080065dc                SD_disk_read
 .text.SD_disk_write
                0x0000000008006668       0xb0 Src/fatfs_sd.o
                0x0000000008006668                SD_disk_write
 .text.SD_disk_ioctl
                0x0000000008006718      0x13c Src/fatfs_sd.o
                0x0000000008006718                SD_disk_ioctl
 .text.MX_GPIO_Init
                0x0000000008006854      0x150 Src/gpio.o
                0x0000000008006854                MX_GPIO_Init
 .text.UART_Check_Data_Ready
                0x00000000080069a4      0x12c Src/main.o
                0x00000000080069a4                UART_Check_Data_Ready
 .text.HAL_UART_TxCpltCallback
                0x0000000008006ad0       0x10 Src/main.o
                0x0000000008006ad0                HAL_UART_TxCpltCallback
 .text.HAL_CAN_RxFifo1MsgPendingCallback
                0x0000000008006ae0       0x84 Src/main.o
                0x0000000008006ae0                HAL_CAN_RxFifo1MsgPendingCallback
 .text.HAL_CAN_RxFifo0MsgPendingCallback
                0x0000000008006b64       0x88 Src/main.o
                0x0000000008006b64                HAL_CAN_RxFifo0MsgPendingCallback
 .text.HAL_CAN_RxFifo0FullCallback
                0x0000000008006bec        0x4 Src/main.o
                0x0000000008006bec                HAL_CAN_RxFifo0FullCallback
 .text.HAL_CAN_RxFifo1FullCallback
                0x0000000008006bf0        0x4 Src/main.o
                0x0000000008006bf0                HAL_CAN_RxFifo1FullCallback
 .text.HAL_CAN_ErrorCallback
                0x0000000008006bf4       0x10 Src/main.o
                0x0000000008006bf4                HAL_CAN_ErrorCallback
 .text.Save_to_File
                0x0000000008006c04       0x30 Src/main.o
                0x0000000008006c04                Save_to_File
 .text.SystemClock_Config
                0x0000000008006c34       0x74 Src/main.o
                0x0000000008006c34                SystemClock_Config
 .text.startup.main
                0x0000000008006ca8      0x6b4 Src/main.o
                0x0000000008006ca8                main
 .text.Error_Handler
                0x000000000800735c        0x2 Src/main.o
                0x000000000800735c                Error_Handler
 *fill*         0x000000000800735e        0x2 
 .text.MX_RTC_Init
                0x0000000008007360       0x2c Src/rtc.o
                0x0000000008007360                MX_RTC_Init
 .text.HAL_RTC_MspInit
                0x000000000800738c       0x3c Src/rtc.o
                0x000000000800738c                HAL_RTC_MspInit
 .text.MX_SPI1_Init
                0x00000000080073c8       0x44 Src/spi.o
                0x00000000080073c8                MX_SPI1_Init
 .text.MX_SPI2_Init
                0x000000000800740c       0x44 Src/spi.o
                0x000000000800740c                MX_SPI2_Init
 .text.HAL_SPI_MspInit
                0x0000000008007450       0xd4 Src/spi.o
                0x0000000008007450                HAL_SPI_MspInit
 .text.HAL_MspInit
                0x0000000008007524       0x44 Src/stm32f1xx_hal_msp.o
                0x0000000008007524                HAL_MspInit
 .text.NMI_Handler
                0x0000000008007568        0x2 Src/stm32f1xx_it.o
                0x0000000008007568                NMI_Handler
 .text.HardFault_Handler
                0x000000000800756a        0x2 Src/stm32f1xx_it.o
                0x000000000800756a                HardFault_Handler
 .text.MemManage_Handler
                0x000000000800756c        0x2 Src/stm32f1xx_it.o
                0x000000000800756c                MemManage_Handler
 .text.BusFault_Handler
                0x000000000800756e        0x2 Src/stm32f1xx_it.o
                0x000000000800756e                BusFault_Handler
 .text.UsageFault_Handler
                0x0000000008007570        0x2 Src/stm32f1xx_it.o
                0x0000000008007570                UsageFault_Handler
 .text.SVC_Handler
                0x0000000008007572        0x2 Src/stm32f1xx_it.o
                0x0000000008007572                SVC_Handler
 .text.DebugMon_Handler
                0x0000000008007574        0x2 Src/stm32f1xx_it.o
                0x0000000008007574                DebugMon_Handler
 .text.PendSV_Handler
                0x0000000008007576        0x2 Src/stm32f1xx_it.o
                0x0000000008007576                PendSV_Handler
 .text.SysTick_Handler
                0x0000000008007578       0x40 Src/stm32f1xx_it.o
                0x0000000008007578                SysTick_Handler
 .text.DMA1_Channel2_IRQHandler
                0x00000000080075b8        0xc Src/stm32f1xx_it.o
                0x00000000080075b8                DMA1_Channel2_IRQHandler
 .text.DMA1_Channel4_IRQHandler
                0x00000000080075c4        0xc Src/stm32f1xx_it.o
                0x00000000080075c4                DMA1_Channel4_IRQHandler
 .text.DMA1_Channel7_IRQHandler
                0x00000000080075d0        0xc Src/stm32f1xx_it.o
                0x00000000080075d0                DMA1_Channel7_IRQHandler
 .text.USB_LP_CAN1_RX0_IRQHandler
                0x00000000080075dc        0xc Src/stm32f1xx_it.o
                0x00000000080075dc                USB_LP_CAN1_RX0_IRQHandler
 .text.USART1_IRQHandler
                0x00000000080075e8       0x60 Src/stm32f1xx_it.o
                0x00000000080075e8                USART1_IRQHandler
 .text.USART2_IRQHandler
                0x0000000008007648        0xc Src/stm32f1xx_it.o
                0x0000000008007648                USART2_IRQHandler
 .text.USART3_IRQHandler
                0x0000000008007654       0x58 Src/stm32f1xx_it.o
                0x0000000008007654                USART3_IRQHandler
 .text._sbrk    0x00000000080076ac       0x34 Src/syscalls.o
                0x00000000080076ac                _sbrk
 .text.SystemInit
                0x00000000080076e0       0x4c Src/system_stm32f1xx.o
                0x00000000080076e0                SystemInit
 .text.MX_USART1_UART_Init
                0x000000000800772c       0x34 Src/usart.o
                0x000000000800772c                MX_USART1_UART_Init
 .text.MX_USART2_UART_Init
                0x0000000008007760       0x38 Src/usart.o
                0x0000000008007760                MX_USART2_UART_Init
 .text.MX_USART3_UART_Init
                0x0000000008007798       0x38 Src/usart.o
                0x0000000008007798                MX_USART3_UART_Init
 .text.HAL_UART_MspInit
                0x00000000080077d0      0x1e8 Src/usart.o
                0x00000000080077d0                HAL_UART_MspInit
 .text.HAL_UART_MspDeInit
                0x00000000080079b8       0x94 Src/usart.o
                0x00000000080079b8                HAL_UART_MspDeInit
 .text.USER_initialize
                0x0000000008007a4c        0x4 Src/user_diskio.o
                0x0000000008007a4c                USER_initialize
 .text.USER_status
                0x0000000008007a50        0x4 Src/user_diskio.o
                0x0000000008007a50                USER_status
 .text.USER_read
                0x0000000008007a54        0x4 Src/user_diskio.o
                0x0000000008007a54                USER_read
 .text.USER_write
                0x0000000008007a58        0x4 Src/user_diskio.o
                0x0000000008007a58                USER_write
 .text.USER_ioctl
                0x0000000008007a5c        0x4 Src/user_diskio.o
                0x0000000008007a5c                USER_ioctl
 .text.Reset_Handler
                0x0000000008007a60       0x48 startup/startup_stm32f103xb.o
                0x0000000008007a60                Reset_Handler
 .text.Default_Handler
                0x0000000008007aa8        0x2 startup/startup_stm32f103xb.o
                0x0000000008007aa8                RTC_Alarm_IRQHandler
                0x0000000008007aa8                EXTI2_IRQHandler
                0x0000000008007aa8                TIM1_CC_IRQHandler
                0x0000000008007aa8                PVD_IRQHandler
                0x0000000008007aa8                EXTI3_IRQHandler
                0x0000000008007aa8                EXTI0_IRQHandler
                0x0000000008007aa8                I2C2_EV_IRQHandler
                0x0000000008007aa8                ADC1_2_IRQHandler
                0x0000000008007aa8                SPI1_IRQHandler
                0x0000000008007aa8                TAMPER_IRQHandler
                0x0000000008007aa8                RTC_IRQHandler
                0x0000000008007aa8                CAN1_RX1_IRQHandler
                0x0000000008007aa8                TIM4_IRQHandler
                0x0000000008007aa8                I2C1_EV_IRQHandler
                0x0000000008007aa8                DMA1_Channel6_IRQHandler
                0x0000000008007aa8                TIM3_IRQHandler
                0x0000000008007aa8                RCC_IRQHandler
                0x0000000008007aa8                TIM1_TRG_COM_IRQHandler
                0x0000000008007aa8                DMA1_Channel1_IRQHandler
                0x0000000008007aa8                Default_Handler
                0x0000000008007aa8                EXTI15_10_IRQHandler
                0x0000000008007aa8                EXTI9_5_IRQHandler
                0x0000000008007aa8                SPI2_IRQHandler
                0x0000000008007aa8                DMA1_Channel5_IRQHandler
                0x0000000008007aa8                EXTI4_IRQHandler
                0x0000000008007aa8                USB_HP_CAN1_TX_IRQHandler
                0x0000000008007aa8                DMA1_Channel3_IRQHandler
                0x0000000008007aa8                TIM1_UP_IRQHandler
                0x0000000008007aa8                WWDG_IRQHandler
                0x0000000008007aa8                TIM2_IRQHandler
                0x0000000008007aa8                TIM1_BRK_IRQHandler
                0x0000000008007aa8                EXTI1_IRQHandler
                0x0000000008007aa8                I2C2_ER_IRQHandler
                0x0000000008007aa8                CAN1_SCE_IRQHandler
                0x0000000008007aa8                FLASH_IRQHandler
                0x0000000008007aa8                I2C1_ER_IRQHandler
                0x0000000008007aa8                USBWakeUp_IRQHandler
 *fill*         0x0000000008007aaa        0x2 
 .text.__errno  0x0000000008007aac        0xc c:/st/stm32cubeide_1.4.0/stm32cubeide/plugins/com.st.stm32cube.ide.mcu.externaltools.gnu-tools-for-stm32.7-2018-q2-update.win32_1.4.0.202007081208/tools/bin/../lib/gcc/arm-none-eabi/7.3.1/../../../../arm-none-eabi/lib/thumb/v7-m\libc_nano.a(lib_a-errno.o)
                0x0000000008007aac                __errno
 .text.__libc_init_array
                0x0000000008007ab8       0x48 c:/st/stm32cubeide_1.4.0/stm32cubeide/plugins/com.st.stm32cube.ide.mcu.externaltools.gnu-tools-for-stm32.7-2018-q2-update.win32_1.4.0.202007081208/tools/bin/../lib/gcc/arm-none-eabi/7.3.1/../../../../arm-none-eabi/lib/thumb/v7-m\libc_nano.a(lib_a-init.o)
                0x0000000008007ab8                __libc_init_array
 .text.memset   0x0000000008007b00       0x10 c:/st/stm32cubeide_1.4.0/stm32cubeide/plugins/com.st.stm32cube.ide.mcu.externaltools.gnu-tools-for-stm32.7-2018-q2-update.win32_1.4.0.202007081208/tools/bin/../lib/gcc/arm-none-eabi/7.3.1/../../../../arm-none-eabi/lib/thumb/v7-m\libc_nano.a(lib_a-memset.o)
                0x0000000008007b00                memset
 .text.sprintf  0x0000000008007b10       0x40 c:/st/stm32cubeide_1.4.0/stm32cubeide/plugins/com.st.stm32cube.ide.mcu.externaltools.gnu-tools-for-stm32.7-2018-q2-update.win32_1.4.0.202007081208/tools/bin/../lib/gcc/arm-none-eabi/7.3.1/../../../../arm-none-eabi/lib/thumb/v7-m\libc_nano.a(lib_a-sprintf.o)
                0x0000000008007b10                siprintf
                0x0000000008007b10                sprintf
 .text.__ssputs_r
                0x0000000008007b50       0xb4 c:/st/stm32cubeide_1.4.0/stm32cubeide/plugins/com.st.stm32cube.ide.mcu.externaltools.gnu-tools-for-stm32.7-2018-q2-update.win32_1.4.0.202007081208/tools/bin/../lib/gcc/arm-none-eabi/7.3.1/../../../../arm-none-eabi/lib/thumb/v7-m\libc_nano.a(lib_a-nano-svfprintf.o)
                0x0000000008007b50                __ssputs_r
 .text._svfprintf_r
                0x0000000008007c04      0x1f0 c:/st/stm32cubeide_1.4.0/stm32cubeide/plugins/com.st.stm32cube.ide.mcu.externaltools.gnu-tools-for-stm32.7-2018-q2-update.win32_1.4.0.202007081208/tools/bin/../lib/gcc/arm-none-eabi/7.3.1/../../../../arm-none-eabi/lib/thumb/v7-m\libc_nano.a(lib_a-nano-svfprintf.o)
                0x0000000008007c04                _svfiprintf_r
                0x0000000008007c04                _svfprintf_r
 .text._printf_common
                0x0000000008007df4       0xec c:/st/stm32cubeide_1.4.0/stm32cubeide/plugins/com.st.stm32cube.ide.mcu.externaltools.gnu-tools-for-stm32.7-2018-q2-update.win32_1.4.0.202007081208/tools/bin/../lib/gcc/arm-none-eabi/7.3.1/../../../../arm-none-eabi/lib/thumb/v7-m\libc_nano.a(lib_a-nano-vfprintf_i.o)
                0x0000000008007df4                _printf_common
 .text._printf_i
                0x0000000008007ee0      0x224 c:/st/stm32cubeide_1.4.0/stm32cubeide/plugins/com.st.stm32cube.ide.mcu.externaltools.gnu-tools-for-stm32.7-2018-q2-update.win32_1.4.0.202007081208/tools/bin/../lib/gcc/arm-none-eabi/7.3.1/../../../../arm-none-eabi/lib/thumb/v7-m\libc_nano.a(lib_a-nano-vfprintf_i.o)
                0x0000000008007ee0                _printf_i
 .text.memchr   0x0000000008008104       0x1c c:/st/stm32cubeide_1.4.0/stm32cubeide/plugins/com.st.stm32cube.ide.mcu.externaltools.gnu-tools-for-stm32.7-2018-q2-update.win32_1.4.0.202007081208/tools/bin/../lib/gcc/arm-none-eabi/7.3.1/../../../../arm-none-eabi/lib/thumb/v7-m\libc_nano.a(lib_a-memchr-stub.o)
                0x0000000008008104                memchr
 .text.memcpy   0x0000000008008120       0x16 c:/st/stm32cubeide_1.4.0/stm32cubeide/plugins/com.st.stm32cube.ide.mcu.externaltools.gnu-tools-for-stm32.7-2018-q2-update.win32_1.4.0.202007081208/tools/bin/../lib/gcc/arm-none-eabi/7.3.1/../../../../arm-none-eabi/lib/thumb/v7-m\libc_nano.a(lib_a-memcpy-stub.o)
                0x0000000008008120                memcpy
 .text.memmove  0x0000000008008136       0x32 c:/st/stm32cubeide_1.4.0/stm32cubeide/plugins/com.st.stm32cube.ide.mcu.externaltools.gnu-tools-for-stm32.7-2018-q2-update.win32_1.4.0.202007081208/tools/bin/../lib/gcc/arm-none-eabi/7.3.1/../../../../arm-none-eabi/lib/thumb/v7-m\libc_nano.a(lib_a-memmove.o)
                0x0000000008008136                memmove
 .text._free_r  0x0000000008008168       0x98 c:/st/stm32cubeide_1.4.0/stm32cubeide/plugins/com.st.stm32cube.ide.mcu.externaltools.gnu-tools-for-stm32.7-2018-q2-update.win32_1.4.0.202007081208/tools/bin/../lib/gcc/arm-none-eabi/7.3.1/../../../../arm-none-eabi/lib/thumb/v7-m\libc_nano.a(lib_a-nano-freer.o)
                0x0000000008008168                _free_r
 .text._malloc_r
                0x0000000008008200       0xb4 c:/st/stm32cubeide_1.4.0/stm32cubeide/plugins/com.st.stm32cube.ide.mcu.externaltools.gnu-tools-for-stm32.7-2018-q2-update.win32_1.4.0.202007081208/tools/bin/../lib/gcc/arm-none-eabi/7.3.1/../../../../arm-none-eabi/lib/thumb/v7-m\libc_nano.a(lib_a-nano-mallocr.o)
                0x0000000008008200                _malloc_r
 .text._realloc_r
                0x00000000080082b4       0x4c c:/st/stm32cubeide_1.4.0/stm32cubeide/plugins/com.st.stm32cube.ide.mcu.externaltools.gnu-tools-for-stm32.7-2018-q2-update.win32_1.4.0.202007081208/tools/bin/../lib/gcc/arm-none-eabi/7.3.1/../../../../arm-none-eabi/lib/thumb/v7-m\libc_nano.a(lib_a-nano-reallocr.o)
                0x00000000080082b4                _realloc_r
 .text._sbrk_r  0x0000000008008300       0x20 c:/st/stm32cubeide_1.4.0/stm32cubeide/plugins/com.st.stm32cube.ide.mcu.externaltools.gnu-tools-for-stm32.7-2018-q2-update.win32_1.4.0.202007081208/tools/bin/../lib/gcc/arm-none-eabi/7.3.1/../../../../arm-none-eabi/lib/thumb/v7-m\libc_nano.a(lib_a-sbrkr.o)
                0x0000000008008300                _sbrk_r
 .text.__malloc_lock
                0x0000000008008320        0x2 c:/st/stm32cubeide_1.4.0/stm32cubeide/plugins/com.st.stm32cube.ide.mcu.externaltools.gnu-tools-for-stm32.7-2018-q2-update.win32_1.4.0.202007081208/tools/bin/../lib/gcc/arm-none-eabi/7.3.1/../../../../arm-none-eabi/lib/thumb/v7-m\libc_nano.a(lib_a-mlock.o)
                0x0000000008008320                __malloc_lock
 .text.__malloc_unlock
                0x0000000008008322        0x2 c:/st/stm32cubeide_1.4.0/stm32cubeide/plugins/com.st.stm32cube.ide.mcu.externaltools.gnu-tools-for-stm32.7-2018-q2-update.win32_1.4.0.202007081208/tools/bin/../lib/gcc/arm-none-eabi/7.3.1/../../../../arm-none-eabi/lib/thumb/v7-m\libc_nano.a(lib_a-mlock.o)
                0x0000000008008322                __malloc_unlock
 .text._malloc_usable_size_r
                0x0000000008008324       0x10 c:/st/stm32cubeide_1.4.0/stm32cubeide/plugins/com.st.stm32cube.ide.mcu.externaltools.gnu-tools-for-stm32.7-2018-q2-update.win32_1.4.0.202007081208/tools/bin/../lib/gcc/arm-none-eabi/7.3.1/../../../../arm-none-eabi/lib/thumb/v7-m\libc_nano.a(lib_a-nano-msizer.o)
                0x0000000008008324                _malloc_usable_size_r
 .text.roundf   0x0000000008008334       0x48 c:/st/stm32cubeide_1.4.0/stm32cubeide/plugins/com.st.stm32cube.ide.mcu.externaltools.gnu-tools-for-stm32.7-2018-q2-update.win32_1.4.0.202007081208/tools/bin/../lib/gcc/arm-none-eabi/7.3.1/../../../../arm-none-eabi/lib/thumb/v7-m\libm.a(lib_a-sf_round.o)
                0x0000000008008334                roundf
 *(.glue_7)
 .glue_7        0x000000000800837c        0x0 linker stubs
 *(.glue_7t)
 .glue_7t       0x000000000800837c        0x0 linker stubs
 *(.eh_frame)
 .eh_frame      0x000000000800837c        0x0 c:/st/stm32cubeide_1.4.0/stm32cubeide/plugins/com.st.stm32cube.ide.mcu.externaltools.gnu-tools-for-stm32.7-2018-q2-update.win32_1.4.0.202007081208/tools/bin/../lib/gcc/arm-none-eabi/7.3.1/thumb/v7-m/crtbegin.o
 *(.init)
 .init          0x000000000800837c        0x4 c:/st/stm32cubeide_1.4.0/stm32cubeide/plugins/com.st.stm32cube.ide.mcu.externaltools.gnu-tools-for-stm32.7-2018-q2-update.win32_1.4.0.202007081208/tools/bin/../lib/gcc/arm-none-eabi/7.3.1/thumb/v7-m/crti.o
                0x000000000800837c                _init
 .init          0x0000000008008380        0x8 c:/st/stm32cubeide_1.4.0/stm32cubeide/plugins/com.st.stm32cube.ide.mcu.externaltools.gnu-tools-for-stm32.7-2018-q2-update.win32_1.4.0.202007081208/tools/bin/../lib/gcc/arm-none-eabi/7.3.1/thumb/v7-m/crtn.o
 *(.fini)
 .fini          0x0000000008008388        0x4 c:/st/stm32cubeide_1.4.0/stm32cubeide/plugins/com.st.stm32cube.ide.mcu.externaltools.gnu-tools-for-stm32.7-2018-q2-update.win32_1.4.0.202007081208/tools/bin/../lib/gcc/arm-none-eabi/7.3.1/thumb/v7-m/crti.o
                0x0000000008008388                _fini
 .fini          0x000000000800838c        0x8 c:/st/stm32cubeide_1.4.0/stm32cubeide/plugins/com.st.stm32cube.ide.mcu.externaltools.gnu-tools-for-stm32.7-2018-q2-update.win32_1.4.0.202007081208/tools/bin/../lib/gcc/arm-none-eabi/7.3.1/thumb/v7-m/crtn.o
                0x0000000008008394                . = ALIGN (0x4)
                0x0000000008008394                _etext = .

.vfp11_veneer   0x0000000008008394        0x0
 .vfp11_veneer  0x0000000008008394        0x0 linker stubs

.v4_bx          0x0000000008008394        0x0
 .v4_bx         0x0000000008008394        0x0 linker stubs

.iplt           0x0000000008008394        0x0
 .iplt          0x0000000008008394        0x0 c:/st/stm32cubeide_1.4.0/stm32cubeide/plugins/com.st.stm32cube.ide.mcu.externaltools.gnu-tools-for-stm32.7-2018-q2-update.win32_1.4.0.202007081208/tools/bin/../lib/gcc/arm-none-eabi/7.3.1/thumb/v7-m/crtbegin.o

.rodata         0x0000000008008394      0x61c
                0x0000000008008394                . = ALIGN (0x4)
 *(.rodata)
 .rodata        0x0000000008008394       0x10 Drivers/STM32F1xx_HAL_Driver/Src/stm32f1xx_hal_rcc.o
 .rodata        0x00000000080083a4       0x10 Drivers/STM32F1xx_HAL_Driver/Src/stm32f1xx_hal_rcc_ex.o
 *(.rodata*)
 .rodata.ExCvt  0x00000000080083b4       0x80 Middlewares/Third_Party/FatFs/src/ff.o
 .rodata.follow_path.str1.1
                0x0000000008008434        0xf Middlewares/Third_Party/FatFs/src/ff.o
 .rodata.BuildFrameToFile.str1.1
                0x0000000008008443       0x1d Src/GVRET.o
 .rodata.exec_usb_cmd.str1.1
                0x0000000008008460        0x3 Src/GVRET.o
 .rodata.help_text
                0x0000000008008463      0x4f7 Src/help.o
                0x0000000008008463                help_text
 .rodata.main.str1.1
                0x000000000800895a        0xb Src/main.o
                                          0xe (size before relaxing)
 .rodata.AHBPrescTable
                0x0000000008008965       0x10 Src/system_stm32f1xx.o
                0x0000000008008965                AHBPrescTable
 .rodata.APBPrescTable
                0x0000000008008975        0x8 Src/system_stm32f1xx.o
                0x0000000008008975                APBPrescTable
 .rodata._svfprintf_r.str1.1
                0x000000000800897d       0x11 c:/st/stm32cubeide_1.4.0/stm32cubeide/plugins/com.st.stm32cube.ide.mcu.externaltools.gnu-tools-for-stm32.7-2018-q2-update.win32_1.4.0.202007081208/tools/bin/../lib/gcc/arm-none-eabi/7.3.1/../../../../arm-none-eabi/lib/thumb/v7-m\libc_nano.a(lib_a-nano-svfprintf.o)
 .rodata._printf_i.str1.1
                0x000000000800898e       0x22 c:/st/stm32cubeide_1.4.0/stm32cubeide/plugins/com.st.stm32cube.ide.mcu.externaltools.gnu-tools-for-stm32.7-2018-q2-update.win32_1.4.0.202007081208/tools/bin/../lib/gcc/arm-none-eabi/7.3.1/../../../../arm-none-eabi/lib/thumb/v7-m\libc_nano.a(lib_a-nano-vfprintf_i.o)
                0x00000000080089b0                . = ALIGN (0x4)

.rel.dyn        0x00000000080089b0        0x0
 .rel.iplt      0x00000000080089b0        0x0 c:/st/stm32cubeide_1.4.0/stm32cubeide/plugins/com.st.stm32cube.ide.mcu.externaltools.gnu-tools-for-stm32.7-2018-q2-update.win32_1.4.0.202007081208/tools/bin/../lib/gcc/arm-none-eabi/7.3.1/thumb/v7-m/crtbegin.o

.ARM.extab
 *(.ARM.extab* .gnu.linkonce.armextab.*)

.ARM            0x00000000080089b0        0x0
                0x00000000080089b0                __exidx_start = .
 *(.ARM.exidx*)
                0x00000000080089b0                __exidx_end = .

.preinit_array  0x00000000080089b0        0x0
                0x00000000080089b0                PROVIDE (__preinit_array_start = .)
 *(.preinit_array*)
                0x00000000080089b0                PROVIDE (__preinit_array_end = .)

.init_array     0x00000000080089b0        0x4
                0x00000000080089b0                PROVIDE (__init_array_start = .)
 *(SORT_BY_NAME(.init_array.*))
 *(.init_array*)
 .init_array    0x00000000080089b0        0x4 c:/st/stm32cubeide_1.4.0/stm32cubeide/plugins/com.st.stm32cube.ide.mcu.externaltools.gnu-tools-for-stm32.7-2018-q2-update.win32_1.4.0.202007081208/tools/bin/../lib/gcc/arm-none-eabi/7.3.1/thumb/v7-m/crtbegin.o
                0x00000000080089b4                PROVIDE (__init_array_end = .)

.fini_array     0x00000000080089b4        0x4
                [!provide]                        PROVIDE (__fini_array_start = .)
 *(SORT_BY_NAME(.fini_array.*))
 *(.fini_array*)
 .fini_array    0x00000000080089b4        0x4 c:/st/stm32cubeide_1.4.0/stm32cubeide/plugins/com.st.stm32cube.ide.mcu.externaltools.gnu-tools-for-stm32.7-2018-q2-update.win32_1.4.0.202007081208/tools/bin/../lib/gcc/arm-none-eabi/7.3.1/thumb/v7-m/crtbegin.o
                [!provide]                        PROVIDE (__fini_array_end = .)
                0x00000000080089b8                _sidata = LOADADDR (.data)

.data           0x0000000020000000       0xa8 load address 0x00000000080089b8
                0x0000000020000000                . = ALIGN (0x4)
                0x0000000020000000                _sdata = .
 *(.data)
 *(.data*)
 .data.uwTickFreq
                0x0000000020000000        0x1 Drivers/STM32F1xx_HAL_Driver/Src/stm32f1xx_hal.o
                0x0000000020000000                uwTickFreq
 *fill*         0x0000000020000001        0x3 
 .data.uwTickPrio
                0x0000000020000004        0x4 Drivers/STM32F1xx_HAL_Driver/Src/stm32f1xx_hal.o
                0x0000000020000004                uwTickPrio
 .data.Stat     0x0000000020000008        0x1 Src/fatfs_sd.o
 .data.filename
                0x0000000020000009       0x17 Src/main.o
                0x0000000020000009                filename
 .data.pathname
                0x0000000020000020        0x9 Src/main.o
                0x0000000020000020                pathname
 *fill*         0x0000000020000029        0x3 
 .data.SystemCoreClock
                0x000000002000002c        0x4 Src/system_stm32f1xx.o
                0x000000002000002c                SystemCoreClock
 .data.USER_Driver
                0x0000000020000030       0x14 Src/user_diskio.o
                0x0000000020000030                USER_Driver
 .data._impure_ptr
                0x0000000020000044        0x4 c:/st/stm32cubeide_1.4.0/stm32cubeide/plugins/com.st.stm32cube.ide.mcu.externaltools.gnu-tools-for-stm32.7-2018-q2-update.win32_1.4.0.202007081208/tools/bin/../lib/gcc/arm-none-eabi/7.3.1/../../../../arm-none-eabi/lib/thumb/v7-m\libc_nano.a(lib_a-impure.o)
                0x0000000020000044                _impure_ptr
 .data.impure_data
                0x0000000020000048       0x60 c:/st/stm32cubeide_1.4.0/stm32cubeide/plugins/com.st.stm32cube.ide.mcu.externaltools.gnu-tools-for-stm32.7-2018-q2-update.win32_1.4.0.202007081208/tools/bin/../lib/gcc/arm-none-eabi/7.3.1/../../../../arm-none-eabi/lib/thumb/v7-m\libc_nano.a(lib_a-impure.o)
                0x00000000200000a8                . = ALIGN (0x4)
                0x00000000200000a8                _edata = .

.igot.plt       0x00000000200000a8        0x0 load address 0x0000000008008a60
 .igot.plt      0x00000000200000a8        0x0 c:/st/stm32cubeide_1.4.0/stm32cubeide/plugins/com.st.stm32cube.ide.mcu.externaltools.gnu-tools-for-stm32.7-2018-q2-update.win32_1.4.0.202007081208/tools/bin/../lib/gcc/arm-none-eabi/7.3.1/thumb/v7-m/crtbegin.o
                0x00000000200000a8                . = ALIGN (0x4)

.bss            0x00000000200000a8     0x2f58 load address 0x0000000008008a60
                0x00000000200000a8                _sbss = .
                0x00000000200000a8                __bss_start__ = _sbss
 *(.bss)
 .bss           0x00000000200000a8       0x1c c:/st/stm32cubeide_1.4.0/stm32cubeide/plugins/com.st.stm32cube.ide.mcu.externaltools.gnu-tools-for-stm32.7-2018-q2-update.win32_1.4.0.202007081208/tools/bin/../lib/gcc/arm-none-eabi/7.3.1/thumb/v7-m/crtbegin.o
 *(.bss*)
 .bss.FatFs     0x00000000200000c4        0x4 Middlewares/Third_Party/FatFs/src/ff.o
 .bss.Files     0x00000000200000c8       0x18 Middlewares/Third_Party/FatFs/src/ff.o
 .bss.Fsid      0x00000000200000e0        0x2 Middlewares/Third_Party/FatFs/src/ff.o
 *fill*         0x00000000200000e2        0x2 
 .bss.disk      0x00000000200000e4        0xc Middlewares/Third_Party/FatFs/src/ff_gen_drv.o
                0x00000000200000e4                disk
 .bss.buf_ind   0x00000000200000f0        0x1 Src/GVRET.o
                0x00000000200000f0                buf_ind
 *fill*         0x00000000200000f1        0x3 
 .bss.build_int.8402
                0x00000000200000f4        0x4 Src/GVRET.o
 .bss.num_file.8146
                0x00000000200000f8        0x4 Src/GVRET.o
 .bss.num_path.8157
                0x00000000200000fc        0x4 Src/GVRET.o
 .bss.serialCnt.8403
                0x0000000020000100        0x4 Src/GVRET.o
 .bss.shift.8278
                0x0000000020000104        0x4 Src/GVRET.o
 .bss.state.8401
                0x0000000020000108        0x1 Src/GVRET.o
 *fill*         0x0000000020000109        0x3 
 .bss.step.8400
                0x000000002000010c        0x4 Src/GVRET.o
 .bss.CardType  0x0000000020000110        0x1 Src/fatfs_sd.o
 .bss.PowerFlag
                0x0000000020000111        0x1 Src/fatfs_sd.o
 *fill*         0x0000000020000112        0x2 
 .bss.error_led_ts
                0x0000000020000114        0x4 Src/main.o
                0x0000000020000114                error_led_ts
 .bss.error_led_z1
                0x0000000020000118        0x1 Src/main.o
                0x0000000020000118                error_led_z1
 .bss.fresult   0x0000000020000119        0x1 Src/main.o
                0x0000000020000119                fresult
 *fill*         0x000000002000011a        0x2 
 .bss.rx_led_ts
                0x000000002000011c        0x4 Src/main.o
                0x000000002000011c                rx_led_ts
 .bss.rx_led_z1
                0x0000000020000120        0x1 Src/main.o
                0x0000000020000120                rx_led_z1
 .bss.script_buf_pointer
                0x0000000020000121        0x1 Src/main.o
                0x0000000020000121                script_buf_pointer
 *fill*         0x0000000020000122        0x6 
 .bss.time_stamp_LED
                0x0000000020000128        0x8 Src/main.o
                0x0000000020000128                time_stamp_LED
 .bss.time_stamp_SAVE
                0x0000000020000130        0x8 Src/main.o
                0x0000000020000130                time_stamp_SAVE
 .bss.time_stamp_UART
                0x0000000020000138        0x8 Src/main.o
                0x0000000020000138                time_stamp_UART
 .bss.tx_led_ts
                0x0000000020000140        0x4 Src/main.o
                0x0000000020000140                tx_led_ts
 .bss.tx_led_z1
                0x0000000020000144        0x1 Src/main.o
                0x0000000020000144                tx_led_z1
 .bss.uart_answ_ready
                0x0000000020000145        0x1 Src/main.o
                0x0000000020000145                uart_answ_ready
 .bss.uart_busy
                0x0000000020000146        0x1 Src/main.o
                0x0000000020000146                uart_busy
 *fill*         0x0000000020000147        0x1 
 .bss.uart_rx_pointer_r
                0x0000000020000148        0x4 Src/main.o
                0x0000000020000148                uart_rx_pointer_r
 .bss.uart_rx_pointer_w
                0x000000002000014c        0x4 Src/main.o
                0x000000002000014c                uart_rx_pointer_w
 .bss.uart_tx_pointer
                0x0000000020000150        0x4 Src/main.o
                0x0000000020000150                uart_tx_pointer
 .bss.FatFsCnt  0x0000000020000154        0x1 Src/stm32f1xx_it.o
                0x0000000020000154                FatFsCnt
 *fill*         0x0000000020000155        0x3 
 .bss.heap_end.5946
                0x0000000020000158        0x4 Src/syscalls.o
 .bss.__malloc_free_list
                0x000000002000015c        0x4 c:/st/stm32cubeide_1.4.0/stm32cubeide/plugins/com.st.stm32cube.ide.mcu.externaltools.gnu-tools-for-stm32.7-2018-q2-update.win32_1.4.0.202007081208/tools/bin/../lib/gcc/arm-none-eabi/7.3.1/../../../../arm-none-eabi/lib/thumb/v7-m\libc_nano.a(lib_a-nano-mallocr.o)
                0x000000002000015c                __malloc_free_list
 .bss.__malloc_sbrk_start
                0x0000000020000160        0x4 c:/st/stm32cubeide_1.4.0/stm32cubeide/plugins/com.st.stm32cube.ide.mcu.externaltools.gnu-tools-for-stm32.7-2018-q2-update.win32_1.4.0.202007081208/tools/bin/../lib/gcc/arm-none-eabi/7.3.1/../../../../arm-none-eabi/lib/thumb/v7-m\libc_nano.a(lib_a-nano-mallocr.o)
                0x0000000020000160                __malloc_sbrk_start
 *(COMMON)
 COMMON         0x0000000020000164        0x4 Drivers/STM32F1xx_HAL_Driver/Src/stm32f1xx_hal.o
                0x0000000020000164                uwTick
 COMMON         0x0000000020000168     0x1770 Src/GVRET.o
                0x0000000020000168                CAN_TxHeader
                0x0000000020000180                can_tx_msg
                0x00000000200001b0                CAN_status
                0x00000000200001b4                CAN_mailbox
                0x00000000200001b8                uart_speed
                0x00000000200001bc                cmd_buf
                0x00000000200001e0                CAN_Buffer
                0x0000000020000d28                eeprom_settings
                0x0000000020000d90                CAN_Log_Buffer
 COMMON         0x00000000200018d8      0x184 Src/LIN.o
                0x00000000200018d8                lin_msg
                0x00000000200018e3                lin_stat
                0x00000000200018f1                lin_send_buffer
                0x00000000200018fc                lin_slave_buf
 COMMON         0x0000000020001a5c       0x28 Src/can.o
                0x0000000020001a5c                hcan
 COMMON         0x0000000020001a84      0x464 Src/fatfs.o
                0x0000000020001a84                USERPath
                0x0000000020001a88                retUSER
                0x0000000020001a8c                USERFile
                0x0000000020001cb8                USERFatFS
 COMMON         0x0000000020001ee8      0xec0 Src/main.o
                0x0000000020001ee8                can_rx_buf
                0x0000000020001f48                conf
                0x0000000020001f7c                uart_tx_com_bufer
                0x0000000020001f9c                fs
                0x00000000200021cc                uart_rx_bufer
                0x00000000200025cc                script_buf
                0x00000000200025ea                uart_rx_char
                0x00000000200025eb                script_read_buf
                0x00000000200029eb                uart_tx_bufer
                0x0000000020002a6b                flash_buffer
                0x0000000020002aec                button_var
                0x0000000020002af4                huart_active
                0x0000000020002af8                huart_lin
                0x0000000020002afc                fil
                0x0000000020002d28                uart_tx_bufer_1
 COMMON         0x0000000020002da8       0x14 Src/rtc.o
                0x0000000020002da8                hrtc
 COMMON         0x0000000020002dbc       0xb0 Src/spi.o
                0x0000000020002dbc                hspi2
                0x0000000020002e14                hspi1
 COMMON         0x0000000020002e6c        0x2 Src/stm32f1xx_it.o
                0x0000000020002e6c                Timer2
                0x0000000020002e6d                Timer1
 *fill*         0x0000000020002e6e        0x2 
 COMMON         0x0000000020002e70      0x18c Src/usart.o
                0x0000000020002e70                huart3
                0x0000000020002eb0                hdma_usart3_tx
                0x0000000020002ef4                hdma_usart1_tx
                0x0000000020002f38                hdma_usart2_tx
                0x0000000020002f7c                huart1
                0x0000000020002fbc                huart2
 COMMON         0x0000000020002ffc        0x4 c:/st/stm32cubeide_1.4.0/stm32cubeide/plugins/com.st.stm32cube.ide.mcu.externaltools.gnu-tools-for-stm32.7-2018-q2-update.win32_1.4.0.202007081208/tools/bin/../lib/gcc/arm-none-eabi/7.3.1/../../../../arm-none-eabi/lib/thumb/v7-m\libc_nano.a(lib_a-reent.o)
                0x0000000020002ffc                errno
                0x0000000020003000                . = ALIGN (0x4)
                0x0000000020003000                _ebss = .
                0x0000000020003000                __bss_end__ = _ebss

._user_heap_stack
                0x0000000020003000      0x600 load address 0x0000000008008a60
                0x0000000020003000                . = ALIGN (0x4)
                0x0000000020003000                PROVIDE (end = .)
                [!provide]                        PROVIDE (_end = .)
                0x0000000020003200                . = (. + _Min_Heap_Size)
 *fill*         0x0000000020003000      0x200 
                0x0000000020003600                . = (. + _Min_Stack_Size)
 *fill*         0x0000000020003200      0x400 
                0x0000000020003600                . = ALIGN (0x4)

/DISCARD/
 libc.a(*)
 libm.a(*)
 libgcc.a(*)

.ARM.attributes
                0x0000000000000000       0x29
 *(.ARM.attributes)
 .ARM.attributes
                0x0000000000000000       0x1d c:/st/stm32cubeide_1.4.0/stm32cubeide/plugins/com.st.stm32cube.ide.mcu.externaltools.gnu-tools-for-stm32.7-2018-q2-update.win32_1.4.0.202007081208/tools/bin/../lib/gcc/arm-none-eabi/7.3.1/thumb/v7-m/crti.o
 .ARM.attributes
                0x000000000000001d       0x2d c:/st/stm32cubeide_1.4.0/stm32cubeide/plugins/com.st.stm32cube.ide.mcu.externaltools.gnu-tools-for-stm32.7-2018-q2-update.win32_1.4.0.202007081208/tools/bin/../lib/gcc/arm-none-eabi/7.3.1/thumb/v7-m/crtbegin.o
 .ARM.attributes
                0x000000000000004a       0x33 Drivers/STM32F1xx_HAL_Driver/Src/stm32f1xx_hal.o
 .ARM.attributes
                0x000000000000007d       0x33 Drivers/STM32F1xx_HAL_Driver/Src/stm32f1xx_hal_can.o
 .ARM.attributes
                0x00000000000000b0       0x33 Drivers/STM32F1xx_HAL_Driver/Src/stm32f1xx_hal_cortex.o
 .ARM.attributes
                0x00000000000000e3       0x33 Drivers/STM32F1xx_HAL_Driver/Src/stm32f1xx_hal_dma.o
 .ARM.attributes
                0x0000000000000116       0x33 Drivers/STM32F1xx_HAL_Driver/Src/stm32f1xx_hal_gpio.o
 .ARM.attributes
                0x0000000000000149       0x33 Drivers/STM32F1xx_HAL_Driver/Src/stm32f1xx_hal_pwr.o
 .ARM.attributes
                0x000000000000017c       0x33 Drivers/STM32F1xx_HAL_Driver/Src/stm32f1xx_hal_rcc.o
 .ARM.attributes
                0x00000000000001af       0x33 Drivers/STM32F1xx_HAL_Driver/Src/stm32f1xx_hal_rcc_ex.o
 .ARM.attributes
                0x00000000000001e2       0x33 Drivers/STM32F1xx_HAL_Driver/Src/stm32f1xx_hal_rtc.o
 .ARM.attributes
                0x0000000000000215       0x33 Drivers/STM32F1xx_HAL_Driver/Src/stm32f1xx_hal_spi.o
 .ARM.attributes
                0x0000000000000248       0x33 Drivers/STM32F1xx_HAL_Driver/Src/stm32f1xx_hal_uart.o
 .ARM.attributes
                0x000000000000027b       0x33 Middlewares/Third_Party/FatFs/src/diskio.o
 .ARM.attributes
                0x00000000000002ae       0x33 Middlewares/Third_Party/FatFs/src/ff.o
 .ARM.attributes
                0x00000000000002e1       0x33 Middlewares/Third_Party/FatFs/src/ff_gen_drv.o
 .ARM.attributes
                0x0000000000000314       0x33 Src/GVRET.o
 .ARM.attributes
                0x0000000000000347       0x33 Src/LIN.o
 .ARM.attributes
                0x000000000000037a       0x33 Src/button.o
 .ARM.attributes
                0x00000000000003ad       0x33 Src/can.o
 .ARM.attributes
                0x00000000000003e0       0x33 Src/dma.o
 .ARM.attributes
                0x0000000000000413       0x33 Src/eeprom.o
 .ARM.attributes
                0x0000000000000446       0x33 Src/fatfs.o
 .ARM.attributes
                0x0000000000000479       0x33 Src/fatfs_sd.o
 .ARM.attributes
                0x00000000000004ac       0x33 Src/gpio.o
 .ARM.attributes
                0x00000000000004df       0x33 Src/help.o
 .ARM.attributes
                0x0000000000000512       0x33 Src/main.o
 .ARM.attributes
                0x0000000000000545       0x33 Src/rtc.o
 .ARM.attributes
                0x0000000000000578       0x33 Src/spi.o
 .ARM.attributes
                0x00000000000005ab       0x33 Src/stm32f1xx_hal_msp.o
 .ARM.attributes
                0x00000000000005de       0x33 Src/stm32f1xx_it.o
 .ARM.attributes
                0x0000000000000611       0x33 Src/syscalls.o
 .ARM.attributes
                0x0000000000000644       0x33 Src/system_stm32f1xx.o
 .ARM.attributes
                0x0000000000000677       0x33 Src/usart.o
 .ARM.attributes
                0x00000000000006aa       0x33 Src/user_diskio.o
 .ARM.attributes
                0x00000000000006dd       0x21 startup/startup_stm32f103xb.o
 .ARM.attributes
                0x00000000000006fe       0x2d c:/st/stm32cubeide_1.4.0/stm32cubeide/plugins/com.st.stm32cube.ide.mcu.externaltools.gnu-tools-for-stm32.7-2018-q2-update.win32_1.4.0.202007081208/tools/bin/../lib/gcc/arm-none-eabi/7.3.1/../../../../arm-none-eabi/lib/thumb/v7-m\libc_nano.a(lib_a-errno.o)
 .ARM.attributes
                0x000000000000072b       0x2d c:/st/stm32cubeide_1.4.0/stm32cubeide/plugins/com.st.stm32cube.ide.mcu.externaltools.gnu-tools-for-stm32.7-2018-q2-update.win32_1.4.0.202007081208/tools/bin/../lib/gcc/arm-none-eabi/7.3.1/../../../../arm-none-eabi/lib/thumb/v7-m\libc_nano.a(lib_a-impure.o)
 .ARM.attributes
                0x0000000000000758       0x2d c:/st/stm32cubeide_1.4.0/stm32cubeide/plugins/com.st.stm32cube.ide.mcu.externaltools.gnu-tools-for-stm32.7-2018-q2-update.win32_1.4.0.202007081208/tools/bin/../lib/gcc/arm-none-eabi/7.3.1/../../../../arm-none-eabi/lib/thumb/v7-m\libc_nano.a(lib_a-init.o)
 .ARM.attributes
                0x0000000000000785       0x2d c:/st/stm32cubeide_1.4.0/stm32cubeide/plugins/com.st.stm32cube.ide.mcu.externaltools.gnu-tools-for-stm32.7-2018-q2-update.win32_1.4.0.202007081208/tools/bin/../lib/gcc/arm-none-eabi/7.3.1/../../../../arm-none-eabi/lib/thumb/v7-m\libc_nano.a(lib_a-memset.o)
 .ARM.attributes
                0x00000000000007b2       0x2d c:/st/stm32cubeide_1.4.0/stm32cubeide/plugins/com.st.stm32cube.ide.mcu.externaltools.gnu-tools-for-stm32.7-2018-q2-update.win32_1.4.0.202007081208/tools/bin/../lib/gcc/arm-none-eabi/7.3.1/../../../../arm-none-eabi/lib/thumb/v7-m\libc_nano.a(lib_a-sprintf.o)
 .ARM.attributes
                0x00000000000007df       0x17 c:/st/stm32cubeide_1.4.0/stm32cubeide/plugins/com.st.stm32cube.ide.mcu.externaltools.gnu-tools-for-stm32.7-2018-q2-update.win32_1.4.0.202007081208/tools/bin/../lib/gcc/arm-none-eabi/7.3.1/../../../../arm-none-eabi/lib/thumb/v7-m\libc_nano.a(lib_a-strlen.o)
 .ARM.attributes
                0x00000000000007f6       0x2d c:/st/stm32cubeide_1.4.0/stm32cubeide/plugins/com.st.stm32cube.ide.mcu.externaltools.gnu-tools-for-stm32.7-2018-q2-update.win32_1.4.0.202007081208/tools/bin/../lib/gcc/arm-none-eabi/7.3.1/../../../../arm-none-eabi/lib/thumb/v7-m\libc_nano.a(lib_a-nano-svfprintf.o)
 .ARM.attributes
                0x0000000000000823       0x2d c:/st/stm32cubeide_1.4.0/stm32cubeide/plugins/com.st.stm32cube.ide.mcu.externaltools.gnu-tools-for-stm32.7-2018-q2-update.win32_1.4.0.202007081208/tools/bin/../lib/gcc/arm-none-eabi/7.3.1/../../../../arm-none-eabi/lib/thumb/v7-m\libc_nano.a(lib_a-nano-vfprintf_i.o)
 .ARM.attributes
                0x0000000000000850       0x2d c:/st/stm32cubeide_1.4.0/stm32cubeide/plugins/com.st.stm32cube.ide.mcu.externaltools.gnu-tools-for-stm32.7-2018-q2-update.win32_1.4.0.202007081208/tools/bin/../lib/gcc/arm-none-eabi/7.3.1/../../../../arm-none-eabi/lib/thumb/v7-m\libc_nano.a(lib_a-memchr-stub.o)
 .ARM.attributes
                0x000000000000087d       0x2d c:/st/stm32cubeide_1.4.0/stm32cubeide/plugins/com.st.stm32cube.ide.mcu.externaltools.gnu-tools-for-stm32.7-2018-q2-update.win32_1.4.0.202007081208/tools/bin/../lib/gcc/arm-none-eabi/7.3.1/../../../../arm-none-eabi/lib/thumb/v7-m\libc_nano.a(lib_a-memcpy-stub.o)
 .ARM.attributes
                0x00000000000008aa       0x2d c:/st/stm32cubeide_1.4.0/stm32cubeide/plugins/com.st.stm32cube.ide.mcu.externaltools.gnu-tools-for-stm32.7-2018-q2-update.win32_1.4.0.202007081208/tools/bin/../lib/gcc/arm-none-eabi/7.3.1/../../../../arm-none-eabi/lib/thumb/v7-m\libc_nano.a(lib_a-memmove.o)
 .ARM.attributes
                0x00000000000008d7       0x2d c:/st/stm32cubeide_1.4.0/stm32cubeide/plugins/com.st.stm32cube.ide.mcu.externaltools.gnu-tools-for-stm32.7-2018-q2-update.win32_1.4.0.202007081208/tools/bin/../lib/gcc/arm-none-eabi/7.3.1/../../../../arm-none-eabi/lib/thumb/v7-m\libc_nano.a(lib_a-nano-freer.o)
 .ARM.attributes
                0x0000000000000904       0x2d c:/st/stm32cubeide_1.4.0/stm32cubeide/plugins/com.st.stm32cube.ide.mcu.externaltools.gnu-tools-for-stm32.7-2018-q2-update.win32_1.4.0.202007081208/tools/bin/../lib/gcc/arm-none-eabi/7.3.1/../../../../arm-none-eabi/lib/thumb/v7-m\libc_nano.a(lib_a-nano-mallocr.o)
 .ARM.attributes
                0x0000000000000931       0x2d c:/st/stm32cubeide_1.4.0/stm32cubeide/plugins/com.st.stm32cube.ide.mcu.externaltools.gnu-tools-for-stm32.7-2018-q2-update.win32_1.4.0.202007081208/tools/bin/../lib/gcc/arm-none-eabi/7.3.1/../../../../arm-none-eabi/lib/thumb/v7-m\libc_nano.a(lib_a-nano-reallocr.o)
 .ARM.attributes
                0x000000000000095e       0x2d c:/st/stm32cubeide_1.4.0/stm32cubeide/plugins/com.st.stm32cube.ide.mcu.externaltools.gnu-tools-for-stm32.7-2018-q2-update.win32_1.4.0.202007081208/tools/bin/../lib/gcc/arm-none-eabi/7.3.1/../../../../arm-none-eabi/lib/thumb/v7-m\libc_nano.a(lib_a-sbrkr.o)
 .ARM.attributes
                0x000000000000098b       0x2d c:/st/stm32cubeide_1.4.0/stm32cubeide/plugins/com.st.stm32cube.ide.mcu.externaltools.gnu-tools-for-stm32.7-2018-q2-update.win32_1.4.0.202007081208/tools/bin/../lib/gcc/arm-none-eabi/7.3.1/../../../../arm-none-eabi/lib/thumb/v7-m\libc_nano.a(lib_a-mlock.o)
 .ARM.attributes
                0x00000000000009b8       0x2d c:/st/stm32cubeide_1.4.0/stm32cubeide/plugins/com.st.stm32cube.ide.mcu.externaltools.gnu-tools-for-stm32.7-2018-q2-update.win32_1.4.0.202007081208/tools/bin/../lib/gcc/arm-none-eabi/7.3.1/../../../../arm-none-eabi/lib/thumb/v7-m\libc_nano.a(lib_a-nano-msizer.o)
 .ARM.attributes
                0x00000000000009e5       0x2d c:/st/stm32cubeide_1.4.0/stm32cubeide/plugins/com.st.stm32cube.ide.mcu.externaltools.gnu-tools-for-stm32.7-2018-q2-update.win32_1.4.0.202007081208/tools/bin/../lib/gcc/arm-none-eabi/7.3.1/../../../../arm-none-eabi/lib/thumb/v7-m\libc_nano.a(lib_a-reent.o)
 .ARM.attributes
                0x0000000000000a12       0x2d c:/st/stm32cubeide_1.4.0/stm32cubeide/plugins/com.st.stm32cube.ide.mcu.externaltools.gnu-tools-for-stm32.7-2018-q2-update.win32_1.4.0.202007081208/tools/bin/../lib/gcc/arm-none-eabi/7.3.1/../../../../arm-none-eabi/lib/thumb/v7-m\libm.a(lib_a-sf_round.o)
 .ARM.attributes
                0x0000000000000a3f       0x1d c:/st/stm32cubeide_1.4.0/stm32cubeide/plugins/com.st.stm32cube.ide.mcu.externaltools.gnu-tools-for-stm32.7-2018-q2-update.win32_1.4.0.202007081208/tools/bin/../lib/gcc/arm-none-eabi/7.3.1/thumb/v7-m\libgcc.a(_arm_addsubsf3.o)
 .ARM.attributes
                0x0000000000000a5c       0x1d c:/st/stm32cubeide_1.4.0/stm32cubeide/plugins/com.st.stm32cube.ide.mcu.externaltools.gnu-tools-for-stm32.7-2018-q2-update.win32_1.4.0.202007081208/tools/bin/../lib/gcc/arm-none-eabi/7.3.1/thumb/v7-m\libgcc.a(_arm_muldivsf3.o)
 .ARM.attributes
                0x0000000000000a79       0x1d c:/st/stm32cubeide_1.4.0/stm32cubeide/plugins/com.st.stm32cube.ide.mcu.externaltools.gnu-tools-for-stm32.7-2018-q2-update.win32_1.4.0.202007081208/tools/bin/../lib/gcc/arm-none-eabi/7.3.1/thumb/v7-m\libgcc.a(_arm_cmpsf2.o)
 .ARM.attributes
                0x0000000000000a96       0x1d c:/st/stm32cubeide_1.4.0/stm32cubeide/plugins/com.st.stm32cube.ide.mcu.externaltools.gnu-tools-for-stm32.7-2018-q2-update.win32_1.4.0.202007081208/tools/bin/../lib/gcc/arm-none-eabi/7.3.1/thumb/v7-m\libgcc.a(_arm_fixunssfsi.o)
 .ARM.attributes
                0x0000000000000ab3       0x1d c:/st/stm32cubeide_1.4.0/stm32cubeide/plugins/com.st.stm32cube.ide.mcu.externaltools.gnu-tools-for-stm32.7-2018-q2-update.win32_1.4.0.202007081208/tools/bin/../lib/gcc/arm-none-eabi/7.3.1/thumb/v7-m/crtn.o
OUTPUT(CAN_USB.elf elf32-littlearm)

.debug_info     0x0000000000000000    0x216a9
 .debug_info    0x0000000000000000      0x7e8 Drivers/STM32F1xx_HAL_Driver/Src/stm32f1xx_hal.o
 .debug_info    0x00000000000007e8     0x10e9 Drivers/STM32F1xx_HAL_Driver/Src/stm32f1xx_hal_can.o
 .debug_info    0x00000000000018d1      0xcaf Drivers/STM32F1xx_HAL_Driver/Src/stm32f1xx_hal_cortex.o
 .debug_info    0x0000000000002580      0x846 Drivers/STM32F1xx_HAL_Driver/Src/stm32f1xx_hal_dma.o
 .debug_info    0x0000000000002dc6      0x69c Drivers/STM32F1xx_HAL_Driver/Src/stm32f1xx_hal_gpio.o
 .debug_info    0x0000000000003462      0x6ff Drivers/STM32F1xx_HAL_Driver/Src/stm32f1xx_hal_pwr.o
 .debug_info    0x0000000000003b61      0x9e6 Drivers/STM32F1xx_HAL_Driver/Src/stm32f1xx_hal_rcc.o
 .debug_info    0x0000000000004547      0x497 Drivers/STM32F1xx_HAL_Driver/Src/stm32f1xx_hal_rcc_ex.o
 .debug_info    0x00000000000049de     0x1313 Drivers/STM32F1xx_HAL_Driver/Src/stm32f1xx_hal_rtc.o
 .debug_info    0x0000000000005cf1     0x1bf4 Drivers/STM32F1xx_HAL_Driver/Src/stm32f1xx_hal_spi.o
 .debug_info    0x00000000000078e5     0x164e Drivers/STM32F1xx_HAL_Driver/Src/stm32f1xx_hal_uart.o
 .debug_info    0x0000000000008f33      0xa90 Middlewares/Third_Party/FatFs/src/diskio.o
 .debug_info    0x00000000000099c3     0x40c8 Middlewares/Third_Party/FatFs/src/ff.o
 .debug_info    0x000000000000da8b      0xad4 Middlewares/Third_Party/FatFs/src/ff_gen_drv.o
 .debug_info    0x000000000000e55f     0x3942 Src/GVRET.o
 .debug_info    0x0000000000011ea1      0xed7 Src/LIN.o
 .debug_info    0x0000000000012d78      0x2d2 Src/button.o
 .debug_info    0x000000000001304a      0xfc4 Src/can.o
 .debug_info    0x000000000001400e      0x9b4 Src/dma.o
 .debug_info    0x00000000000149c2      0xf1c Src/eeprom.o
 .debug_info    0x00000000000158de      0xb44 Src/fatfs.o
 .debug_info    0x0000000000016422     0x15a8 Src/fatfs_sd.o
 .debug_info    0x00000000000179ca      0xab8 Src/gpio.o
 .debug_info    0x0000000000018482       0x5c Src/help.o
 .debug_info    0x00000000000184de     0x3040 Src/main.o
 .debug_info    0x000000000001b51e      0xa56 Src/rtc.o
 .debug_info    0x000000000001bf74      0xcc2 Src/spi.o
 .debug_info    0x000000000001cc36      0x85d Src/stm32f1xx_hal_msp.o
 .debug_info    0x000000000001d493      0xd27 Src/stm32f1xx_it.o
 .debug_info    0x000000000001e1ba      0xfe9 Src/syscalls.o
 .debug_info    0x000000000001f1a3      0x445 Src/system_stm32f1xx.o
 .debug_info    0x000000000001f5e8      0xe4d Src/usart.o
 .debug_info    0x0000000000020435     0x1252 Src/user_diskio.o
 .debug_info    0x0000000000021687       0x22 startup/startup_stm32f103xb.o

.debug_abbrev   0x0000000000000000     0x4f2e
 .debug_abbrev  0x0000000000000000      0x240 Drivers/STM32F1xx_HAL_Driver/Src/stm32f1xx_hal.o
 .debug_abbrev  0x0000000000000240      0x2be Drivers/STM32F1xx_HAL_Driver/Src/stm32f1xx_hal_can.o
 .debug_abbrev  0x00000000000004fe      0x30c Drivers/STM32F1xx_HAL_Driver/Src/stm32f1xx_hal_cortex.o
 .debug_abbrev  0x000000000000080a      0x232 Drivers/STM32F1xx_HAL_Driver/Src/stm32f1xx_hal_dma.o
 .debug_abbrev  0x0000000000000a3c      0x1e9 Drivers/STM32F1xx_HAL_Driver/Src/stm32f1xx_hal_gpio.o
 .debug_abbrev  0x0000000000000c25      0x1d8 Drivers/STM32F1xx_HAL_Driver/Src/stm32f1xx_hal_pwr.o
 .debug_abbrev  0x0000000000000dfd      0x2ac Drivers/STM32F1xx_HAL_Driver/Src/stm32f1xx_hal_rcc.o
 .debug_abbrev  0x00000000000010a9      0x1c9 Drivers/STM32F1xx_HAL_Driver/Src/stm32f1xx_hal_rcc_ex.o
 .debug_abbrev  0x0000000000001272      0x2e9 Drivers/STM32F1xx_HAL_Driver/Src/stm32f1xx_hal_rtc.o
 .debug_abbrev  0x000000000000155b      0x358 Drivers/STM32F1xx_HAL_Driver/Src/stm32f1xx_hal_spi.o
 .debug_abbrev  0x00000000000018b3      0x2fe Drivers/STM32F1xx_HAL_Driver/Src/stm32f1xx_hal_uart.o
 .debug_abbrev  0x0000000000001bb1      0x201 Middlewares/Third_Party/FatFs/src/diskio.o
 .debug_abbrev  0x0000000000001db2      0x3cf Middlewares/Third_Party/FatFs/src/ff.o
 .debug_abbrev  0x0000000000002181      0x274 Middlewares/Third_Party/FatFs/src/ff_gen_drv.o
 .debug_abbrev  0x00000000000023f5      0x5e9 Src/GVRET.o
 .debug_abbrev  0x00000000000029de      0x2b5 Src/LIN.o
 .debug_abbrev  0x0000000000002c93      0x120 Src/button.o
 .debug_abbrev  0x0000000000002db3      0x251 Src/can.o
 .debug_abbrev  0x0000000000003004      0x195 Src/dma.o
 .debug_abbrev  0x0000000000003199      0x244 Src/eeprom.o
 .debug_abbrev  0x00000000000033dd      0x1f7 Src/fatfs.o
 .debug_abbrev  0x00000000000035d4      0x373 Src/fatfs_sd.o
 .debug_abbrev  0x0000000000003947      0x1ab Src/gpio.o
 .debug_abbrev  0x0000000000003af2       0x48 Src/help.o
 .debug_abbrev  0x0000000000003b3a      0x442 Src/main.o
 .debug_abbrev  0x0000000000003f7c      0x1d3 Src/rtc.o
 .debug_abbrev  0x000000000000414f      0x1fc Src/spi.o
 .debug_abbrev  0x000000000000434b      0x159 Src/stm32f1xx_hal_msp.o
 .debug_abbrev  0x00000000000044a4      0x237 Src/stm32f1xx_it.o
 .debug_abbrev  0x00000000000046db      0x2dc Src/syscalls.o
 .debug_abbrev  0x00000000000049b7      0x134 Src/system_stm32f1xx.o
 .debug_abbrev  0x0000000000004aeb      0x20b Src/usart.o
 .debug_abbrev  0x0000000000004cf6      0x226 Src/user_diskio.o
 .debug_abbrev  0x0000000000004f1c       0x12 startup/startup_stm32f103xb.o

.debug_loc      0x0000000000000000     0xd7dd
 .debug_loc     0x0000000000000000      0x115 Drivers/STM32F1xx_HAL_Driver/Src/stm32f1xx_hal.o
 .debug_loc     0x0000000000000115      0xa35 Drivers/STM32F1xx_HAL_Driver/Src/stm32f1xx_hal_can.o
 .debug_loc     0x0000000000000b4a      0x457 Drivers/STM32F1xx_HAL_Driver/Src/stm32f1xx_hal_cortex.o
 .debug_loc     0x0000000000000fa1      0x611 Drivers/STM32F1xx_HAL_Driver/Src/stm32f1xx_hal_dma.o
 .debug_loc     0x00000000000015b2      0x2f6 Drivers/STM32F1xx_HAL_Driver/Src/stm32f1xx_hal_gpio.o
 .debug_loc     0x00000000000018a8       0xaa Drivers/STM32F1xx_HAL_Driver/Src/stm32f1xx_hal_pwr.o
 .debug_loc     0x0000000000001952      0x486 Drivers/STM32F1xx_HAL_Driver/Src/stm32f1xx_hal_rcc.o
 .debug_loc     0x0000000000001dd8      0x29d Drivers/STM32F1xx_HAL_Driver/Src/stm32f1xx_hal_rcc_ex.o
 .debug_loc     0x0000000000002075      0xee2 Drivers/STM32F1xx_HAL_Driver/Src/stm32f1xx_hal_rtc.o
 .debug_loc     0x0000000000002f57     0x154a Drivers/STM32F1xx_HAL_Driver/Src/stm32f1xx_hal_spi.o
 .debug_loc     0x00000000000044a1     0x1360 Drivers/STM32F1xx_HAL_Driver/Src/stm32f1xx_hal_uart.o
 .debug_loc     0x0000000000005801      0x1c6 Middlewares/Third_Party/FatFs/src/diskio.o
 .debug_loc     0x00000000000059c7     0x441b Middlewares/Third_Party/FatFs/src/ff.o
 .debug_loc     0x0000000000009de2      0x222 Middlewares/Third_Party/FatFs/src/ff_gen_drv.o
 .debug_loc     0x000000000000a004     0x1965 Src/GVRET.o
 .debug_loc     0x000000000000b969      0x3f1 Src/LIN.o
 .debug_loc     0x000000000000bd5a      0x2cf Src/button.o
 .debug_loc     0x000000000000c029       0x87 Src/can.o
 .debug_loc     0x000000000000c0b0      0x2d2 Src/eeprom.o
 .debug_loc     0x000000000000c382      0x9ad Src/fatfs_sd.o
 .debug_loc     0x000000000000cd2f      0x2d2 Src/main.o
 .debug_loc     0x000000000000d001       0x21 Src/rtc.o
 .debug_loc     0x000000000000d022       0x7c Src/spi.o
 .debug_loc     0x000000000000d09e       0x55 Src/stm32f1xx_it.o
 .debug_loc     0x000000000000d0f3      0x3ef Src/syscalls.o
 .debug_loc     0x000000000000d4e2       0xcd Src/system_stm32f1xx.o
 .debug_loc     0x000000000000d5af       0x81 Src/usart.o
 .debug_loc     0x000000000000d630      0x1ad Src/user_diskio.o

.debug_aranges  0x0000000000000000     0x1080
 .debug_aranges
                0x0000000000000000       0xd8 Drivers/STM32F1xx_HAL_Driver/Src/stm32f1xx_hal.o
 .debug_aranges
                0x00000000000000d8       0xc8 Drivers/STM32F1xx_HAL_Driver/Src/stm32f1xx_hal_can.o
 .debug_aranges
                0x00000000000001a0       0x90 Drivers/STM32F1xx_HAL_Driver/Src/stm32f1xx_hal_cortex.o
 .debug_aranges
                0x0000000000000230       0x78 Drivers/STM32F1xx_HAL_Driver/Src/stm32f1xx_hal_dma.o
 .debug_aranges
                0x00000000000002a8       0x58 Drivers/STM32F1xx_HAL_Driver/Src/stm32f1xx_hal_gpio.o
 .debug_aranges
                0x0000000000000300       0xa8 Drivers/STM32F1xx_HAL_Driver/Src/stm32f1xx_hal_pwr.o
 .debug_aranges
                0x00000000000003a8       0x88 Drivers/STM32F1xx_HAL_Driver/Src/stm32f1xx_hal_rcc.o
 .debug_aranges
                0x0000000000000430       0x30 Drivers/STM32F1xx_HAL_Driver/Src/stm32f1xx_hal_rcc_ex.o
 .debug_aranges
                0x0000000000000460       0xd8 Drivers/STM32F1xx_HAL_Driver/Src/stm32f1xx_hal_rtc.o
 .debug_aranges
                0x0000000000000538      0x188 Drivers/STM32F1xx_HAL_Driver/Src/stm32f1xx_hal_spi.o
 .debug_aranges
                0x00000000000006c0      0x170 Drivers/STM32F1xx_HAL_Driver/Src/stm32f1xx_hal_uart.o
 .debug_aranges
                0x0000000000000830       0x48 Middlewares/Third_Party/FatFs/src/diskio.o
 .debug_aranges
                0x0000000000000878      0x1b0 Middlewares/Third_Party/FatFs/src/ff.o
 .debug_aranges
                0x0000000000000a28       0x40 Middlewares/Third_Party/FatFs/src/ff_gen_drv.o
 .debug_aranges
                0x0000000000000a68      0x110 Src/GVRET.o
 .debug_aranges
                0x0000000000000b78       0x70 Src/LIN.o
 .debug_aranges
                0x0000000000000be8       0x20 Src/button.o
 .debug_aranges
                0x0000000000000c08       0x30 Src/can.o
 .debug_aranges
                0x0000000000000c38       0x20 Src/dma.o
 .debug_aranges
                0x0000000000000c58       0x38 Src/eeprom.o
 .debug_aranges
                0x0000000000000c90       0x28 Src/fatfs.o
 .debug_aranges
                0x0000000000000cb8       0x90 Src/fatfs_sd.o
 .debug_aranges
                0x0000000000000d48       0x20 Src/gpio.o
 .debug_aranges
                0x0000000000000d68       0x18 Src/help.o
 .debug_aranges
                0x0000000000000d80       0x78 Src/main.o
 .debug_aranges
                0x0000000000000df8       0x30 Src/rtc.o
 .debug_aranges
                0x0000000000000e28       0x38 Src/spi.o
 .debug_aranges
                0x0000000000000e60       0x20 Src/stm32f1xx_hal_msp.o
 .debug_aranges
                0x0000000000000e80       0x80 Src/stm32f1xx_it.o
 .debug_aranges
                0x0000000000000f00       0xb0 Src/syscalls.o
 .debug_aranges
                0x0000000000000fb0       0x28 Src/system_stm32f1xx.o
 .debug_aranges
                0x0000000000000fd8       0x40 Src/usart.o
 .debug_aranges
                0x0000000000001018       0x40 Src/user_diskio.o
 .debug_aranges