Archive member included to satisfy reference by file (symbol)

c:/st/stm32cubeide_1.4.0/stm32cubeide/plugins/com.st.stm32cube.ide.mcu.externaltools.gnu-tools-for-stm32.7-2018-q2-update.win32_1.4.0.202007081208/tools/bin/../lib/gcc/arm-none-eabi/7.3.1/../../../../arm-none-eabi/lib/thumb/v7-m\libc_nano.a(lib_a-errno.o)
                              Src/syscalls.o (__errno)
c:/st/stm32cubeide_1.4.0/stm32cubeide/plugins/com.st.stm32cube.ide.mcu.externaltools.gnu-tools-for-stm32.7-2018-q2-update.win32_1.4.0.202007081208/tools/bin/../lib/gcc/arm-none-eabi/7.3.1/../../../../arm-none-eabi/lib/thumb/v7-m\libc_nano.a(lib_a-exit.o)
                              c:/st/stm32cubeide_1.4.0/stm32cubeide/plugins/com.st.stm32cube.ide.mcu.externaltools.gnu-tools-for-stm32.7-2018-q2-update.win32_1.4.0.202007081208/tools/bin/../lib/gcc/arm-none-eabi/7.3.1/../../../../arm-none-eabi/lib/thumb/v7-m/crt0.o (exit)
c:/st/stm32cubeide_1.4.0/stm32cubeide/plugins/com.st.stm32cube.ide.mcu.externaltools.gnu-tools-for-stm32.7-2018-q2-update.win32_1.4.0.202007081208/tools/bin/../lib/gcc/arm-none-eabi/7.3.1/../../../../arm-none-eabi/lib/thumb/v7-m\libc_nano.a(lib_a-impure.o)
                              c:/st/stm32cubeide_1.4.0/stm32cubeide/plugins/com.st.stm32cube.ide.mcu.externaltools.gnu-tools-for-stm32.7-2018-q2-update.win32_1.4.0.202007081208/tools/bin/../lib/gcc/arm-none-eabi/7.3.1/../../../../arm-none-eabi/lib/thumb/v7-m\libc_nano.a(lib_a-exit.o) (_global_impure_ptr)
c:/st/stm32cubeide_1.4.0/stm32cubeide/plugins/com.st.stm32cube.ide.mcu.externaltools.gnu-tools-for-stm32.7-2018-q2-update.win32_1.4.0.202007081208/tools/bin/../lib/gcc/arm-none-eabi/7.3.1/../../../../arm-none-eabi/lib/thumb/v7-m\libc_nano.a(lib_a-init.o)
                              c:/st/stm32cubeide_1.4.0/stm32cubeide/plugins/com.st.stm32cube.ide.mcu.externaltools.gnu-tools-for-stm32.7-2018-q2-update.win32_1.4.0.202007081208/tools/bin/../lib/gcc/arm-none-eabi/7.3.1/../../../../arm-none-eabi/lib/thumb/v7-m/crt0.o (__libc_init_array)
c:/st/stm32cubeide_1.4.0/stm32cubeide/plugins/com.st.stm32cube.ide.mcu.externaltools.gnu-tools-for-stm32.7-2018-q2-update.win32_1.4.0.202007081208/tools/bin/../lib/gcc/arm-none-eabi/7.3.1/../../../../arm-none-eabi/lib/thumb/v7-m\libc_nano.a(lib_a-memset.o)
                              c:/st/stm32cubeide_1.4.0/stm32cubeide/plugins/com.st.stm32cube.ide.mcu.externaltools.gnu-tools-for-stm32.7-2018-q2-update.win32_1.4.0.202007081208/tools/bin/../lib/gcc/arm-none-eabi/7.3.1/../../../../arm-none-eabi/lib/thumb/v7-m/crt0.o (memset)
c:/st/stm32cubeide_1.4.0/stm32cubeide/plugins/com.st.stm32cube.ide.mcu.externaltools.gnu-tools-for-stm32.7-2018-q2-update.win32_1.4.0.202007081208/tools/bin/../lib/gcc/arm-none-eabi/7.3.1/../../../../arm-none-eabi/lib/thumb/v7-m\libc_nano.a(lib_a-sprintf.o)
                              Src/GVRET.o (sprintf)
c:/st/stm32cubeide_1.4.0/stm32cubeide/plugins/com.st.stm32cube.ide.mcu.externaltools.gnu-tools-for-stm32.7-2018-q2-update.win32_1.4.0.202007081208/tools/bin/../lib/gcc/arm-none-eabi/7.3.1/../../../../arm-none-eabi/lib/thumb/v7-m\libc_nano.a(lib_a-strlen.o)
                              Src/GVRET.o (strlen)
c:/st/stm32cubeide_1.4.0/stm32cubeide/plugins/com.st.stm32cube.ide.mcu.externaltools.gnu-tools-for-stm32.7-2018-q2-update.win32_1.4.0.202007081208/tools/bin/../lib/gcc/arm-none-eabi/7.3.1/../../../../arm-none-eabi/lib/thumb/v7-m\libc_nano.a(lib_a-nano-svfprintf.o)
                              c:/st/stm32cubeide_1.4.0/stm32cubeide/plugins/com.st.stm32cube.ide.mcu.externaltools.gnu-tools-for-stm32.7-2018-q2-update.win32_1.4.0.202007081208/tools/bin/../lib/gcc/arm-none-eabi/7.3.1/../../../../arm-none-eabi/lib/thumb/v7-m\libc_nano.a(lib_a-sprintf.o) (_svfprintf_r)
c:/st/stm32cubeide_1.4.0/stm32cubeide/plugins/com.st.stm32cube.ide.mcu.externaltools.gnu-tools-for-stm32.7-2018-q2-update.win32_1.4.0.202007081208/tools/bin/../lib/gcc/arm-none-eabi/7.3.1/../../../../arm-none-eabi/lib/thumb/v7-m\libc_nano.a(lib_a-nano-vfprintf_i.o)
                              c:/st/stm32cubeide_1.4.0/stm32cubeide/plugins/com.st.stm32cube.ide.mcu.externaltools.gnu-tools-for-stm32.7-2018-q2-update.win32_1.4.0.202007081208/tools/bin/../lib/gcc/arm-none-eabi/7.3.1/../../../../arm-none-eabi/lib/thumb/v7-m\libc_nano.a(lib_a-nano-svfprintf.o) (_printf_i)
c:/st/stm32cubeide_1.4.0/stm32cubeide/plugins/com.st.stm32cube.ide.mcu.externaltools.gnu-tools-for-stm32.7-2018-q2-update.win32_1.4.0.202007081208/tools/bin/../lib/gcc/arm-none-eabi/7.3.1/../../../../arm-none-eabi/lib/thumb/v7-m\libc_nano.a(lib_a-memchr-stub.o)
                              c:/st/stm32cubeide_1.4.0/stm32cubeide/plugins/com.st.stm32cube.ide.mcu.externaltools.gnu-tools-for-stm32.7-2018-q2-update.win32_1.4.0.202007081208/tools/bin/../lib/gcc/arm-none-eabi/7.3.1/../../../../arm-none-eabi/lib/thumb/v7-m\libc_nano.a(lib_a-nano-svfprintf.o) (memchr)
[...]
Memory Configuration

Name             Origin             Length             Attributes
RAM              0x0000000020000000 0x0000000000005000 xrw
FLASH            0x0000000008000000 0x0000000000010000 xr
*default*        0x0000000000000000 0xffffffffffffffff

Linker script and memory map

LOAD c:/st/stm32cubeide_1.4.0/stm32cubeide/plugins/com.st.stm32cube.ide.mcu.externaltools.gnu-tools-for-stm32.7-2018-q2-update.win32_1.4.0.202007081208/tools/bin/../lib/gcc/arm-none-eabi/7.3.1/thumb/v7-m/crti.o
LOAD c:/st/stm32cubeide_1.4.0/stm32cubeide/plugins/com.st.stm32cube.ide.mcu.externaltools.gnu-tools-for-stm32.7-2018-q2-update.win32_1.4.0.202007081208/tools/bin/../lib/gcc/arm-none-eabi/7.3.1/thumb/v7-m/crtbegin.o
LOAD c:/st/stm32cubeide_1.4.0/stm32cubeide/plugins/com.st.stm32cube.ide.mcu.externaltools.gnu-tools-for-stm32.7-2018-q2-update.win32_1.4.0.202007081208/tools/bin/../lib/gcc/arm-none-eabi/7.3.1/../../../../arm-none-eabi/lib/thumb/v7-m/crt0.o
LOAD Drivers/STM32F1xx_HAL_Driver/Src/stm32f1xx_hal.o
LOAD Drivers/STM32F1xx_HAL_Driver/Src/stm32f1xx_hal_can.o
LOAD Drivers/STM32F1xx_HAL_Driver/Src/stm32f1xx_hal_cortex.o
LOAD Drivers/STM32F1xx_HAL_Driver/Src/stm32f1xx_hal_dma.o
LOAD Drivers/STM32F1xx_HAL_Driver/Src/stm32f1xx_hal_exti.o
LOAD Drivers/STM32F1xx_HAL_Driver/Src/stm32f1xx_hal_flash.o
LOAD Drivers/STM32F1xx_HAL_Driver/Src/stm32f1xx_hal_flash_ex.o
LOAD Drivers/STM32F1xx_HAL_Driver/Src/stm32f1xx_hal_gpio.o
LOAD Drivers/STM32F1xx_HAL_Driver/Src/stm32f1xx_hal_gpio_ex.o
LOAD Drivers/STM32F1xx_HAL_Driver/Src/stm32f1xx_hal_pwr.o
LOAD Drivers/STM32F1xx_HAL_Driver/Src/stm32f1xx_hal_rcc.o
LOAD Drivers/STM32F1xx_HAL_Driver/Src/stm32f1xx_hal_rcc_ex.o
LOAD Drivers/STM32F1xx_HAL_Driver/Src/stm32f1xx_hal_rtc.o
LOAD Drivers/STM32F1xx_HAL_Driver/Src/stm32f1xx_hal_rtc_ex.o
LOAD Drivers/STM32F1xx_HAL_Driver/Src/stm32f1xx_hal_spi.o
LOAD Drivers/STM32F1xx_HAL_Driver/Src/stm32f1xx_hal_tim.o
LOAD Drivers/STM32F1xx_HAL_Driver/Src/stm32f1xx_hal_tim_ex.o
LOAD Drivers/STM32F1xx_HAL_Driver/Src/stm32f1xx_hal_uart.o
LOAD Middlewares/Third_Party/FatFs/src/diskio.o
LOAD Middlewares/Third_Party/FatFs/src/ff.o
LOAD Middlewares/Third_Party/FatFs/src/ff_gen_drv.o
LOAD Middlewares/Third_Party/FatFs/src/option/syscall.o
LOAD Src/GVRET.o
LOAD Src/LIN.o
LOAD Src/button.o
LOAD Src/can.o
LOAD Src/dma.o
LOAD Src/eeprom.o
LOAD Src/fatfs.o
LOAD Src/fatfs_sd.o
LOAD Src/gpio.o
LOAD Src/help.o
LOAD Src/main.o
LOAD Src/rtc.o
LOAD Src/spi.o
LOAD Src/stm32f1xx_hal_msp.o
LOAD Src/stm32f1xx_it.o
LOAD Src/syscalls.o
LOAD Src/system_stm32f1xx.o
LOAD Src/usart.o
LOAD Src/user_diskio.o
LOAD startup/startup_stm32f103xb.o
START GROUP
LOAD c:/st/stm32cubeide_1.4.0/stm32cubeide/plugins/com.st.stm32cube.ide.mcu.externaltools.gnu-tools-for-stm32.7-2018-q2-update.win32_1.4.0.202007081208/tools/bin/../lib/gcc/arm-none-eabi/7.3.1/../../../../arm-none-eabi/lib/thumb/v7-m\libc_nano.a
LOAD c:/st/stm32cubeide_1.4.0/stm32cubeide/plugins/com.st.stm32cube.ide.mcu.externaltools.gnu-tools-for-stm32.7-2018-q2-update.win32_1.4.0.202007081208/tools/bin/../lib/gcc/arm-none-eabi/7.3.1/../../../../arm-none-eabi/lib/thumb/v7-m\libm.a
END GROUP
START GROUP
LOAD c:/st/stm32cubeide_1.4.0/stm32cubeide/plugins/com.st.stm32cube.ide.mcu.externaltools.gnu-tools-for-stm32.7-2018-q2-update.win32_1.4.0.202007081208/tools/bin/../lib/gcc/arm-none-eabi/7.3.1/thumb/v7-m\libgcc.a
LOAD c:/st/stm32cubeide_1.4.0/stm32cubeide/plugins/com.st.stm32cube.ide.mcu.externaltools.gnu-tools-for-stm32.7-2018-q2-update.win32_1.4.0.202007081208/tools/bin/../lib/gcc/arm-none-eabi/7.3.1/../../../../arm-none-eabi/lib/thumb/v7-m\libc_nano.a
END GROUP
START GROUP
LOAD c:/st/stm32cubeide_1.4.0/stm32cubeide/plugins/com.st.stm32cube.ide.mcu.externaltools.gnu-tools-for-stm32.7-2018-q2-update.win32_1.4.0.202007081208/tools/bin/../lib/gcc/arm-none-eabi/7.3.1/thumb/v7-m\libgcc.a
LOAD c:/st/stm32cubeide_1.4.0/stm32cubeide/plugins/com.st.stm32cube.ide.mcu.externaltools.gnu-tools-for-stm32.7-2018-q2-update.win32_1.4.0.202007081208/tools/bin/../lib/gcc/arm-none-eabi/7.3.1/../../../../arm-none-eabi/lib/thumb/v7-m\libc_nano.a
LOAD c:/st/stm32cubeide_1.4.0/stm32cubeide/plugins/com.st.stm32cube.ide.mcu.externaltools.gnu-tools-for-stm32.7-2018-q2-update.win32_1.4.0.202007081208/tools/bin/../lib/gcc/arm-none-eabi/7.3.1/../../../../arm-none-eabi/lib/thumb/v7-m\libnosys.a
END GROUP
START GROUP
LOAD c:/st/stm32cubeide_1.4.0/stm32cubeide/plugins/com.st.stm32cube.ide.mcu.externaltools.gnu-tools-for-stm32.7-2018-q2-update.win32_1.4.0.202007081208/tools/bin/../lib/gcc/arm-none-eabi/7.3.1/thumb/v7-m\libgcc.a
LOAD c:/st/stm32cubeide_1.4.0/stm32cubeide/plugins/com.st.stm32cube.ide.mcu.externaltools.gnu-tools-for-stm32.7-2018-q2-update.win32_1.4.0.202007081208/tools/bin/../lib/gcc/arm-none-eabi/7.3.1/../../../../arm-none-eabi/lib/thumb/v7-m\libc_nano.a
LOAD c:/st/stm32cubeide_1.4.0/stm32cubeide/plugins/com.st.stm32cube.ide.mcu.externaltools.gnu-tools-for-stm32.7-2018-q2-update.win32_1.4.0.202007081208/tools/bin/../lib/gcc/arm-none-eabi/7.3.1/../../../../arm-none-eabi/lib/thumb/v7-m\libnosys.a
END GROUP
LOAD c:/st/stm32cubeide_1.4.0/stm32cubeide/plugins/com.st.stm32cube.ide.mcu.externaltools.gnu-tools-for-stm32.7-2018-q2-update.win32_1.4.0.202007081208/tools/bin/../lib/gcc/arm-none-eabi/7.3.1/thumb/v7-m/crtend.o
LOAD c:/st/stm32cubeide_1.4.0/stm32cubeide/plugins/com.st.stm32cube.ide.mcu.externaltools.gnu-tools-for-stm32.7-2018-q2-update.win32_1.4.0.202007081208/tools/bin/../lib/gcc/arm-none-eabi/7.3.1/thumb/v7-m/crtn.o
                0x0000000020005000                _estack = 0x20005000
                0x0000000000000200                _Min_Heap_Size = 0x200
                0x0000000000000400                _Min_Stack_Size = 0x400

.isr_vector     0x0000000008000000      0x10c
                0x0000000008000000                . = ALIGN (0x4)
 *(.isr_vector)
 .isr_vector    0x0000000008000000      0x10c startup/startup_stm32f103xb.o
                0x0000000008000000                g_pfnVectors
                0x000000000800010c                . = ALIGN (0x4)

.text           0x000000000800010c     0x7ecc
                0x000000000800010c                . = ALIGN (0x4)
 *(.text)
 .text          0x000000000800010c       0x40 c:/st/stm32cubeide_1.4.0/stm32cubeide/plugins/com.st.stm32cube.ide.mcu.externaltools.gnu-tools-for-stm32.7-2018-q2-update.win32_1.4.0.202007081208/tools/bin/../lib/gcc/arm-none-eabi/7.3.1/thumb/v7-m/crtbegin.o
 .text          0x000000000800014c       0x10 c:/st/stm32cubeide_1.4.0/stm32cubeide/plugins/com.st.stm32cube.ide.mcu.externaltools.gnu-tools-for-stm32.7-2018-q2-update.win32_1.4.0.202007081208/tools/bin/../lib/gcc/arm-none-eabi/7.3.1/../../../../arm-none-eabi/lib/thumb/v7-m\libc_nano.a(lib_a-strlen.o)
                0x000000000800014c                strlen
 .text          0x000000000800015c      0x21c c:/st/stm32cubeide_1.4.0/stm32cubeide/plugins/com.st.stm32cube.ide.mcu.externaltools.gnu-tools-for-stm32.7-2018-q2-update.win32_1.4.0.202007081208/tools/bin/../lib/gcc/arm-none-eabi/7.3.1/thumb/v7-m\libgcc.a(_arm_addsubsf3.o)
                0x000000000800015c                __aeabi_frsub
                0x0000000008000164                __subsf3
                0x0000000008000164                __aeabi_fsub
                0x0000000008000168                __aeabi_fadd
                0x0000000008000168                __addsf3
                0x00000000080002c8                __aeabi_ui2f
                0x00000000080002c8                __floatunsisf
                0x00000000080002d0                __aeabi_i2f
                0x00000000080002d0                __floatsisf
                0x00000000080002ec                __aeabi_ul2f
                0x00000000080002ec                __floatundisf
                0x00000000080002fc                __aeabi_l2f
                0x00000000080002fc                __floatdisf
 .text          0x0000000008000378      0x2a0 c:/st/stm32cubeide_1.4.0/stm32cubeide/plugins/com.st.stm32cube.ide.mcu.externaltools.gnu-tools-for-stm32.7-2018-q2-update.win32_1.4.0.202007081208/tools/bin/../lib/gcc/arm-none-eabi/7.3.1/thumb/v7-m\libgcc.a(_arm_muldivsf3.o)
                0x0000000008000378                __mulsf3
                0x0000000008000378                __aeabi_fmul
                0x00000000080004e0                __aeabi_fdiv
                0x00000000080004e0                __divsf3
 .text          0x0000000008000618       0xec c:/st/stm32cubeide_1.4.0/stm32cubeide/plugins/com.st.stm32cube.ide.mcu.externaltools.gnu-tools-for-stm32.7-2018-q2-update.win32_1.4.0.202007081208/tools/bin/../lib/gcc/arm-none-eabi/7.3.1/thumb/v7-m\libgcc.a(_arm_cmpsf2.o)
                0x0000000008000618                __gesf2
                0x0000000008000618                __gtsf2
                0x0000000008000620                __lesf2
                0x0000000008000620                __ltsf2
                0x0000000008000628                __nesf2
                0x0000000008000628                __eqsf2
                0x0000000008000628                __cmpsf2
                0x0000000008000688                __aeabi_cfrcmple
                0x0000000008000690                __aeabi_cfcmpeq
                0x0000000008000690                __aeabi_cfcmple
                0x00000000080006a0                __aeabi_fcmpeq
                0x00000000080006b4                __aeabi_fcmplt
                0x00000000080006c8                __aeabi_fcmple
                0x00000000080006dc                __aeabi_fcmpge
                0x00000000080006f0                __aeabi_fcmpgt
 .text          0x0000000008000704       0x40 c:/st/stm32cubeide_1.4.0/stm32cubeide/plugins/com.st.stm32cube.ide.mcu.externaltools.gnu-tools-for-stm32.7-2018-q2-update.win32_1.4.0.202007081208/tools/bin/../lib/gcc/arm-none-eabi/7.3.1/thumb/v7-m\libgcc.a(_arm_fixunssfsi.o)
                0x0000000008000704                __fixunssfsi
                0x0000000008000704                __aeabi_f2uiz
 *(.text*)
 .text.HAL_InitTick
                0x0000000008000744       0x48 Drivers/STM32F1xx_HAL_Driver/Src/stm32f1xx_hal.o
                0x0000000008000744                HAL_InitTick
 .text.HAL_Init
                0x000000000800078c       0x24 Drivers/STM32F1xx_HAL_Driver/Src/stm32f1xx_hal.o
                0x000000000800078c                HAL_Init
 .text.HAL_IncTick
                0x00000000080007b0       0x18 Drivers/STM32F1xx_HAL_Driver/Src/stm32f1xx_hal.o
                0x00000000080007b0                HAL_IncTick
 .text.HAL_GetTick
                0x00000000080007c8        0xc Drivers/STM32F1xx_HAL_Driver/Src/stm32f1xx_hal.o
                0x00000000080007c8                HAL_GetTick
 .text.HAL_Delay
                0x00000000080007d4       0x24 Drivers/STM32F1xx_HAL_Driver/Src/stm32f1xx_hal.o
                0x00000000080007d4                HAL_Delay
 .text.HAL_CAN_Init
                0x00000000080007f8       0xf6 Drivers/STM32F1xx_HAL_Driver/Src/stm32f1xx_hal_can.o
                0x00000000080007f8                HAL_CAN_Init
 .text.HAL_CAN_ConfigFilter
                0x00000000080008ee       0xd8 Drivers/STM32F1xx_HAL_Driver/Src/stm32f1xx_hal_can.o
                0x00000000080008ee                HAL_CAN_ConfigFilter
 .text.HAL_CAN_Start
                0x00000000080009c6       0x56 Drivers/STM32F1xx_HAL_Driver/Src/stm32f1xx_hal_can.o
                0x00000000080009c6                HAL_CAN_Start
 .text.HAL_CAN_Stop
                0x0000000008000a1c       0x5c Drivers/STM32F1xx_HAL_Driver/Src/stm32f1xx_hal_can.o
                0x0000000008000a1c                HAL_CAN_Stop
 .text.HAL_CAN_DeInit
                0x0000000008000a78       0x28 Drivers/STM32F1xx_HAL_Driver/Src/stm32f1xx_hal_can.o
                0x0000000008000a78                HAL_CAN_DeInit
 .text.HAL_CAN_AddTxMessage
                0x0000000008000aa0       0x9a Drivers/STM32F1xx_HAL_Driver/Src/stm32f1xx_hal_can.o
                0x0000000008000aa0                HAL_CAN_AddTxMessage
 .text.HAL_CAN_GetRxMessage
                0x0000000008000b3a       0xec Drivers/STM32F1xx_HAL_Driver/Src/stm32f1xx_hal_can.o
                0x0000000008000b3a                HAL_CAN_GetRxMessage
 .text.HAL_CAN_ActivateNotification
                0x0000000008000c26       0x22 Drivers/STM32F1xx_HAL_Driver/Src/stm32f1xx_hal_can.o
                0x0000000008000c26                HAL_CAN_ActivateNotification
 .text.HAL_CAN_TxMailbox0AbortCallback
                0x0000000008000c48        0x2 Drivers/STM32F1xx_HAL_Driver/Src/stm32f1xx_hal_can.o
                0x0000000008000c48                HAL_CAN_TxMailbox0AbortCallback
 .text.HAL_CAN_TxMailbox1AbortCallback
                0x0000000008000c4a        0x2 Drivers/STM32F1xx_HAL_Driver/Src/stm32f1xx_hal_can.o
                0x0000000008000c4a                HAL_CAN_TxMailbox1AbortCallback
 .text.HAL_CAN_TxMailbox2AbortCallback
                0x0000000008000c4c        0x2 Drivers/STM32F1xx_HAL_Driver/Src/stm32f1xx_hal_can.o
                0x0000000008000c4c                HAL_CAN_TxMailbox2AbortCallback
 .text.HAL_CAN_RxFifo0FullCallback
                0x0000000008000c4e        0x2 Drivers/STM32F1xx_HAL_Driver/Src/stm32f1xx_hal_can.o
                0x0000000008000c4e                HAL_CAN_RxFifo0FullCallback
 .text.HAL_CAN_RxFifo1FullCallback
                0x0000000008000c50        0x2 Drivers/STM32F1xx_HAL_Driver/Src/stm32f1xx_hal_can.o
                0x0000000008000c50                HAL_CAN_RxFifo1FullCallback
 .text.HAL_CAN_SleepCallback
                0x0000000008000c52        0x2 Drivers/STM32F1xx_HAL_Driver/Src/stm32f1xx_hal_can.o
                0x0000000008000c52                HAL_CAN_SleepCallback
 .text.HAL_CAN_WakeUpFromRxMsgCallback
                0x0000000008000c54        0x2 Drivers/STM32F1xx_HAL_Driver/Src/stm32f1xx_hal_can.o
                0x0000000008000c54                HAL_CAN_WakeUpFromRxMsgCallback
 .text.HAL_CAN_IRQHandler
                0x0000000008000c56      0x1fc Drivers/STM32F1xx_HAL_Driver/Src/stm32f1xx_hal_can.o
                0x0000000008000c56                HAL_CAN_IRQHandler
 .text.HAL_CAN_GetState
                0x0000000008000e52       0x26 Drivers/STM32F1xx_HAL_Driver/Src/stm32f1xx_hal_can.o
                0x0000000008000e52                HAL_CAN_GetState
 .text.HAL_CAN_GetError
                0x0000000008000e78        0x4 Drivers/STM32F1xx_HAL_Driver/Src/stm32f1xx_hal_can.o
                0x0000000008000e78                HAL_CAN_GetError
 .text.HAL_CAN_ResetError
                0x0000000008000e7c       0x1e Drivers/STM32F1xx_HAL_Driver/Src/stm32f1xx_hal_can.o
                0x0000000008000e7c                HAL_CAN_ResetError
 *fill*         0x0000000008000e9a        0x2 
 .text.HAL_NVIC_SetPriorityGrouping
                0x0000000008000e9c       0x24 Drivers/STM32F1xx_HAL_Driver/Src/stm32f1xx_hal_cortex.o
                0x0000000008000e9c                HAL_NVIC_SetPriorityGrouping
 .text.HAL_NVIC_SetPriority
                0x0000000008000ec0       0x68 Drivers/STM32F1xx_HAL_Driver/Src/stm32f1xx_hal_cortex.o
                0x0000000008000ec0                HAL_NVIC_SetPriority
 .text.HAL_NVIC_EnableIRQ
                0x0000000008000f28       0x1c Drivers/STM32F1xx_HAL_Driver/Src/stm32f1xx_hal_cortex.o
                0x0000000008000f28                HAL_NVIC_EnableIRQ
 .text.HAL_NVIC_DisableIRQ
                0x0000000008000f44       0x28 Drivers/STM32F1xx_HAL_Driver/Src/stm32f1xx_hal_cortex.o
                0x0000000008000f44                HAL_NVIC_DisableIRQ
 .text.HAL_SYSTICK_Config
                0x0000000008000f6c       0x2c Drivers/STM32F1xx_HAL_Driver/Src/stm32f1xx_hal_cortex.o
                0x0000000008000f6c                HAL_SYSTICK_Config
 .text.HAL_DMA_Init
                0x0000000008000f98       0x60 Drivers/STM32F1xx_HAL_Driver/Src/stm32f1xx_hal_dma.o
                0x0000000008000f98                HAL_DMA_Init
 .text.HAL_DMA_DeInit
                0x0000000008000ff8       0x54 Drivers/STM32F1xx_HAL_Driver/Src/stm32f1xx_hal_dma.o
                0x0000000008000ff8                HAL_DMA_DeInit
 .text.HAL_DMA_Start_IT
                0x000000000800104c       0x7a Drivers/STM32F1xx_HAL_Driver/Src/stm32f1xx_hal_dma.o
                0x000000000800104c                HAL_DMA_Start_IT
 *fill*         0x00000000080010c6        0x2 
 .text.HAL_DMA_Abort_IT
                0x00000000080010c8       0x90 Drivers/STM32F1xx_HAL_Driver/Src/stm32f1xx_hal_dma.o
                0x00000000080010c8                HAL_DMA_Abort_IT
 .text.HAL_DMA_IRQHandler
                0x0000000008001158      0x128 Drivers/STM32F1xx_HAL_Driver/Src/stm32f1xx_hal_dma.o
                0x0000000008001158                HAL_DMA_IRQHandler
 .text.HAL_GPIO_Init
                0x0000000008001280      0x1c0 Drivers/STM32F1xx_HAL_Driver/Src/stm32f1xx_hal_gpio.o
                0x0000000008001280                HAL_GPIO_Init
 .text.HAL_GPIO_DeInit
                0x0000000008001440       0xe8 Drivers/STM32F1xx_HAL_Driver/Src/stm32f1xx_hal_gpio.o
                0x0000000008001440                HAL_GPIO_DeInit
 .text.HAL_GPIO_ReadPin
                0x0000000008001528        0xc Drivers/STM32F1xx_HAL_Driver/Src/stm32f1xx_hal_gpio.o
                0x0000000008001528                HAL_GPIO_ReadPin
 .text.HAL_GPIO_WritePin
                0x0000000008001534        0xa Drivers/STM32F1xx_HAL_Driver/Src/stm32f1xx_hal_gpio.o
                0x0000000008001534                HAL_GPIO_WritePin
 .text.HAL_GPIO_TogglePin
                0x000000000800153e        0xc Drivers/STM32F1xx_HAL_Driver/Src/stm32f1xx_hal_gpio.o
                0x000000000800153e                HAL_GPIO_TogglePin
 *fill*         0x000000000800154a        0x2 
 .text.HAL_PWR_EnableBkUpAccess
                0x000000000800154c        0xc Drivers/STM32F1xx_HAL_Driver/Src/stm32f1xx_hal_pwr.o
                0x000000000800154c                HAL_PWR_EnableBkUpAccess
 .text.HAL_RCC_OscConfig
                0x0000000008001558      0x33c Drivers/STM32F1xx_HAL_Driver/Src/stm32f1xx_hal_rcc.o
                0x0000000008001558                HAL_RCC_OscConfig
 .text.HAL_RCC_GetSysClockFreq
                0x0000000008001894       0x74 Drivers/STM32F1xx_HAL_Driver/Src/stm32f1xx_hal_rcc.o
                0x0000000008001894                HAL_RCC_GetSysClockFreq
 .text.HAL_RCC_ClockConfig
                0x0000000008001908      0x138 Drivers/STM32F1xx_HAL_Driver/Src/stm32f1xx_hal_rcc.o
                0x0000000008001908                HAL_RCC_ClockConfig
 .text.HAL_RCC_GetPCLK1Freq
                0x0000000008001a40       0x20 Drivers/STM32F1xx_HAL_Driver/Src/stm32f1xx_hal_rcc.o
                0x0000000008001a40                HAL_RCC_GetPCLK1Freq
 .text.HAL_RCC_GetPCLK2Freq
                0x0000000008001a60       0x20 Drivers/STM32F1xx_HAL_Driver/Src/stm32f1xx_hal_rcc.o
                0x0000000008001a60                HAL_RCC_GetPCLK2Freq
 .text.HAL_RCCEx_PeriphCLKConfig
                0x0000000008001a80       0xf0 Drivers/STM32F1xx_HAL_Driver/Src/stm32f1xx_hal_rcc_ex.o
                0x0000000008001a80                HAL_RCCEx_PeriphCLKConfig
 .text.HAL_RCCEx_GetPeriphCLKFreq
                0x0000000008001b70       0xe8 Drivers/STM32F1xx_HAL_Driver/Src/stm32f1xx_hal_rcc_ex.o
                0x0000000008001b70                HAL_RCCEx_GetPeriphCLKFreq
 .text.RTC_EnterInitMode
                0x0000000008001c58       0x2e Drivers/STM32F1xx_HAL_Driver/Src/stm32f1xx_hal_rtc.o
 .text.RTC_ExitInitMode
                0x0000000008001c86       0x30 Drivers/STM32F1xx_HAL_Driver/Src/stm32f1xx_hal_rtc.o
 .text.HAL_RTC_WaitForSynchro
                0x0000000008001cb6       0x36 Drivers/STM32F1xx_HAL_Driver/Src/stm32f1xx_hal_rtc.o
                0x0000000008001cb6                HAL_RTC_WaitForSynchro
 .text.HAL_RTC_Init
                0x0000000008001cec       0xa0 Drivers/STM32F1xx_HAL_Driver/Src/stm32f1xx_hal_rtc.o
                0x0000000008001cec                HAL_RTC_Init
 .text.SPI_WaitFlagStateUntilTimeout.constprop.6
                0x0000000008001d8c       0x76 Drivers/STM32F1xx_HAL_Driver/Src/stm32f1xx_hal_spi.o
 .text.SPI_EndRxTransaction
                0x0000000008001e02       0x4e Drivers/STM32F1xx_HAL_Driver/Src/stm32f1xx_hal_spi.o
 .text.SPI_EndRxTxTransaction
                0x0000000008001e50       0x1c Drivers/STM32F1xx_HAL_Driver/Src/stm32f1xx_hal_spi.o
 .text.HAL_SPI_Init
                0x0000000008001e6c       0x76 Drivers/STM32F1xx_HAL_Driver/Src/stm32f1xx_hal_spi.o
                0x0000000008001e6c                HAL_SPI_Init
 .text.HAL_SPI_Transmit
                0x0000000008001ee2      0x152 Drivers/STM32F1xx_HAL_Driver/Src/stm32f1xx_hal_spi.o
                0x0000000008001ee2                HAL_SPI_Transmit
 .text.HAL_SPI_TransmitReceive
                0x0000000008002034      0x1e0 Drivers/STM32F1xx_HAL_Driver/Src/stm32f1xx_hal_spi.o
                0x0000000008002034                HAL_SPI_TransmitReceive
 .text.HAL_SPI_Receive
                0x0000000008002214      0x132 Drivers/STM32F1xx_HAL_Driver/Src/stm32f1xx_hal_spi.o
                0x0000000008002214                HAL_SPI_Receive
 .text.UART_EndRxTransfer
                0x0000000008002346       0x1a Drivers/STM32F1xx_HAL_Driver/Src/stm32f1xx_hal_uart.o
 .text.UART_SetConfig
                0x0000000008002360       0x74 Drivers/STM32F1xx_HAL_Driver/Src/stm32f1xx_hal_uart.o
 .text.HAL_UART_Init
                0x00000000080023d4       0x5c Drivers/STM32F1xx_HAL_Driver/Src/stm32f1xx_hal_uart.o
                0x00000000080023d4                HAL_UART_Init
 .text.HAL_LIN_Init
                0x0000000008002430       0x76 Drivers/STM32F1xx_HAL_Driver/Src/stm32f1xx_hal_uart.o
                0x0000000008002430                HAL_LIN_Init
 .text.HAL_UART_DeInit
                0x00000000080024a6       0x30 Drivers/STM32F1xx_HAL_Driver/Src/stm32f1xx_hal_uart.o
                0x00000000080024a6                HAL_UART_DeInit
 *fill*         0x00000000080024d6        0x2 
 .text.HAL_UART_Transmit_DMA
                0x00000000080024d8       0x74 Drivers/STM32F1xx_HAL_Driver/Src/stm32f1xx_hal_uart.o
                0x00000000080024d8                HAL_UART_Transmit_DMA
 .text.UART_DMATransmitCplt
                0x000000000800254c       0x2c Drivers/STM32F1xx_HAL_Driver/Src/stm32f1xx_hal_uart.o
 .text.HAL_UART_TxHalfCpltCallback
                0x0000000008002578        0x2 Drivers/STM32F1xx_HAL_Driver/Src/stm32f1xx_hal_uart.o
                0x0000000008002578                HAL_UART_TxHalfCpltCallback
 .text.UART_DMATxHalfCplt
                0x000000000800257a        0xa Drivers/STM32F1xx_HAL_Driver/Src/stm32f1xx_hal_uart.o
 .text.HAL_UART_RxCpltCallback
                0x0000000008002584        0x2 Drivers/STM32F1xx_HAL_Driver/Src/stm32f1xx_hal_uart.o
                0x0000000008002584                HAL_UART_RxCpltCallback
 .text.UART_Receive_IT
                0x0000000008002586       0x76 Drivers/STM32F1xx_HAL_Driver/Src/stm32f1xx_hal_uart.o
 .text.HAL_UART_ErrorCallback
                0x00000000080025fc        0x2 Drivers/STM32F1xx_HAL_Driver/Src/stm32f1xx_hal_uart.o
                0x00000000080025fc                HAL_UART_ErrorCallback
 .text.UART_DMAError
                0x00000000080025fe       0x4e Drivers/STM32F1xx_HAL_Driver/Src/stm32f1xx_hal_uart.o
 .text.HAL_UART_IRQHandler
                0x000000000800264c      0x140 Drivers/STM32F1xx_HAL_Driver/Src/stm32f1xx_hal_uart.o
                0x000000000800264c                HAL_UART_IRQHandler
 .text.UART_DMAAbortOnError
                0x000000000800278c       0x10 Drivers/STM32F1xx_HAL_Driver/Src/stm32f1xx_hal_uart.o
 .text.disk_status
                0x000000000800279c       0x14 Middlewares/Third_Party/FatFs/src/diskio.o
                0x000000000800279c                disk_status
 .text.disk_initialize
                0x00000000080027b0       0x20 Middlewares/Third_Party/FatFs/src/diskio.o
                0x00000000080027b0                disk_initialize
 .text.disk_read
                0x00000000080027d0       0x1c Middlewares/Third_Party/FatFs/src/diskio.o
                0x00000000080027d0                disk_read
 .text.disk_write
                0x00000000080027ec       0x1c Middlewares/Third_Party/FatFs/src/diskio.o
                0x00000000080027ec                disk_write
 .text.disk_ioctl
                0x0000000008002808       0x18 Middlewares/Third_Party/FatFs/src/diskio.o
                0x0000000008002808                disk_ioctl
 .text.mem_cpy  0x0000000008002820       0x14 Middlewares/Third_Party/FatFs/src/ff.o
 .text.mem_set  0x0000000008002834        0xe Middlewares/Third_Party/FatFs/src/ff.o
 *fill*         0x0000000008002842        0x2 
 .text.chk_lock
                0x0000000008002844       0x80 Middlewares/Third_Party/FatFs/src/ff.o
 .text.inc_lock
                0x00000000080028c4       0x98 Middlewares/Third_Party/FatFs/src/ff.o
 .text.dec_lock
                0x000000000800295c       0x40 Middlewares/Third_Party/FatFs/src/ff.o
 .text.clmt_clust
                0x000000000800299c       0x2e Middlewares/Third_Party/FatFs/src/ff.o
 .text.get_ldnumber
                0x00000000080029ca       0x30 Middlewares/Third_Party/FatFs/src/ff.o
 .text.validate
                0x00000000080029fa       0x2e Middlewares/Third_Party/FatFs/src/ff.o
 .text.ld_clust.isra.0
                0x0000000008002a28       0x1c Middlewares/Third_Party/FatFs/src/ff.o
 .text.sync_window.part.2
                0x0000000008002a44       0x52 Middlewares/Third_Party/FatFs/src/ff.o
 .text.sync_window
                0x0000000008002a96        0xe Middlewares/Third_Party/FatFs/src/ff.o
 .text.move_window
                0x0000000008002aa4       0x3a Middlewares/Third_Party/FatFs/src/ff.o
 *fill*         0x0000000008002ade        0x2 
 .text.check_fs
                0x0000000008002ae0       0x58 Middlewares/Third_Party/FatFs/src/ff.o
 .text.find_volume
                0x0000000008002b38      0x2bc Middlewares/Third_Party/FatFs/src/ff.o
 .text.sync_fs  0x0000000008002df4       0xac Middlewares/Third_Party/FatFs/src/ff.o
 .text.clust2sect
                0x0000000008002ea0       0x1c Middlewares/Third_Party/FatFs/src/ff.o
                0x0000000008002ea0                clust2sect
 .text.get_fat  0x0000000008002ebc       0xfa Middlewares/Third_Party/FatFs/src/ff.o
                0x0000000008002ebc                get_fat
 .text.dir_sdi  0x0000000008002fb6       0xac Middlewares/Third_Party/FatFs/src/ff.o
 .text.put_fat  0x0000000008003062      0x12c Middlewares/Third_Party/FatFs/src/ff.o
                0x0000000008003062                put_fat
 .text.create_chain
                0x000000000800318e       0xb2 Middlewares/Third_Party/FatFs/src/ff.o
 .text.dir_next
                0x0000000008003240      0x12c Middlewares/Third_Party/FatFs/src/ff.o
 .text.follow_path
                0x000000000800336c      0x19c Middlewares/Third_Party/FatFs/src/ff.o
 .text.dir_register
                0x0000000008003508       0x76 Middlewares/Third_Party/FatFs/src/ff.o
 .text.remove_chain
                0x000000000800357e       0x66 Middlewares/Third_Party/FatFs/src/ff.o
 .text.f_mount  0x00000000080035e4       0x6c Middlewares/Third_Party/FatFs/src/ff.o
                0x00000000080035e4                f_mount
 .text.f_open   0x0000000008003650      0x1c0 Middlewares/Third_Party/FatFs/src/ff.o
                0x0000000008003650                f_open
 .text.f_read   0x0000000008003810      0x1b4 Middlewares/Third_Party/FatFs/src/ff.o
                0x0000000008003810                f_read
 .text.f_write  0x00000000080039c4      0x206 Middlewares/Third_Party/FatFs/src/ff.o
                0x00000000080039c4                f_write
 .text.f_sync   0x0000000008003bca       0xc0 Middlewares/Third_Party/FatFs/src/ff.o
                0x0000000008003bca                f_sync
 .text.f_close  0x0000000008003c8a       0x22 Middlewares/Third_Party/FatFs/src/ff.o
                0x0000000008003c8a                f_close
 .text.f_mkdir  0x0000000008003cac      0x1cc Middlewares/Third_Party/FatFs/src/ff.o
                0x0000000008003cac                f_mkdir
 .text.f_gets   0x0000000008003e78       0x4a Middlewares/Third_Party/FatFs/src/ff.o
                0x0000000008003e78                f_gets
 *fill*         0x0000000008003ec2        0x2 
 .text.FATFS_LinkDriverEx
                0x0000000008003ec4       0x44 Middlewares/Third_Party/FatFs/src/ff_gen_drv.o
                0x0000000008003ec4                FATFS_LinkDriverEx
 .text.FATFS_LinkDriver
                0x0000000008003f08        0x6 Middlewares/Third_Party/FatFs/src/ff_gen_drv.o
                0x0000000008003f08                FATFS_LinkDriver
 *fill*         0x0000000008003f0e        0x2 
 .text.CAN_Buffer_Init
                0x0000000008003f10       0x14 Src/GVRET.o
                0x0000000008003f10                CAN_Buffer_Init
 .text.Generate_Next_FileName
                0x0000000008003f24       0xc8 Src/GVRET.o
                0x0000000008003f24                Generate_Next_FileName
 .text.Generate_Next_Path
                0x0000000008003fec       0x48 Src/GVRET.o
                0x0000000008003fec                Generate_Next_Path
 .text.CAN_Buffer_Write_Data
                0x0000000008004034       0x5c Src/GVRET.o
                0x0000000008004034                CAN_Buffer_Write_Data
 .text.CAN_Log_Buffer_Write_Data
                0x0000000008004090       0x5c Src/GVRET.o
                0x0000000008004090                CAN_Log_Buffer_Write_Data
 .text.HexTo4bits
                0x00000000080040ec       0x16 Src/GVRET.o
                0x00000000080040ec                HexTo4bits
 .text.HexToShort
                0x0000000008004102       0x2e Src/GVRET.o
                0x0000000008004102                HexToShort
 .text.ShortToHex
                0x0000000008004130       0x1c Src/GVRET.o
                0x0000000008004130                ShortToHex
 .text.BuildFrameToUSB
                0x000000000800414c      0x16c Src/GVRET.o
                0x000000000800414c                BuildFrameToUSB
 .text.CAN_Buffer_pull
                0x00000000080042b8       0x74 Src/GVRET.o
                0x00000000080042b8                CAN_Buffer_pull
 .text.BuildFrameToFile
                0x000000000800432c      0x170 Src/GVRET.o
                0x000000000800432c                BuildFrameToFile
 .text.CAN_Log_Buffer_pull
                0x000000000800449c       0x68 Src/GVRET.o
                0x000000000800449c                CAN_Log_Buffer_pull
 .text.SetFilterCAN
                0x0000000008004504       0x54 Src/GVRET.o
                0x0000000008004504                SetFilterCAN
 .text.save_script
                0x0000000008004558       0x58 Src/GVRET.o
                0x0000000008004558                save_script
 .text.copy_script
                0x00000000080045b0       0x84 Src/GVRET.o
                0x00000000080045b0                copy_script
 .text.Close_CAN_cannel
                0x0000000008004634       0x28 Src/GVRET.o
                0x0000000008004634                Close_CAN_cannel
 .text.Change_CAN_channel
                0x000000000800465c       0x80 Src/GVRET.o
                0x000000000800465c                Change_CAN_channel
 .text.HAL_CAN_TxMailbox0CompleteCallback
                0x00000000080046dc        0x2 Src/GVRET.o
                0x00000000080046dc                HAL_CAN_TxMailbox0CompleteCallback
 .text.HAL_CAN_TxMailbox1CompleteCallback
                0x00000000080046de        0x2 Src/GVRET.o
                0x00000000080046de                HAL_CAN_TxMailbox1CompleteCallback
 .text.HAL_CAN_TxMailbox2CompleteCallback
                0x00000000080046e0        0x2 Src/GVRET.o
                0x00000000080046e0                HAL_CAN_TxMailbox2CompleteCallback
 *fill*         0x00000000080046e2        0x2 
 .text.HAL_CAN_ErrorCallback
                0x00000000080046e4       0x10 Src/GVRET.o
                0x00000000080046e4                HAL_CAN_ErrorCallback
 .text.STM_bxCAN_calc
                0x00000000080046f4      0x134 Src/GVRET.o
                0x00000000080046f4                STM_bxCAN_calc
 .text.CAN_Init_Custom
                0x0000000008004828      0x130 Src/GVRET.o
                0x0000000008004828                CAN_Init_Custom
 .text.Open_CAN_cannel
                0x0000000008004958       0x7c Src/GVRET.o
                0x0000000008004958                Open_CAN_cannel
 .text.exec_usb_cmd
                0x00000000080049d4      0xa50 Src/GVRET.o
                0x00000000080049d4                exec_usb_cmd
 .text.Check_Command
                0x0000000008005424      0x640 Src/GVRET.o
                0x0000000008005424                Check_Command
 .text.Next_CAN_channel
                0x0000000008005a64       0x1c Src/GVRET.o
                0x0000000008005a64                Next_CAN_channel
 .text.Button_rutine
                0x0000000008005a80      0x112 Src/button.o
                0x0000000008005a80                Button_rutine
 *fill*         0x0000000008005b92        0x2 
 .text.MX_CAN_Init
                0x0000000008005b94       0x3c Src/can.o
                0x0000000008005b94                MX_CAN_Init
 .text.HAL_CAN_MspInit
                0x0000000008005bd0       0xa8 Src/can.o
                0x0000000008005bd0                HAL_CAN_MspInit
 .text.HAL_CAN_MspDeInit
                0x0000000008005c78       0x3c Src/can.o
                0x0000000008005c78                HAL_CAN_MspDeInit
 .text.MX_DMA_Init
                0x0000000008005cb4       0x50 Src/dma.o
                0x0000000008005cb4                MX_DMA_Init
 .text.EEPROM_Write_disable
                0x0000000008005d04       0x40 Src/eeprom.o
                0x0000000008005d04                EEPROM_Write_disable
 .text.EEPROM_Wait_ready
                0x0000000008005d44       0x74 Src/eeprom.o
                0x0000000008005d44                EEPROM_Wait_ready
 .text.EEPROM_Read
                0x0000000008005db8       0x70 Src/eeprom.o
                0x0000000008005db8                EEPROM_Read
 .text.EEPROM_Write
                0x0000000008005e28      0x10c Src/eeprom.o
                0x0000000008005e28                EEPROM_Write
 .text.MX_FATFS_Init
                0x0000000008005f34       0x1c Src/fatfs.o
                0x0000000008005f34                MX_FATFS_Init
 .text.get_fattime
                0x0000000008005f50        0x4 Src/fatfs.o
                0x0000000008005f50                get_fattime
 .text.SPI_TxBuffer
                0x0000000008005f54       0x1c Src/fatfs_sd.o
 .text.SPI_TxByte
                0x0000000008005f70       0x28 Src/fatfs_sd.o
 .text.SELECT   0x0000000008005f98       0x1c Src/fatfs_sd.o
 .text.DESELECT
                0x0000000008005fb4       0x1c Src/fatfs_sd.o
 .text.SPI_RxByte
                0x0000000008005fd0       0x34 Src/fatfs_sd.o
 .text.SD_PowerOn
                0x0000000008006004       0x54 Src/fatfs_sd.o
 .text.SD_ReadyWait
                0x0000000008006058       0x20 Src/fatfs_sd.o
 .text.SD_SendCmd
                0x0000000008006078       0x64 Src/fatfs_sd.o
 .text.SD_RxDataBlock
                0x00000000080060dc       0x48 Src/fatfs_sd.o
 .text.SD_TxDataBlock
                0x0000000008006124       0x5e Src/fatfs_sd.o
 *fill*         0x0000000008006182        0x2 
 .text.SD_disk_initialize
                0x0000000008006184      0x150 Src/fatfs_sd.o
                0x0000000008006184                SD_disk_initialize
 .text.SD_disk_status
                0x00000000080062d4       0x14 Src/fatfs_sd.o
                0x00000000080062d4                SD_disk_status
 .text.SD_disk_read
                0x00000000080062e8       0x8c Src/fatfs_sd.o
                0x00000000080062e8                SD_disk_read
 .text.SD_disk_write
                0x0000000008006374       0xb0 Src/fatfs_sd.o
                0x0000000008006374                SD_disk_write
 .text.SD_disk_ioctl
                0x0000000008006424      0x13c Src/fatfs_sd.o
                0x0000000008006424                SD_disk_ioctl
 .text.MX_GPIO_Init
                0x0000000008006560      0x150 Src/gpio.o
                0x0000000008006560                MX_GPIO_Init
 .text.UART_Check_Data_Ready
                0x00000000080066b0      0x12c Src/main.o
                0x00000000080066b0                UART_Check_Data_Ready
 .text.HAL_UART_TxCpltCallback
                0x00000000080067dc       0x10 Src/main.o
                0x00000000080067dc                HAL_UART_TxCpltCallback
 .text.HAL_CAN_RxFifo1MsgPendingCallback
                0x00000000080067ec       0x74 Src/main.o
                0x00000000080067ec                HAL_CAN_RxFifo1MsgPendingCallback
 .text.HAL_CAN_RxFifo0MsgPendingCallback
                0x0000000008006860       0x74 Src/main.o
                0x0000000008006860                HAL_CAN_RxFifo0MsgPendingCallback
 .text.Save_to_File
                0x00000000080068d4       0x30 Src/main.o
                0x00000000080068d4                Save_to_File
 .text.SystemClock_Config
                0x0000000008006904       0x74 Src/main.o
                0x0000000008006904                SystemClock_Config
 .text.startup.main
                0x0000000008006978      0x67c Src/main.o
                0x0000000008006978                main
 .text.Error_Handler
                0x0000000008006ff4        0x2 Src/main.o
                0x0000000008006ff4                Error_Handler
 *fill*         0x0000000008006ff6        0x2 
 .text.MX_RTC_Init
                0x0000000008006ff8       0x2c Src/rtc.o
                0x0000000008006ff8                MX_RTC_Init
 .text.HAL_RTC_MspInit
                0x0000000008007024       0x3c Src/rtc.o
                0x0000000008007024                HAL_RTC_MspInit
 .text.MX_SPI1_Init
                0x0000000008007060       0x44 Src/spi.o
                0x0000000008007060                MX_SPI1_Init
 .text.MX_SPI2_Init
                0x00000000080070a4       0x44 Src/spi.o
                0x00000000080070a4                MX_SPI2_Init
 .text.HAL_SPI_MspInit
                0x00000000080070e8       0xd4 Src/spi.o
                0x00000000080070e8                HAL_SPI_MspInit
 .text.HAL_MspInit
                0x00000000080071bc       0x44 Src/stm32f1xx_hal_msp.o
                0x00000000080071bc                HAL_MspInit
 .text.NMI_Handler
                0x0000000008007200        0x2 Src/stm32f1xx_it.o
                0x0000000008007200                NMI_Handler
 .text.HardFault_Handler
                0x0000000008007202        0x2 Src/stm32f1xx_it.o
                0x0000000008007202                HardFault_Handler
 .text.MemManage_Handler
                0x0000000008007204        0x2 Src/stm32f1xx_it.o
                0x0000000008007204                MemManage_Handler
 .text.BusFault_Handler
                0x0000000008007206        0x2 Src/stm32f1xx_it.o
                0x0000000008007206                BusFault_Handler
 .text.UsageFault_Handler
                0x0000000008007208        0x2 Src/stm32f1xx_it.o
                0x0000000008007208                UsageFault_Handler
 .text.SVC_Handler
                0x000000000800720a        0x2 Src/stm32f1xx_it.o
                0x000000000800720a                SVC_Handler
 .text.DebugMon_Handler
                0x000000000800720c        0x2 Src/stm32f1xx_it.o
                0x000000000800720c                DebugMon_Handler
 .text.PendSV_Handler
                0x000000000800720e        0x2 Src/stm32f1xx_it.o
                0x000000000800720e                PendSV_Handler
 .text.SysTick_Handler
                0x0000000008007210       0x40 Src/stm32f1xx_it.o
                0x0000000008007210                SysTick_Handler
 .text.DMA1_Channel2_IRQHandler
                0x0000000008007250        0xc Src/stm32f1xx_it.o
                0x0000000008007250                DMA1_Channel2_IRQHandler
 .text.DMA1_Channel4_IRQHandler
                0x000000000800725c        0xc Src/stm32f1xx_it.o
                0x000000000800725c                DMA1_Channel4_IRQHandler
 .text.DMA1_Channel7_IRQHandler
                0x0000000008007268        0xc Src/stm32f1xx_it.o
                0x0000000008007268                DMA1_Channel7_IRQHandler
 .text.USB_HP_CAN1_TX_IRQHandler
                0x0000000008007274        0xc Src/stm32f1xx_it.o
                0x0000000008007274                USB_HP_CAN1_TX_IRQHandler
 .text.USB_LP_CAN1_RX0_IRQHandler
                0x0000000008007280        0x4 Src/stm32f1xx_it.o
                0x0000000008007280                USB_LP_CAN1_RX0_IRQHandler
 .text.USART1_IRQHandler
                0x0000000008007284        0xc Src/stm32f1xx_it.o
                0x0000000008007284                USART1_IRQHandler
 .text.USART2_IRQHandler
                0x0000000008007290        0xc Src/stm32f1xx_it.o
                0x0000000008007290                USART2_IRQHandler
 .text.USART3_IRQHandler
                0x000000000800729c       0x58 Src/stm32f1xx_it.o
                0x000000000800729c                USART3_IRQHandler
 .text._sbrk    0x00000000080072f4       0x34 Src/syscalls.o
                0x00000000080072f4                _sbrk
 .text.SystemInit
                0x0000000008007328       0x4c Src/system_stm32f1xx.o
                0x0000000008007328                SystemInit
 .text.MX_USART1_UART_Init
                0x0000000008007374       0x34 Src/usart.o
                0x0000000008007374                MX_USART1_UART_Init
 .text.MX_USART2_UART_Init
                0x00000000080073a8       0x38 Src/usart.o
                0x00000000080073a8                MX_USART2_UART_Init
 .text.MX_USART3_UART_Init
                0x00000000080073e0       0x38 Src/usart.o
                0x00000000080073e0                MX_USART3_UART_Init
 .text.HAL_UART_MspInit
                0x0000000008007418      0x1e4 Src/usart.o
                0x0000000008007418                HAL_UART_MspInit
 .text.HAL_UART_MspDeInit
                0x00000000080075fc       0x94 Src/usart.o
                0x00000000080075fc                HAL_UART_MspDeInit
 .text.USER_initialize
                0x0000000008007690        0x4 Src/user_diskio.o
                0x0000000008007690                USER_initialize
 .text.USER_status
                0x0000000008007694        0x4 Src/user_diskio.o
                0x0000000008007694                USER_status
 .text.USER_read
                0x0000000008007698        0x4 Src/user_diskio.o
                0x0000000008007698                USER_read
 .text.USER_write
                0x000000000800769c        0x4 Src/user_diskio.o
                0x000000000800769c                USER_write
 .text.USER_ioctl
                0x00000000080076a0        0x4 Src/user_diskio.o
                0x00000000080076a0                USER_ioctl
 .text.Reset_Handler
                0x00000000080076a4       0x48 startup/startup_stm32f103xb.o
                0x00000000080076a4                Reset_Handler
 .text.Default_Handler
                0x00000000080076ec        0x2 startup/startup_stm32f103xb.o
                0x00000000080076ec                RTC_Alarm_IRQHandler
                0x00000000080076ec                EXTI2_IRQHandler
                0x00000000080076ec                TIM1_CC_IRQHandler
                0x00000000080076ec                PVD_IRQHandler
                0x00000000080076ec                EXTI3_IRQHandler
                0x00000000080076ec                EXTI0_IRQHandler
                0x00000000080076ec                I2C2_EV_IRQHandler
                0x00000000080076ec                ADC1_2_IRQHandler
                0x00000000080076ec                SPI1_IRQHandler
                0x00000000080076ec                TAMPER_IRQHandler
                0x00000000080076ec                RTC_IRQHandler
                0x00000000080076ec                CAN1_RX1_IRQHandler
                0x00000000080076ec                TIM4_IRQHandler
                0x00000000080076ec                I2C1_EV_IRQHandler
                0x00000000080076ec                DMA1_Channel6_IRQHandler
                0x00000000080076ec                TIM3_IRQHandler
                0x00000000080076ec                RCC_IRQHandler
                0x00000000080076ec                TIM1_TRG_COM_IRQHandler
                0x00000000080076ec                DMA1_Channel1_IRQHandler
                0x00000000080076ec                Default_Handler
                0x00000000080076ec                EXTI15_10_IRQHandler
                0x00000000080076ec                EXTI9_5_IRQHandler
                0x00000000080076ec                SPI2_IRQHandler
                0x00000000080076ec                DMA1_Channel5_IRQHandler
                0x00000000080076ec                EXTI4_IRQHandler
                0x00000000080076ec                DMA1_Channel3_IRQHandler
                0x00000000080076ec                TIM1_UP_IRQHandler
                0x00000000080076ec                WWDG_IRQHandler
                0x00000000080076ec                TIM2_IRQHandler
                0x00000000080076ec                TIM1_BRK_IRQHandler
                0x00000000080076ec                EXTI1_IRQHandler
                0x00000000080076ec                I2C2_ER_IRQHandler
                0x00000000080076ec                CAN1_SCE_IRQHandler
                0x00000000080076ec                FLASH_IRQHandler
                0x00000000080076ec                I2C1_ER_IRQHandler
                0x00000000080076ec                USBWakeUp_IRQHandler
 *fill*         0x00000000080076ee        0x2 
 .text.__errno  0x00000000080076f0        0xc c:/st/stm32cubeide_1.4.0/stm32cubeide/plugins/com.st.stm32cube.ide.mcu.externaltools.gnu-tools-for-stm32.7-2018-q2-update.win32_1.4.0.202007081208/tools/bin/../lib/gcc/arm-none-eabi/7.3.1/../../../../arm-none-eabi/lib/thumb/v7-m\libc_nano.a(lib_a-errno.o)
                0x00000000080076f0                __errno
 .text.__libc_init_array
                0x00000000080076fc       0x48 c:/st/stm32cubeide_1.4.0/stm32cubeide/plugins/com.st.stm32cube.ide.mcu.externaltools.gnu-tools-for-stm32.7-2018-q2-update.win32_1.4.0.202007081208/tools/bin/../lib/gcc/arm-none-eabi/7.3.1/../../../../arm-none-eabi/lib/thumb/v7-m\libc_nano.a(lib_a-init.o)
                0x00000000080076fc                __libc_init_array
 .text.memset   0x0000000008007744       0x10 c:/st/stm32cubeide_1.4.0/stm32cubeide/plugins/com.st.stm32cube.ide.mcu.externaltools.gnu-tools-for-stm32.7-2018-q2-update.win32_1.4.0.202007081208/tools/bin/../lib/gcc/arm-none-eabi/7.3.1/../../../../arm-none-eabi/lib/thumb/v7-m\libc_nano.a(lib_a-memset.o)
                0x0000000008007744                memset
 .text.sprintf  0x0000000008007754       0x40 c:/st/stm32cubeide_1.4.0/stm32cubeide/plugins/com.st.stm32cube.ide.mcu.externaltools.gnu-tools-for-stm32.7-2018-q2-update.win32_1.4.0.202007081208/tools/bin/../lib/gcc/arm-none-eabi/7.3.1/../../../../arm-none-eabi/lib/thumb/v7-m\libc_nano.a(lib_a-sprintf.o)
                0x0000000008007754                siprintf
                0x0000000008007754                sprintf
 .text.__ssputs_r
                0x0000000008007794       0xb4 c:/st/stm32cubeide_1.4.0/stm32cubeide/plugins/com.st.stm32cube.ide.mcu.externaltools.gnu-tools-for-stm32.7-2018-q2-update.win32_1.4.0.202007081208/tools/bin/../lib/gcc/arm-none-eabi/7.3.1/../../../../arm-none-eabi/lib/thumb/v7-m\libc_nano.a(lib_a-nano-svfprintf.o)
                0x0000000008007794                __ssputs_r
 .text._svfprintf_r
                0x0000000008007848      0x1f0 c:/st/stm32cubeide_1.4.0/stm32cubeide/plugins/com.st.stm32cube.ide.mcu.externaltools.gnu-tools-for-stm32.7-2018-q2-update.win32_1.4.0.202007081208/tools/bin/../lib/gcc/arm-none-eabi/7.3.1/../../../../arm-none-eabi/lib/thumb/v7-m\libc_nano.a(lib_a-nano-svfprintf.o)
                0x0000000008007848                _svfiprintf_r
                0x0000000008007848                _svfprintf_r
 .text._printf_common
                0x0000000008007a38       0xec c:/st/stm32cubeide_1.4.0/stm32cubeide/plugins/com.st.stm32cube.ide.mcu.externaltools.gnu-tools-for-stm32.7-2018-q2-update.win32_1.4.0.202007081208/tools/bin/../lib/gcc/arm-none-eabi/7.3.1/../../../../arm-none-eabi/lib/thumb/v7-m\libc_nano.a(lib_a-nano-vfprintf_i.o)
                0x0000000008007a38                _printf_common
 .text._printf_i
                0x0000000008007b24      0x224 c:/st/stm32cubeide_1.4.0/stm32cubeide/plugins/com.st.stm32cube.ide.mcu.externaltools.gnu-tools-for-stm32.7-2018-q2-update.win32_1.4.0.202007081208/tools/bin/../lib/gcc/arm-none-eabi/7.3.1/../../../../arm-none-eabi/lib/thumb/v7-m\libc_nano.a(lib_a-nano-vfprintf_i.o)
                0x0000000008007b24                _printf_i
 .text.memchr   0x0000000008007d48       0x1c c:/st/stm32cubeide_1.4.0/stm32cubeide/plugins/com.st.stm32cube.ide.mcu.externaltools.gnu-tools-for-stm32.7-2018-q2-update.win32_1.4.0.202007081208/tools/bin/../lib/gcc/arm-none-eabi/7.3.1/../../../../arm-none-eabi/lib/thumb/v7-m\libc_nano.a(lib_a-memchr-stub.o)
                0x0000000008007d48                memchr
 .text.memcpy   0x0000000008007d64       0x16 c:/st/stm32cubeide_1.4.0/stm32cubeide/plugins/com.st.stm32cube.ide.mcu.externaltools.gnu-tools-for-stm32.7-2018-q2-update.win32_1.4.0.202007081208/tools/bin/../lib/gcc/arm-none-eabi/7.3.1/../../../../arm-none-eabi/lib/thumb/v7-m\libc_nano.a(lib_a-memcpy-stub.o)
                0x0000000008007d64                memcpy
 .text.memmove  0x0000000008007d7a       0x32 c:/st/stm32cubeide_1.4.0/stm32cubeide/plugins/com.st.stm32cube.ide.mcu.externaltools.gnu-tools-for-stm32.7-2018-q2-update.win32_1.4.0.202007081208/tools/bin/../lib/gcc/arm-none-eabi/7.3.1/../../../../arm-none-eabi/lib/thumb/v7-m\libc_nano.a(lib_a-memmove.o)
                0x0000000008007d7a                memmove
 .text._free_r  0x0000000008007dac       0x98 c:/st/stm32cubeide_1.4.0/stm32cubeide/plugins/com.st.stm32cube.ide.mcu.externaltools.gnu-tools-for-stm32.7-2018-q2-update.win32_1.4.0.202007081208/tools/bin/../lib/gcc/arm-none-eabi/7.3.1/../../../../arm-none-eabi/lib/thumb/v7-m\libc_nano.a(lib_a-nano-freer.o)
                0x0000000008007dac                _free_r
 .text._malloc_r
                0x0000000008007e44       0xb4 c:/st/stm32cubeide_1.4.0/stm32cubeide/plugins/com.st.stm32cube.ide.mcu.externaltools.gnu-tools-for-stm32.7-2018-q2-update.win32_1.4.0.202007081208/tools/bin/../lib/gcc/arm-none-eabi/7.3.1/../../../../arm-none-eabi/lib/thumb/v7-m\libc_nano.a(lib_a-nano-mallocr.o)
                0x0000000008007e44                _malloc_r
 .text._realloc_r
                0x0000000008007ef8       0x4c c:/st/stm32cubeide_1.4.0/stm32cubeide/plugins/com.st.stm32cube.ide.mcu.externaltools.gnu-tools-for-stm32.7-2018-q2-update.win32_1.4.0.202007081208/tools/bin/../lib/gcc/arm-none-eabi/7.3.1/../../../../arm-none-eabi/lib/thumb/v7-m\libc_nano.a(lib_a-nano-reallocr.o)
                0x0000000008007ef8                _realloc_r
 .text._sbrk_r  0x0000000008007f44       0x20 c:/st/stm32cubeide_1.4.0/stm32cubeide/plugins/com.st.stm32cube.ide.mcu.externaltools.gnu-tools-for-stm32.7-2018-q2-update.win32_1.4.0.202007081208/tools/bin/../lib/gcc/arm-none-eabi/7.3.1/../../../../arm-none-eabi/lib/thumb/v7-m\libc_nano.a(lib_a-sbrkr.o)
                0x0000000008007f44                _sbrk_r
 .text.__malloc_lock
                0x0000000008007f64        0x2 c:/st/stm32cubeide_1.4.0/stm32cubeide/plugins/com.st.stm32cube.ide.mcu.externaltools.gnu-tools-for-stm32.7-2018-q2-update.win32_1.4.0.202007081208/tools/bin/../lib/gcc/arm-none-eabi/7.3.1/../../../../arm-none-eabi/lib/thumb/v7-m\libc_nano.a(lib_a-mlock.o)
                0x0000000008007f64                __malloc_lock
 .text.__malloc_unlock
                0x0000000008007f66        0x2 c:/st/stm32cubeide_1.4.0/stm32cubeide/plugins/com.st.stm32cube.ide.mcu.externaltools.gnu-tools-for-stm32.7-2018-q2-update.win32_1.4.0.202007081208/tools/bin/../lib/gcc/arm-none-eabi/7.3.1/../../../../arm-none-eabi/lib/thumb/v7-m\libc_nano.a(lib_a-mlock.o)
                0x0000000008007f66                __malloc_unlock
 .text._malloc_usable_size_r
                0x0000000008007f68       0x10 c:/st/stm32cubeide_1.4.0/stm32cubeide/plugins/com.st.stm32cube.ide.mcu.externaltools.gnu-tools-for-stm32.7-2018-q2-update.win32_1.4.0.202007081208/tools/bin/../lib/gcc/arm-none-eabi/7.3.1/../../../../arm-none-eabi/lib/thumb/v7-m\libc_nano.a(lib_a-nano-msizer.o)
                0x0000000008007f68                _malloc_usable_size_r
 .text.roundf   0x0000000008007f78       0x48 c:/st/stm32cubeide_1.4.0/stm32cubeide/plugins/com.st.stm32cube.ide.mcu.externaltools.gnu-tools-for-stm32.7-2018-q2-update.win32_1.4.0.202007081208/tools/bin/../lib/gcc/arm-none-eabi/7.3.1/../../../../arm-none-eabi/lib/thumb/v7-m\libm.a(lib_a-sf_round.o)
                0x0000000008007f78                roundf
 *(.glue_7)
 .glue_7        0x0000000008007fc0        0x0 linker stubs
 *(.glue_7t)
 .glue_7t       0x0000000008007fc0        0x0 linker stubs
 *(.eh_frame)
 .eh_frame      0x0000000008007fc0        0x0 c:/st/stm32cubeide_1.4.0/stm32cubeide/plugins/com.st.stm32cube.ide.mcu.externaltools.gnu-tools-for-stm32.7-2018-q2-update.win32_1.4.0.202007081208/tools/bin/../lib/gcc/arm-none-eabi/7.3.1/thumb/v7-m/crtbegin.o
 *(.init)
 .init          0x0000000008007fc0        0x4 c:/st/stm32cubeide_1.4.0/stm32cubeide/plugins/com.st.stm32cube.ide.mcu.externaltools.gnu-tools-for-stm32.7-2018-q2-update.win32_1.4.0.202007081208/tools/bin/../lib/gcc/arm-none-eabi/7.3.1/thumb/v7-m/crti.o
                0x0000000008007fc0                _init
 .init          0x0000000008007fc4        0x8 c:/st/stm32cubeide_1.4.0/stm32cubeide/plugins/com.st.stm32cube.ide.mcu.externaltools.gnu-tools-for-stm32.7-2018-q2-update.win32_1.4.0.202007081208/tools/bin/../lib/gcc/arm-none-eabi/7.3.1/thumb/v7-m/crtn.o
 *(.fini)
 .fini          0x0000000008007fcc        0x4 c:/st/stm32cubeide_1.4.0/stm32cubeide/plugins/com.st.stm32cube.ide.mcu.externaltools.gnu-tools-for-stm32.7-2018-q2-update.win32_1.4.0.202007081208/tools/bin/../lib/gcc/arm-none-eabi/7.3.1/thumb/v7-m/crti.o
                0x0000000008007fcc                _fini
 .fini          0x0000000008007fd0        0x8 c:/st/stm32cubeide_1.4.0/stm32cubeide/plugins/com.st.stm32cube.ide.mcu.externaltools.gnu-tools-for-stm32.7-2018-q2-update.win32_1.4.0.202007081208/tools/bin/../lib/gcc/arm-none-eabi/7.3.1/thumb/v7-m/crtn.o
                0x0000000008007fd8                . = ALIGN (0x4)
                0x0000000008007fd8                _etext = .

.vfp11_veneer   0x0000000008007fd8        0x0
 .vfp11_veneer  0x0000000008007fd8        0x0 linker stubs

.v4_bx          0x0000000008007fd8        0x0
 .v4_bx         0x0000000008007fd8        0x0 linker stubs

.iplt           0x0000000008007fd8        0x0
 .iplt          0x0000000008007fd8        0x0 c:/st/stm32cubeide_1.4.0/stm32cubeide/plugins/com.st.stm32cube.ide.mcu.externaltools.gnu-tools-for-stm32.7-2018-q2-update.win32_1.4.0.202007081208/tools/bin/../lib/gcc/arm-none-eabi/7.3.1/thumb/v7-m/crtbegin.o

.rodata         0x0000000008007fd8      0x5f4
                0x0000000008007fd8                . = ALIGN (0x4)
 *(.rodata)
 .rodata        0x0000000008007fd8       0x10 Drivers/STM32F1xx_HAL_Driver/Src/stm32f1xx_hal_rcc.o
 .rodata        0x0000000008007fe8       0x10 Drivers/STM32F1xx_HAL_Driver/Src/stm32f1xx_hal_rcc_ex.o
 *(.rodata*)
 .rodata.ExCvt  0x0000000008007ff8       0x80 Middlewares/Third_Party/FatFs/src/ff.o
 .rodata.follow_path.str1.1
                0x0000000008008078        0xf Middlewares/Third_Party/FatFs/src/ff.o
 .rodata.BuildFrameToFile.str1.1
                0x0000000008008087       0x1d Src/GVRET.o
 .rodata.exec_usb_cmd.str1.1
                0x00000000080080a4        0x3 Src/GVRET.o
 .rodata.help_text
                0x00000000080080a7      0x4cf Src/help.o
                0x00000000080080a7                help_text
 .rodata.main.str1.1
                0x0000000008008576        0xb Src/main.o
                                          0xe (size before relaxing)
 .rodata.AHBPrescTable
                0x0000000008008581       0x10 Src/system_stm32f1xx.o
                0x0000000008008581                AHBPrescTable
 .rodata.APBPrescTable
                0x0000000008008591        0x8 Src/system_stm32f1xx.o
                0x0000000008008591                APBPrescTable
 .rodata._svfprintf_r.str1.1
                0x0000000008008599       0x11 c:/st/stm32cubeide_1.4.0/stm32cubeide/plugins/com.st.stm32cube.ide.mcu.externaltools.gnu-tools-for-stm32.7-2018-q2-update.win32_1.4.0.202007081208/tools/bin/../lib/gcc/arm-none-eabi/7.3.1/../../../../arm-none-eabi/lib/thumb/v7-m\libc_nano.a(lib_a-nano-svfprintf.o)
 .rodata._printf_i.str1.1
                0x00000000080085aa       0x22 c:/st/stm32cubeide_1.4.0/stm32cubeide/plugins/com.st.stm32cube.ide.mcu.externaltools.gnu-tools-for-stm32.7-2018-q2-update.win32_1.4.0.202007081208/tools/bin/../lib/gcc/arm-none-eabi/7.3.1/../../../../arm-none-eabi/lib/thumb/v7-m\libc_nano.a(lib_a-nano-vfprintf_i.o)
                0x00000000080085cc                . = ALIGN (0x4)

.rel.dyn        0x00000000080085cc        0x0
 .rel.iplt      0x00000000080085cc        0x0 c:/st/stm32cubeide_1.4.0/stm32cubeide/plugins/com.st.stm32cube.ide.mcu.externaltools.gnu-tools-for-stm32.7-2018-q2-update.win32_1.4.0.202007081208/tools/bin/../lib/gcc/arm-none-eabi/7.3.1/thumb/v7-m/crtbegin.o

.ARM.extab
 *(.ARM.extab* .gnu.linkonce.armextab.*)

.ARM            0x00000000080085cc        0x0
                0x00000000080085cc                __exidx_start = .
 *(.ARM.exidx*)
                0x00000000080085cc                __exidx_end = .

.preinit_array  0x00000000080085cc        0x0
                0x00000000080085cc                PROVIDE (__preinit_array_start = .)
 *(.preinit_array*)
                0x00000000080085cc                PROVIDE (__preinit_array_end = .)

.init_array     0x00000000080085cc        0x4
                0x00000000080085cc                PROVIDE (__init_array_start = .)
 *(SORT_BY_NAME(.init_array.*))
 *(.init_array*)
 .init_array    0x00000000080085cc        0x4 c:/st/stm32cubeide_1.4.0/stm32cubeide/plugins/com.st.stm32cube.ide.mcu.externaltools.gnu-tools-for-stm32.7-2018-q2-update.win32_1.4.0.202007081208/tools/bin/../lib/gcc/arm-none-eabi/7.3.1/thumb/v7-m/crtbegin.o
                0x00000000080085d0                PROVIDE (__init_array_end = .)

.fini_array     0x00000000080085d0        0x4
                [!provide]                        PROVIDE (__fini_array_start = .)
 *(SORT_BY_NAME(.fini_array.*))
 *(.fini_array*)
 .fini_array    0x00000000080085d0        0x4 c:/st/stm32cubeide_1.4.0/stm32cubeide/plugins/com.st.stm32cube.ide.mcu.externaltools.gnu-tools-for-stm32.7-2018-q2-update.win32_1.4.0.202007081208/tools/bin/../lib/gcc/arm-none-eabi/7.3.1/thumb/v7-m/crtbegin.o
                [!provide]                        PROVIDE (__fini_array_end = .)
                0x00000000080085d4                _sidata = LOADADDR (.data)

.data           0x0000000020000000       0xa8 load address 0x00000000080085d4
                0x0000000020000000                . = ALIGN (0x4)
                0x0000000020000000                _sdata = .
 *(.data)
 *(.data*)
 .data.uwTickFreq
                0x0000000020000000        0x1 Drivers/STM32F1xx_HAL_Driver/Src/stm32f1xx_hal.o
                0x0000000020000000                uwTickFreq
 *fill*         0x0000000020000001        0x3 
 .data.uwTickPrio
                0x0000000020000004        0x4 Drivers/STM32F1xx_HAL_Driver/Src/stm32f1xx_hal.o
                0x0000000020000004                uwTickPrio
 .data.Stat     0x0000000020000008        0x1 Src/fatfs_sd.o
 .data.filename
                0x0000000020000009       0x17 Src/main.o
                0x0000000020000009                filename
 .data.pathname
                0x0000000020000020        0x9 Src/main.o
                0x0000000020000020                pathname
 *fill*         0x0000000020000029        0x3 
 .data.SystemCoreClock
                0x000000002000002c        0x4 Src/system_stm32f1xx.o
                0x000000002000002c                SystemCoreClock
 .data.USER_Driver
                0x0000000020000030       0x14 Src/user_diskio.o
                0x0000000020000030                USER_Driver
 .data._impure_ptr
                0x0000000020000044        0x4 c:/st/stm32cubeide_1.4.0/stm32cubeide/plugins/com.st.stm32cube.ide.mcu.externaltools.gnu-tools-for-stm32.7-2018-q2-update.win32_1.4.0.202007081208/tools/bin/../lib/gcc/arm-none-eabi/7.3.1/../../../../arm-none-eabi/lib/thumb/v7-m\libc_nano.a(lib_a-impure.o)
                0x0000000020000044                _impure_ptr
 .data.impure_data
                0x0000000020000048       0x60 c:/st/stm32cubeide_1.4.0/stm32cubeide/plugins/com.st.stm32cube.ide.mcu.externaltools.gnu-tools-for-stm32.7-2018-q2-update.win32_1.4.0.202007081208/tools/bin/../lib/gcc/arm-none-eabi/7.3.1/../../../../arm-none-eabi/lib/thumb/v7-m\libc_nano.a(lib_a-impure.o)
                0x00000000200000a8                . = ALIGN (0x4)
                0x00000000200000a8                _edata = .

.igot.plt       0x00000000200000a8        0x0 load address 0x000000000800867c
 .igot.plt      0x00000000200000a8        0x0 c:/st/stm32cubeide_1.4.0/stm32cubeide/plugins/com.st.stm32cube.ide.mcu.externaltools.gnu-tools-for-stm32.7-2018-q2-update.win32_1.4.0.202007081208/tools/bin/../lib/gcc/arm-none-eabi/7.3.1/thumb/v7-m/crtbegin.o
                0x00000000200000a8                . = ALIGN (0x4)

.bss            0x00000000200000a8     0x35d4 load address 0x000000000800867c
                0x00000000200000a8                _sbss = .
                0x00000000200000a8                __bss_start__ = _sbss
 *(.bss)
 .bss           0x00000000200000a8       0x1c c:/st/stm32cubeide_1.4.0/stm32cubeide/plugins/com.st.stm32cube.ide.mcu.externaltools.gnu-tools-for-stm32.7-2018-q2-update.win32_1.4.0.202007081208/tools/bin/../lib/gcc/arm-none-eabi/7.3.1/thumb/v7-m/crtbegin.o
 *(.bss*)
 .bss.FatFs     0x00000000200000c4        0x4 Middlewares/Third_Party/FatFs/src/ff.o
 .bss.Files     0x00000000200000c8       0x18 Middlewares/Third_Party/FatFs/src/ff.o
 .bss.Fsid      0x00000000200000e0        0x2 Middlewares/Third_Party/FatFs/src/ff.o
 *fill*         0x00000000200000e2        0x2 
 .bss.disk      0x00000000200000e4        0xc Middlewares/Third_Party/FatFs/src/ff_gen_drv.o
                0x00000000200000e4                disk
 .bss.buf_ind   0x00000000200000f0        0x1 Src/GVRET.o
                0x00000000200000f0                buf_ind
 *fill*         0x00000000200000f1        0x3 
 .bss.build_int.8432
                0x00000000200000f4        0x4 Src/GVRET.o
 .bss.num_file.8188
                0x00000000200000f8        0x4 Src/GVRET.o
 .bss.num_path.8199
                0x00000000200000fc        0x4 Src/GVRET.o
 .bss.serialCnt.8433
                0x0000000020000100        0x4 Src/GVRET.o
 .bss.shift.8320
                0x0000000020000104        0x4 Src/GVRET.o
 .bss.state.8431
                0x0000000020000108        0x1 Src/GVRET.o
 *fill*         0x0000000020000109        0x3 
 .bss.step.8430
                0x000000002000010c        0x4 Src/GVRET.o
 .bss.CardType  0x0000000020000110        0x1 Src/fatfs_sd.o
 .bss.PowerFlag
                0x0000000020000111        0x1 Src/fatfs_sd.o
 *fill*         0x0000000020000112        0x2 
 .bss.error_led_ts
                0x0000000020000114        0x4 Src/main.o
                0x0000000020000114                error_led_ts
 .bss.error_led_z1
                0x0000000020000118        0x1 Src/main.o
                0x0000000020000118                error_led_z1
 .bss.fresult   0x0000000020000119        0x1 Src/main.o
                0x0000000020000119                fresult
 *fill*         0x000000002000011a        0x2 
 .bss.rx_led_ts
                0x000000002000011c        0x4 Src/main.o
                0x000000002000011c                rx_led_ts
 .bss.rx_led_z1
                0x0000000020000120        0x1 Src/main.o
                0x0000000020000120                rx_led_z1
 .bss.script_buf_pointer
                0x0000000020000121        0x1 Src/main.o
                0x0000000020000121                script_buf_pointer
 *fill*         0x0000000020000122        0x6 
 .bss.time_stamp_LED
                0x0000000020000128        0x8 Src/main.o
                0x0000000020000128                time_stamp_LED
 .bss.time_stamp_SAVE
                0x0000000020000130        0x8 Src/main.o
                0x0000000020000130                time_stamp_SAVE
 .bss.time_stamp_UART
                0x0000000020000138        0x8 Src/main.o
                0x0000000020000138                time_stamp_UART
 .bss.tx_led_ts
                0x0000000020000140        0x4 Src/main.o
                0x0000000020000140                tx_led_ts
 .bss.tx_led_z1
                0x0000000020000144        0x1 Src/main.o
                0x0000000020000144                tx_led_z1
 .bss.uart_answ_ready
                0x0000000020000145        0x1 Src/main.o
                0x0000000020000145                uart_answ_ready
 .bss.uart_busy
                0x0000000020000146        0x1 Src/main.o
                0x0000000020000146                uart_busy
 *fill*         0x0000000020000147        0x1 
 .bss.uart_rx_pointer_r
                0x0000000020000148        0x4 Src/main.o
                0x0000000020000148                uart_rx_pointer_r
 .bss.uart_rx_pointer_w
                0x000000002000014c        0x4 Src/main.o
                0x000000002000014c                uart_rx_pointer_w
 .bss.uart_tx_pointer
                0x0000000020000150        0x4 Src/main.o
                0x0000000020000150                uart_tx_pointer
 .bss.FatFsCnt  0x0000000020000154        0x1 Src/stm32f1xx_it.o
                0x0000000020000154                FatFsCnt
 *fill*         0x0000000020000155        0x3 
 .bss.heap_end.5946
                0x0000000020000158        0x4 Src/syscalls.o
 .bss.__malloc_free_list
                0x000000002000015c        0x4 c:/st/stm32cubeide_1.4.0/stm32cubeide/plugins/com.st.stm32cube.ide.mcu.externaltools.gnu-tools-for-stm32.7-2018-q2-update.win32_1.4.0.202007081208/tools/bin/../lib/gcc/arm-none-eabi/7.3.1/../../../../arm-none-eabi/lib/thumb/v7-m\libc_nano.a(lib_a-nano-mallocr.o)
                0x000000002000015c                __malloc_free_list
 .bss.__malloc_sbrk_start
                0x0000000020000160        0x4 c:/st/stm32cubeide_1.4.0/stm32cubeide/plugins/com.st.stm32cube.ide.mcu.externaltools.gnu-tools-for-stm32.7-2018-q2-update.win32_1.4.0.202007081208/tools/bin/../lib/gcc/arm-none-eabi/7.3.1/../../../../arm-none-eabi/lib/thumb/v7-m\libc_nano.a(lib_a-nano-mallocr.o)
                0x0000000020000160                __malloc_sbrk_start
 *(COMMON)
 COMMON         0x0000000020000164        0x4 Drivers/STM32F1xx_HAL_Driver/Src/stm32f1xx_hal.o
                0x0000000020000164                uwTick
 COMMON         0x0000000020000168     0x17a0 Src/GVRET.o
                0x0000000020000168                conf
                0x0000000020000198                CAN_TxHeader
                0x00000000200001b0                can_tx_msg
                0x00000000200001e0                CAN_status
                0x00000000200001e4                CAN_mailbox
                0x00000000200001e8                uart_speed
                0x00000000200001ec                cmd_buf
                0x0000000020000210                CAN_Buffer
                0x0000000020000d58                eeprom_settings
                0x0000000020000dc0                CAN_Log_Buffer
 COMMON         0x0000000020001908       0x28 Src/can.o
                0x0000000020001908                hcan
 COMMON         0x0000000020001930      0x864 Src/fatfs.o
                0x0000000020001930                USERPath
                0x0000000020001934                retUSER
                0x0000000020001938                USERFile
                0x0000000020001d64                USERFatFS
 *fill*         0x0000000020002194        0x4 
 COMMON         0x0000000020002198     0x128c Src/main.o
                0x0000000020002198                can_rx_buf
                0x00000000200021f8                uart_tx_com_bufer
                0x0000000020002218                debug_buf
                0x0000000020002618                fs
                0x0000000020002a48                uart_rx_bufer
                0x0000000020002e48                script_buf
                0x0000000020002e66                uart_rx_char
                0x0000000020002e67                uart_tx_bufer
                0x0000000020002ee7                flash_buffer
                0x0000000020002f68                button_var
                0x0000000020002f70                huart_active
                0x0000000020002f74                huart_lin
                0x0000000020002f78                fil
                0x00000000200033a4                uart_tx_bufer_1
 COMMON         0x0000000020003424       0x14 Src/rtc.o
                0x0000000020003424                hrtc
 COMMON         0x0000000020003438       0xb0 Src/spi.o
                0x0000000020003438                hspi2
                0x0000000020003490                hspi1
 COMMON         0x00000000200034e8        0x2 Src/stm32f1xx_it.o
                0x00000000200034e8                Timer2
                0x00000000200034e9                Timer1
 *fill*         0x00000000200034ea        0x2 
 COMMON         0x00000000200034ec      0x18c Src/usart.o
                0x00000000200034ec                huart3
                0x000000002000352c                hdma_usart3_tx
                0x0000000020003570                hdma_usart1_tx
                0x00000000200035b4                hdma_usart2_tx
                0x00000000200035f8                huart1
                0x0000000020003638                huart2
 COMMON         0x0000000020003678        0x4 c:/st/stm32cubeide_1.4.0/stm32cubeide/plugins/com.st.stm32cube.ide.mcu.externaltools.gnu-tools-for-stm32.7-2018-q2-update.win32_1.4.0.202007081208/tools/bin/../lib/gcc/arm-none-eabi/7.3.1/../../../../arm-none-eabi/lib/thumb/v7-m\libc_nano.a(lib_a-reent.o)
                0x0000000020003678                errno
                0x000000002000367c                . = ALIGN (0x4)
                0x000000002000367c                _ebss = .
                0x000000002000367c                __bss_end__ = _ebss

._user_heap_stack
                0x000000002000367c      0x600 load address 0x000000000800867c
                0x000000002000367c                . = ALIGN (0x4)
                0x000000002000367c                PROVIDE (end = .)
                [!provide]                        PROVIDE (_end = .)
                0x000000002000387c                . = (. + _Min_Heap_Size)
 *fill*         0x000000002000367c      0x200 
                0x0000000020003c7c                . = (. + _Min_Stack_Size)
 *fill*         0x000000002000387c      0x400 
                0x0000000020003c7c                . = ALIGN (0x4)

/DISCARD/
 libc.a(*)
 libm.a(*)
 libgcc.a(*)

.ARM.attributes
                0x0000000000000000       0x29
 *(.ARM.attributes)
 .ARM.attributes
                0x0000000000000000       0x1d c:/st/stm32cubeide_1.4.0/stm32cubeide/plugins/com.st.stm32cube.ide.mcu.externaltools.gnu-tools-for-stm32.7-2018-q2-update.win32_1.4.0.202007081208/tools/bin/../lib/gcc/arm-none-eabi/7.3.1/thumb/v7-m/crti.o
 .ARM.attributes
                0x000000000000001d       0x2d c:/st/stm32cubeide_1.4.0/stm32cubeide/plugins/com.st.stm32cube.ide.mcu.externaltools.gnu-tools-for-stm32.7-2018-q2-update.win32_1.4.0.202007081208/tools/bin/../lib/gcc/arm-none-eabi/7.3.1/thumb/v7-m/crtbegin.o
 .ARM.attributes
                0x000000000000004a       0x33 Drivers/STM32F1xx_HAL_Driver/Src/stm32f1xx_hal.o
 .ARM.attributes
                0x000000000000007d       0x33 Drivers/STM32F1xx_HAL_Driver/Src/stm32f1xx_hal_can.o
 .ARM.attributes
                0x00000000000000b0       0x33 Drivers/STM32F1xx_HAL_Driver/Src/stm32f1xx_hal_cortex.o
 .ARM.attributes
                0x00000000000000e3       0x33 Drivers/STM32F1xx_HAL_Driver/Src/stm32f1xx_hal_dma.o
 .ARM.attributes
                0x0000000000000116       0x33 Drivers/STM32F1xx_HAL_Driver/Src/stm32f1xx_hal_gpio.o
 .ARM.attributes
                0x0000000000000149       0x33 Drivers/STM32F1xx_HAL_Driver/Src/stm32f1xx_hal_pwr.o
 .ARM.attributes
                0x000000000000017c       0x33 Drivers/STM32F1xx_HAL_Driver/Src/stm32f1xx_hal_rcc.o
 .ARM.attributes
                0x00000000000001af       0x33 Drivers/STM32F1xx_HAL_Driver/Src/stm32f1xx_hal_rcc_ex.o
 .ARM.attributes
                0x00000000000001e2       0x33 Drivers/STM32F1xx_HAL_Driver/Src/stm32f1xx_hal_rtc.o
 .ARM.attributes
                0x0000000000000215       0x33 Drivers/STM32F1xx_HAL_Driver/Src/stm32f1xx_hal_spi.o
 .ARM.attributes
                0x0000000000000248       0x33 Drivers/STM32F1xx_HAL_Driver/Src/stm32f1xx_hal_uart.o
 .ARM.attributes
                0x000000000000027b       0x33 Middlewares/Third_Party/FatFs/src/diskio.o
 .ARM.attributes
                0x00000000000002ae       0x33 Middlewares/Third_Party/FatFs/src/ff.o
 .ARM.attributes
                0x00000000000002e1       0x33 Middlewares/Third_Party/FatFs/src/ff_gen_drv.o
 .ARM.attributes
                0x0000000000000314       0x33 Src/GVRET.o
 .ARM.attributes
                0x0000000000000347       0x33 Src/button.o
 .ARM.attributes
                0x000000000000037a       0x33 Src/can.o
 .ARM.attributes
                0x00000000000003ad       0x33 Src/dma.o
 .ARM.attributes
                0x00000000000003e0       0x33 Src/eeprom.o
 .ARM.attributes
                0x0000000000000413       0x33 Src/fatfs.o
 .ARM.attributes
                0x0000000000000446       0x33 Src/fatfs_sd.o
 .ARM.attributes
                0x0000000000000479       0x33 Src/gpio.o
 .ARM.attributes
                0x00000000000004ac       0x33 Src/help.o
 .ARM.attributes
                0x00000000000004df       0x33 Src/main.o
 .ARM.attributes
                0x0000000000000512       0x33 Src/rtc.o
 .ARM.attributes
                0x0000000000000545       0x33 Src/spi.o
 .ARM.attributes
                0x0000000000000578       0x33 Src/stm32f1xx_hal_msp.o
 .ARM.attributes
                0x00000000000005ab       0x33 Src/stm32f1xx_it.o
 .ARM.attributes
                0x00000000000005de       0x33 Src/syscalls.o
 .ARM.attributes
                0x0000000000000611       0x33 Src/system_stm32f1xx.o
 .ARM.attributes
                0x0000000000000644       0x33 Src/usart.o
 .ARM.attributes
                0x0000000000000677       0x33 Src/user_diskio.o
 .ARM.attributes
                0x00000000000006aa       0x21 startup/startup_stm32f103xb.o
 .ARM.attributes
                0x00000000000006cb       0x2d c:/st/stm32cubeide_1.4.0/stm32cubeide/plugins/com.st.stm32cube.ide.mcu.externaltools.gnu-tools-for-stm32.7-2018-q2-update.win32_1.4.0.202007081208/tools/bin/../lib/gcc/arm-none-eabi/7.3.1/../../../../arm-none-eabi/lib/thumb/v7-m\libc_nano.a(lib_a-errno.o)
 .ARM.attributes
                0x00000000000006f8       0x2d c:/st/stm32cubeide_1.4.0/stm32cubeide/plugins/com.st.stm32cube.ide.mcu.externaltools.gnu-tools-for-stm32.7-2018-q2-update.win32_1.4.0.202007081208/tools/bin/../lib/gcc/arm-none-eabi/7.3.1/../../../../arm-none-eabi/lib/thumb/v7-m\libc_nano.a(lib_a-impure.o)
 .ARM.attributes
                0x0000000000000725       0x2d c:/st/stm32cubeide_1.4.0/stm32cubeide/plugins/com.st.stm32cube.ide.mcu.externaltools.gnu-tools-for-stm32.7-2018-q2-update.win32_1.4.0.202007081208/tools/bin/../lib/gcc/arm-none-eabi/7.3.1/../../../../arm-none-eabi/lib/thumb/v7-m\libc_nano.a(lib_a-init.o)
 .ARM.attributes
                0x0000000000000752       0x2d c:/st/stm32cubeide_1.4.0/stm32cubeide/plugins/com.st.stm32cube.ide.mcu.externaltools.gnu-tools-for-stm32.7-2018-q2-update.win32_1.4.0.202007081208/tools/bin/../lib/gcc/arm-none-eabi/7.3.1/../../../../arm-none-eabi/lib/thumb/v7-m\libc_nano.a(lib_a-memset.o)
 .ARM.attributes
                0x000000000000077f       0x2d c:/st/stm32cubeide_1.4.0/stm32cubeide/plugins/com.st.stm32cube.ide.mcu.externaltools.gnu-tools-for-stm32.7-2018-q2-update.win32_1.4.0.202007081208/tools/bin/../lib/gcc/arm-none-eabi/7.3.1/../../../../arm-none-eabi/lib/thumb/v7-m\libc_nano.a(lib_a-sprintf.o)
 .ARM.attributes
                0x00000000000007ac       0x17 c:/st/stm32cubeide_1.4.0/stm32cubeide/plugins/com.st.stm32cube.ide.mcu.externaltools.gnu-tools-for-stm32.7-2018-q2-update.win32_1.4.0.202007081208/tools/bin/../lib/gcc/arm-none-eabi/7.3.1/../../../../arm-none-eabi/lib/thumb/v7-m\libc_nano.a(lib_a-strlen.o)
 .ARM.attributes
                0x00000000000007c3       0x2d c:/st/stm32cubeide_1.4.0/stm32cubeide/plugins/com.st.stm32cube.ide.mcu.externaltools.gnu-tools-for-stm32.7-2018-q2-update.win32_1.4.0.202007081208/tools/bin/../lib/gcc/arm-none-eabi/7.3.1/../../../../arm-none-eabi/lib/thumb/v7-m\libc_nano.a(lib_a-nano-svfprintf.o)
 .ARM.attributes
                0x00000000000007f0       0x2d c:/st/stm32cubeide_1.4.0/stm32cubeide/plugins/com.st.stm32cube.ide.mcu.externaltools.gnu-tools-for-stm32.7-2018-q2-update.win32_1.4.0.202007081208/tools/bin/../lib/gcc/arm-none-eabi/7.3.1/../../../../arm-none-eabi/lib/thumb/v7-m\libc_nano.a(lib_a-nano-vfprintf_i.o)
 .ARM.attributes
                0x000000000000081d       0x2d c:/st/stm32cubeide_1.4.0/stm32cubeide/plugins/com.st.stm32cube.ide.mcu.externaltools.gnu-tools-for-stm32.7-2018-q2-update.win32_1.4.0.202007081208/tools/bin/../lib/gcc/arm-none-eabi/7.3.1/../../../../arm-none-eabi/lib/thumb/v7-m\libc_nano.a(lib_a-memchr-stub.o)
 .ARM.attributes
                0x000000000000084a       0x2d c:/st/stm32cubeide_1.4.0/stm32cubeide/plugins/com.st.stm32cube.ide.mcu.externaltools.gnu-tools-for-stm32.7-2018-q2-update.win32_1.4.0.202007081208/tools/bin/../lib/gcc/arm-none-eabi/7.3.1/../../../../arm-none-eabi/lib/thumb/v7-m\libc_nano.a(lib_a-memcpy-stub.o)
 .ARM.attributes
                0x0000000000000877       0x2d c:/st/stm32cubeide_1.4.0/stm32cubeide/plugins/com.st.stm32cube.ide.mcu.externaltools.gnu-tools-for-stm32.7-2018-q2-update.win32_1.4.0.202007081208/tools/bin/../lib/gcc/arm-none-eabi/7.3.1/../../../../arm-none-eabi/lib/thumb/v7-m\libc_nano.a(lib_a-memmove.o)
 .ARM.attributes
                0x00000000000008a4       0x2d c:/st/stm32cubeide_1.4.0/stm32cubeide/plugins/com.st.stm32cube.ide.mcu.externaltools.gnu-tools-for-stm32.7-2018-q2-update.win32_1.4.0.202007081208/tools/bin/../lib/gcc/arm-none-eabi/7.3.1/../../../../arm-none-eabi/lib/thumb/v7-m\libc_nano.a(lib_a-nano-freer.o)
 .ARM.attributes
                0x00000000000008d1       0x2d c:/st/stm32cubeide_1.4.0/stm32cubeide/plugins/com.st.stm32cube.ide.mcu.externaltools.gnu-tools-for-stm32.7-2018-q2-update.win32_1.4.0.202007081208/tools/bin/../lib/gcc/arm-none-eabi/7.3.1/../../../../arm-none-eabi/lib/thumb/v7-m\libc_nano.a(lib_a-nano-mallocr.o)
 .ARM.attributes
                0x00000000000008fe       0x2d c:/st/stm32cubeide_1.4.0/stm32cubeide/plugins/com.st.stm32cube.ide.mcu.externaltools.gnu-tools-for-stm32.7-2018-q2-update.win32_1.4.0.202007081208/tools/bin/../lib/gcc/arm-none-eabi/7.3.1/../../../../arm-none-eabi/lib/thumb/v7-m\libc_nano.a(lib_a-nano-reallocr.o)
 .ARM.attributes
                0x000000000000092b       0x2d c:/st/stm32cubeide_1.4.0/stm32cubeide/plugins/com.st.stm32cube.ide.mcu.externaltools.gnu-tools-for-stm32.7-2018-q2-update.win32_1.4.0.202007081208/tools/bin/../lib/gcc/arm-none-eabi/7.3.1/../../../../arm-none-eabi/lib/thumb/v7-m\libc_nano.a(lib_a-sbrkr.o)
 .ARM.attributes
                0x0000000000000958       0x2d c:/st/stm32cubeide_1.4.0/stm32cubeide/plugins/com.st.stm32cube.ide.mcu.externaltools.gnu-tools-for-stm32.7-2018-q2-update.win32_1.4.0.202007081208/tools/bin/../lib/gcc/arm-none-eabi/7.3.1/../../../../arm-none-eabi/lib/thumb/v7-m\libc_nano.a(lib_a-mlock.o)
 .ARM.attributes
                0x0000000000000985       0x2d c:/st/stm32cubeide_1.4.0/stm32cubeide/plugins/com.st.stm32cube.ide.mcu.externaltools.gnu-tools-for-stm32.7-2018-q2-update.win32_1.4.0.202007081208/tools/bin/../lib/gcc/arm-none-eabi/7.3.1/../../../../arm-none-eabi/lib/thumb/v7-m\libc_nano.a(lib_a-nano-msizer.o)
 .ARM.attributes
                0x00000000000009b2       0x2d c:/st/stm32cubeide_1.4.0/stm32cubeide/plugins/com.st.stm32cube.ide.mcu.externaltools.gnu-tools-for-stm32.7-2018-q2-update.win32_1.4.0.202007081208/tools/bin/../lib/gcc/arm-none-eabi/7.3.1/../../../../arm-none-eabi/lib/thumb/v7-m\libc_nano.a(lib_a-reent.o)
 .ARM.attributes
                0x00000000000009df       0x2d c:/st/stm32cubeide_1.4.0/stm32cubeide/plugins/com.st.stm32cube.ide.mcu.externaltools.gnu-tools-for-stm32.7-2018-q2-update.win32_1.4.0.202007081208/tools/bin/../lib/gcc/arm-none-eabi/7.3.1/../../../../arm-none-eabi/lib/thumb/v7-m\libm.a(lib_a-sf_round.o)
 .ARM.attributes
                0x0000000000000a0c       0x1d c:/st/stm32cubeide_1.4.0/stm32cubeide/plugins/com.st.stm32cube.ide.mcu.externaltools.gnu-tools-for-stm32.7-2018-q2-update.win32_1.4.0.202007081208/tools/bin/../lib/gcc/arm-none-eabi/7.3.1/thumb/v7-m\libgcc.a(_arm_addsubsf3.o)
 .ARM.attributes
                0x0000000000000a29       0x1d c:/st/stm32cubeide_1.4.0/stm32cubeide/plugins/com.st.stm32cube.ide.mcu.externaltools.gnu-tools-for-stm32.7-2018-q2-update.win32_1.4.0.202007081208/tools/bin/../lib/gcc/arm-none-eabi/7.3.1/thumb/v7-m\libgcc.a(_arm_muldivsf3.o)
 .ARM.attributes
                0x0000000000000a46       0x1d c:/st/stm32cubeide_1.4.0/stm32cubeide/plugins/com.st.stm32cube.ide.mcu.externaltools.gnu-tools-for-stm32.7-2018-q2-update.win32_1.4.0.202007081208/tools/bin/../lib/gcc/arm-none-eabi/7.3.1/thumb/v7-m\libgcc.a(_arm_cmpsf2.o)
 .ARM.attributes
                0x0000000000000a63       0x1d c:/st/stm32cubeide_1.4.0/stm32cubeide/plugins/com.st.stm32cube.ide.mcu.externaltools.gnu-tools-for-stm32.7-2018-q2-update.win32_1.4.0.202007081208/tools/bin/../lib/gcc/arm-none-eabi/7.3.1/thumb/v7-m\libgcc.a(_arm_fixunssfsi.o)
 .ARM.attributes
                0x0000000000000a80       0x1d c:/st/stm32cubeide_1.4.0/stm32cubeide/plugins/com.st.stm32cube.ide.mcu.externaltools.gnu-tools-for-stm32.7-2018-q2-update.win32_1.4.0.202007081208/tools/bin/../lib/gcc/arm-none-eabi/7.3.1/thumb/v7-m/crtn.o
OUTPUT(CAN_USB.elf elf32-littlearm)

.debug_info     0x0000000000000000    0x20515
 .debug_info    0x0000000000000000      0x7e8 Drivers/STM32F1xx_HAL_Driver/Src/stm32f1xx_hal.o
 .debug_info    0x00000000000007e8     0x10e9 Drivers/STM32F1xx_HAL_Driver/Src/stm32f1xx_hal_can.o
 .debug_info    0x00000000000018d1      0xcaf Drivers/STM32F1xx_HAL_Driver/Src/stm32f1xx_hal_cortex.o
 .debug_info    0x0000000000002580      0x846 Drivers/STM32F1xx_HAL_Driver/Src/stm32f1xx_hal_dma.o
 .debug_info    0x0000000000002dc6      0x69c Drivers/STM32F1xx_HAL_Driver/Src/stm32f1xx_hal_gpio.o
 .debug_info    0x0000000000003462      0x6ff Drivers/STM32F1xx_HAL_Driver/Src/stm32f1xx_hal_pwr.o
 .debug_info    0x0000000000003b61      0x9e6 Drivers/STM32F1xx_HAL_Driver/Src/stm32f1xx_hal_rcc.o
 .debug_info    0x0000000000004547      0x497 Drivers/STM32F1xx_HAL_Driver/Src/stm32f1xx_hal_rcc_ex.o
 .debug_info    0x00000000000049de     0x1313 Drivers/STM32F1xx_HAL_Driver/Src/stm32f1xx_hal_rtc.o
 .debug_info    0x0000000000005cf1     0x1bf4 Drivers/STM32F1xx_HAL_Driver/Src/stm32f1xx_hal_spi.o
 .debug_info    0x00000000000078e5     0x164e Drivers/STM32F1xx_HAL_Driver/Src/stm32f1xx_hal_uart.o
 .debug_info    0x0000000000008f33      0xa91 Middlewares/Third_Party/FatFs/src/diskio.o
 .debug_info    0x00000000000099c4     0x40cd Middlewares/Third_Party/FatFs/src/ff.o
 .debug_info    0x000000000000da91      0xad5 Middlewares/Third_Party/FatFs/src/ff_gen_drv.o
 .debug_info    0x000000000000e566     0x3732 Src/GVRET.o
 .debug_info    0x0000000000011c98      0x2d2 Src/button.o
 .debug_info    0x0000000000011f6a     0x1008 Src/can.o
 .debug_info    0x0000000000012f72      0x9b5 Src/dma.o
 .debug_info    0x0000000000013927      0xf1d Src/eeprom.o
 .debug_info    0x0000000000014844      0xb52 Src/fatfs.o
 .debug_info    0x0000000000015396     0x15d6 Src/fatfs_sd.o
 .debug_info    0x000000000001696c      0xab9 Src/gpio.o
 .debug_info    0x0000000000017425       0x5c Src/help.o
 .debug_info    0x0000000000017481     0x2f58 Src/main.o
 .debug_info    0x000000000001a3d9      0xa57 Src/rtc.o
 .debug_info    0x000000000001ae30      0xcc3 Src/spi.o
 .debug_info    0x000000000001baf3      0x85e Src/stm32f1xx_hal_msp.o
 .debug_info    0x000000000001c351      0xcd0 Src/stm32f1xx_it.o
 .debug_info    0x000000000001d021      0xfe9 Src/syscalls.o
 .debug_info    0x000000000001e00a      0x445 Src/system_stm32f1xx.o
 .debug_info    0x000000000001e44f      0xe51 Src/usart.o
 .debug_info    0x000000000001f2a0     0x1253 Src/user_diskio.o
 .debug_info    0x00000000000204f3       0x22 startup/startup_stm32f103xb.o

.debug_abbrev   0x0000000000000000     0x4c9b
 .debug_abbrev  0x0000000000000000      0x240 Drivers/STM32F1xx_HAL_Driver/Src/stm32f1xx_hal.o
 .debug_abbrev  0x0000000000000240      0x2be Drivers/STM32F1xx_HAL_Driver/Src/stm32f1xx_hal_can.o
 .debug_abbrev  0x00000000000004fe      0x30c Drivers/STM32F1xx_HAL_Driver/Src/stm32f1xx_hal_cortex.o
 .debug_abbrev  0x000000000000080a      0x232 Drivers/STM32F1xx_HAL_Driver/Src/stm32f1xx_hal_dma.o
 .debug_abbrev  0x0000000000000a3c      0x1e9 Drivers/STM32F1xx_HAL_Driver/Src/stm32f1xx_hal_gpio.o
 .debug_abbrev  0x0000000000000c25      0x1d8 Drivers/STM32F1xx_HAL_Driver/Src/stm32f1xx_hal_pwr.o
 .debug_abbrev  0x0000000000000dfd      0x2ac Drivers/STM32F1xx_HAL_Driver/Src/stm32f1xx_hal_rcc.o
 .debug_abbrev  0x00000000000010a9      0x1c9 Drivers/STM32F1xx_HAL_Driver/Src/stm32f1xx_hal_rcc_ex.o
 .debug_abbrev  0x0000000000001272      0x2e9 Drivers/STM32F1xx_HAL_Driver/Src/stm32f1xx_hal_rtc.o
 .debug_abbrev  0x000000000000155b      0x358 Drivers/STM32F1xx_HAL_Driver/Src/stm32f1xx_hal_spi.o
 .debug_abbrev  0x00000000000018b3      0x2fe Drivers/STM32F1xx_HAL_Driver/Src/stm32f1xx_hal_uart.o
 .debug_abbrev  0x0000000000001bb1      0x201 Middlewares/Third_Party/FatFs/src/diskio.o
 .debug_abbrev  0x0000000000001db2      0x3cf Middlewares/Third_Party/FatFs/src/ff.o
 .debug_abbrev  0x0000000000002181      0x274 Middlewares/Third_Party/FatFs/src/ff_gen_drv.o
 .debug_abbrev  0x00000000000023f5      0x5e9 Src/GVRET.o
 .debug_abbrev  0x00000000000029de      0x120 Src/button.o
 .debug_abbrev  0x0000000000002afe      0x251 Src/can.o
 .debug_abbrev  0x0000000000002d4f      0x195 Src/dma.o
 .debug_abbrev  0x0000000000002ee4      0x244 Src/eeprom.o
 .debug_abbrev  0x0000000000003128      0x1f7 Src/fatfs.o
 .debug_abbrev  0x000000000000331f      0x39e Src/fatfs_sd.o
 .debug_abbrev  0x00000000000036bd      0x1ab Src/gpio.o
 .debug_abbrev  0x0000000000003868       0x48 Src/help.o
 .debug_abbrev  0x00000000000038b0      0x43b Src/main.o
 .debug_abbrev  0x0000000000003ceb      0x1d3 Src/rtc.o
 .debug_abbrev  0x0000000000003ebe      0x1fc Src/spi.o
 .debug_abbrev  0x00000000000040ba      0x159 Src/stm32f1xx_hal_msp.o
 .debug_abbrev  0x0000000000004213      0x235 Src/stm32f1xx_it.o
 .debug_abbrev  0x0000000000004448      0x2dc Src/syscalls.o
 .debug_abbrev  0x0000000000004724      0x134 Src/system_stm32f1xx.o
 .debug_abbrev  0x0000000000004858      0x20b Src/usart.o
 .debug_abbrev  0x0000000000004a63      0x226 Src/user_diskio.o
 .debug_abbrev  0x0000000000004c89       0x12 startup/startup_stm32f103xb.o

.debug_loc      0x0000000000000000     0xd2a6
 .debug_loc     0x0000000000000000      0x115 Drivers/STM32F1xx_HAL_Driver/Src/stm32f1xx_hal.o
 .debug_loc     0x0000000000000115      0xa35 Drivers/STM32F1xx_HAL_Driver/Src/stm32f1xx_hal_can.o
 .debug_loc     0x0000000000000b4a      0x457 Drivers/STM32F1xx_HAL_Driver/Src/stm32f1xx_hal_cortex.o
 .debug_loc     0x0000000000000fa1      0x611 Drivers/STM32F1xx_HAL_Driver/Src/stm32f1xx_hal_dma.o
 .debug_loc     0x00000000000015b2      0x2f6 Drivers/STM32F1xx_HAL_Driver/Src/stm32f1xx_hal_gpio.o
 .debug_loc     0x00000000000018a8       0xaa Drivers/STM32F1xx_HAL_Driver/Src/stm32f1xx_hal_pwr.o
 .debug_loc     0x0000000000001952      0x486 Drivers/STM32F1xx_HAL_Driver/Src/stm32f1xx_hal_rcc.o
 .debug_loc     0x0000000000001dd8      0x29d Drivers/STM32F1xx_HAL_Driver/Src/stm32f1xx_hal_rcc_ex.o
 .debug_loc     0x0000000000002075      0xee2 Drivers/STM32F1xx_HAL_Driver/Src/stm32f1xx_hal_rtc.o
 .debug_loc     0x0000000000002f57     0x154a Drivers/STM32F1xx_HAL_Driver/Src/stm32f1xx_hal_spi.o
 .debug_loc     0x00000000000044a1     0x1360 Drivers/STM32F1xx_HAL_Driver/Src/stm32f1xx_hal_uart.o
 .debug_loc     0x0000000000005801      0x1c6 Middlewares/Third_Party/FatFs/src/diskio.o
 .debug_loc     0x00000000000059c7     0x444f Middlewares/Third_Party/FatFs/src/ff.o
 .debug_loc     0x0000000000009e16      0x222 Middlewares/Third_Party/FatFs/src/ff_gen_drv.o
 .debug_loc     0x000000000000a038     0x18e7 Src/GVRET.o
 .debug_loc     0x000000000000b91f      0x2cf Src/button.o
 .debug_loc     0x000000000000bbee       0x87 Src/can.o
 .debug_loc     0x000000000000bc75      0x2d2 Src/eeprom.o
 .debug_loc     0x000000000000bf47      0x95c Src/fatfs_sd.o
 .debug_loc     0x000000000000c8a3      0x259 Src/main.o
 .debug_loc     0x000000000000cafc       0x21 Src/rtc.o
 .debug_loc     0x000000000000cb1d       0x7c Src/spi.o
 .debug_loc     0x000000000000cb99       0x23 Src/stm32f1xx_it.o
 .debug_loc     0x000000000000cbbc      0x3ef Src/syscalls.o
 .debug_loc     0x000000000000cfab       0xcd Src/system_stm32f1xx.o
 .debug_loc     0x000000000000d078       0x81 Src/usart.o
 .debug_loc     0x000000000000d0f9      0x1ad Src/user_diskio.o

.debug_aranges  0x0000000000000000      0xff0
 .debug_aranges
                0x0000000000000000       0xd8 Drivers/STM32F1xx_HAL_Driver/Src/stm32f1xx_hal.o
 .debug_aranges
                0x00000000000000d8       0xc8 Drivers/STM32F1xx_HAL_Driver/Src/stm32f1xx_hal_can.o
 .debug_aranges
                0x00000000000001a0       0x90 Drivers/STM32F1xx_HAL_Driver/Src/stm32f1xx_hal_cortex.o
 .debug_aranges
                0x0000000000000230       0x78 Drivers/STM32F1xx_HAL_Driver/Src/stm32f1xx_hal_dma.o
 .debug_aranges
                0x00000000000002a8       0x58 Drivers/STM32F1xx_HAL_Driver/Src/stm32f1xx_hal_gpio.o
 .debug_aranges
                0x0000000000000300       0xa8 Drivers/STM32F1xx_HAL_Driver/Src/stm32f1xx_hal_pwr.o
 .debug_aranges
                0x00000000000003a8       0x88 Drivers/STM32F1xx_HAL_Driver/Src/stm32f1xx_hal_rcc.o
 .debug_aranges
                0x0000000000000430       0x30 Drivers/STM32F1xx_HAL_Driver/Src/stm32f1xx_hal_rcc_ex.o
 .debug_aranges
                0x0000000000000460       0xd8 Drivers/STM32F1xx_HAL_Driver/Src/stm32f1xx_hal_rtc.o
 .debug_aranges
                0x0000000000000538      0x188 Drivers/STM32F1xx_HAL_Driver/Src/stm32f1xx_hal_spi.o
 .debug_aranges
                0x00000000000006c0      0x170 Drivers/STM32F1xx_HAL_Driver/Src/stm32f1xx_hal_uart.o
 .debug_aranges
                0x0000000000000830       0x48 Middlewares/Third_Party/FatFs/src/diskio.o
 .debug_aranges
                0x0000000000000878      0x1b0 Middlewares/Third_Party/FatFs/src/ff.o
 .debug_aranges
                0x0000000000000a28       0x40 Middlewares/Third_Party/FatFs/src/ff_gen_drv.o
 .debug_aranges
                0x0000000000000a68      0x108 Src/GVRET.o
 .debug_aranges
                0x0000000000000b70       0x20 Src/button.o
 .debug_aranges
                0x0000000000000b90       0x30 Src/can.o
 .debug_aranges
                0x0000000000000bc0       0x20 Src/dma.o
 .debug_aranges
                0x0000000000000be0       0x38 Src/eeprom.o
 .debug_aranges
                0x0000000000000c18       0x28 Src/fatfs.o
 .debug_aranges
                0x0000000000000c40       0x90 Src/fatfs_sd.o
 .debug_aranges
                0x0000000000000cd0       0x20 Src/gpio.o
 .debug_aranges
                0x0000000000000cf0       0x18 Src/help.o
 .debug_aranges
                0x0000000000000d08       0x60 Src/main.o
 .debug_aranges
                0x0000000000000d68       0x30 Src/rtc.o
 .debug_aranges
                0x0000000000000d98       0x38 Src/spi.o
 .debug_aranges
                0x0000000000000dd0       0x20 Src/stm32f1xx_hal_msp.o
 .debug_aranges
                0x0000000000000df0       0x80 Src/stm32f1xx_it.o
 .debug_aranges
                0x0000000000000e70       0xb0 Src/syscalls.o
 .debug_aranges
                0x0000000000000f20       0x28 Src/system_stm32f1xx.o
 .debug_aranges
                0x0000000000000f48       0x40 Src/usart.o
 .debug_aranges
                0x0000000000000f88       0x40 Src/user_diskio.o
 .debug_aranges
                0x0000000000000fc8       0x28 startup/startup_stm32f103xb.o

.debug_ranges   0x0000000000000000     0x1740
 .debug_ranges  0x0000000000000000       0xc8 Drivers/STM32F1xx_HAL_Driver/Src/stm32f1xx_hal.o
 .debug_ranges  0x00000000000000c8       0xb8 Drivers/STM32F1xx_HAL_Driver/Src/stm32f1xx_hal_can.o
 .debug_ranges  0x0000000000000180      0x148 Drivers/STM32F1xx_HAL_Driver/Src/stm32f1xx_hal_cortex.o
 .debug_ranges  0x00000000000002c8       0x98 Drivers/STM32F1xx_HAL_Driver/Src/stm32f1xx_hal_dma.o
 .debug_ranges  0x0000000000000360       0x60 Drivers/STM32F1xx_HAL_Driver/Src/stm32f1xx_hal_gpio.o
 .debug_ranges  0x00000000000003c0       0x98 Drivers/STM32F1xx_HAL_Driver/Src/stm32f1xx_hal_pwr.o
 .debug_ranges  0x0000000000000458       0xa8 Drivers/STM32F1xx_HAL_Driver/Src/stm32f1xx_hal_rcc.o
 .debug_ranges  0x0000000000000500       0x40 Drivers/STM32F1xx_HAL_Driver/Src/stm32f1xx_hal_rcc_ex.o
 .debug_ranges  0x0000000000000540      0x120 Drivers/STM32F1xx_HAL_Driver/Src/stm32f1xx_hal_rtc.o
 .debug_ranges  0x0000000000000660      0x1a8 Drivers/STM32F1xx_HAL_Driver/Src/stm32f1xx_hal_spi.o
 .debug_ranges  0x0000000000000808      0x178 Drivers/STM32F1xx_HAL_Driver/Src/stm32f1xx_hal_uart.o
 .debug_ranges  0x0000000000000980       0x38 Middlewares/Third_Party/FatFs/src/diskio.o
 .debug_ranges  0x00000000000009b8      0x2e0 Middlewares/Third_Party/FatFs/src/ff.o
 .debug_ranges  0x0000000000000c98       0x30 Middlewares/Third_Party/FatFs/src/ff_gen_drv.o
 .debug_ranges  0x0000000000000cc8      0x380 Src/GVRET.o
 .debug_ranges  0x0000000000001048       0x10 Src/button.o
 .debug_ranges  0x0000000000001058       0x58 Src/can.o
 .debug_ranges  0x00000000000010b0       0x40 Src/dma.o
 .debug_ranges  0x00000000000010f0       0x28 Src/eeprom.o
 .debug_ranges  0x0000000000001118       0x18 Src/fatfs.o
 .debug_ranges  0x0000000000001130       0xb0 Src/fatfs_sd.o
 .debug_ranges  0x00000000000011e0       0x98 Src/gpio.o
 .debug_ranges  0x0000000000001278      0x140 Src/main.o
 .debug_ranges  0x00000000000013b8       0x38 Src/rtc.o
 .debug_ranges  0x00000000000013f0       0x88 Src/spi.o